ARM GAS  /var/folders/bp/ytvqs5756l50d7lg2fzmjpcr0000gn/T//ccFIxxMM.s 			page 1


   1              		.cpu cortex-m0
   2              		.arch armv6s-m
   3              		.fpu softvfp
   4              		.eabi_attribute 20, 1
   5              		.eabi_attribute 21, 1
   6              		.eabi_attribute 23, 3
   7              		.eabi_attribute 24, 1
   8              		.eabi_attribute 25, 1
   9              		.eabi_attribute 26, 1
  10              		.eabi_attribute 30, 1
  11              		.eabi_attribute 34, 0
  12              		.eabi_attribute 18, 4
  13              		.file	"button_controller.c"
  14              		.text
  15              	.Ltext0:
  16              		.cfi_sections	.debug_frame
  17              		.file 1 "Core/Src/button_controller.c"
  18              		.section	.text.read_raw_button_state,"ax",%progbits
  19              		.align	1
  20              		.syntax unified
  21              		.code	16
  22              		.thumb_func
  24              	read_raw_button_state:
  25              	.LFB40:
   1:Core/Src/button_controller.c **** #include "button_controller.h"
   2:Core/Src/button_controller.c **** #include "parameters.h"
   3:Core/Src/button_controller.c **** 
   4:Core/Src/button_controller.c **** // ------------------------------
   5:Core/Src/button_controller.c **** // Configuration Constants
   6:Core/Src/button_controller.c **** // ------------------------------
   7:Core/Src/button_controller.c **** 
   8:Core/Src/button_controller.c **** // ------------------------------
   9:Core/Src/button_controller.c **** // Internal State Variables
  10:Core/Src/button_controller.c **** // ------------------------------
  11:Core/Src/button_controller.c **** 
  12:Core/Src/button_controller.c **** static volatile bool button_pressed = false;        // Current stable state
  13:Core/Src/button_controller.c **** 
  14:Core/Src/button_controller.c **** static uint32_t press_start_time = 0;              // Timestamp when button was pressed
  15:Core/Src/button_controller.c **** static uint32_t last_release_time = 0;             // For single/double/triple press detection
  16:Core/Src/button_controller.c **** 
  17:Core/Src/button_controller.c **** static uint8_t  press_count = 0;                   // How many short presses so far
  18:Core/Src/button_controller.c **** static bool     long_press_reported = false;       // Did we already report a long press?
  19:Core/Src/button_controller.c **** 
  20:Core/Src/button_controller.c **** // Store the latest button event
  21:Core/Src/button_controller.c **** static volatile button_event_t latest_event = BUTTON_EVENT_NONE;
  22:Core/Src/button_controller.c **** 
  23:Core/Src/button_controller.c **** // ------------------------------
  24:Core/Src/button_controller.c **** // Helper Functions
  25:Core/Src/button_controller.c **** // ------------------------------
  26:Core/Src/button_controller.c **** 
  27:Core/Src/button_controller.c **** /**
  28:Core/Src/button_controller.c ****  * @brief Read the raw hardware pin state (true = pressed).
  29:Core/Src/button_controller.c ****  *        PB5 is active low: so pressed = (pin == 0).
  30:Core/Src/button_controller.c ****  */
  31:Core/Src/button_controller.c **** static bool read_raw_button_state(void)
  32:Core/Src/button_controller.c **** {
  26              		.loc 1 32 1 view -0
ARM GAS  /var/folders/bp/ytvqs5756l50d7lg2fzmjpcr0000gn/T//ccFIxxMM.s 			page 2


  27              		.cfi_startproc
  28              		@ args = 0, pretend = 0, frame = 0
  29              		@ frame_needed = 0, uses_anonymous_args = 0
  30 0000 10B5     		push	{r4, lr}
  31              	.LCFI0:
  32              		.cfi_def_cfa_offset 8
  33              		.cfi_offset 4, -8
  34              		.cfi_offset 14, -4
  33:Core/Src/button_controller.c ****     // Because the button is active low, invert the read:
  34:Core/Src/button_controller.c ****     return (HAL_GPIO_ReadPin(GPIOB, GPIO_PIN_5) == GPIO_PIN_RESET);
  35              		.loc 1 34 5 view .LVU1
  36              		.loc 1 34 13 is_stmt 0 view .LVU2
  37 0002 2021     		movs	r1, #32
  38 0004 0348     		ldr	r0, .L2
  39 0006 FFF7FEFF 		bl	HAL_GPIO_ReadPin
  40              	.LVL0:
  41              		.loc 1 34 49 discriminator 1 view .LVU3
  42 000a 4342     		rsbs	r3, r0, #0
  43 000c 5841     		adcs	r0, r0, r3
  44 000e C0B2     		uxtb	r0, r0
  35:Core/Src/button_controller.c **** }
  45              		.loc 1 35 1 view .LVU4
  46              		@ sp needed
  47 0010 10BD     		pop	{r4, pc}
  48              	.L3:
  49 0012 C046     		.align	2
  50              	.L2:
  51 0014 00040048 		.word	1207960576
  52              		.cfi_endproc
  53              	.LFE40:
  55              		.section	.text.button_controller_initialize,"ax",%progbits
  56              		.align	1
  57              		.global	button_controller_initialize
  58              		.syntax unified
  59              		.code	16
  60              		.thumb_func
  62              	button_controller_initialize:
  63              	.LFB41:
  36:Core/Src/button_controller.c **** 
  37:Core/Src/button_controller.c **** // ------------------------------
  38:Core/Src/button_controller.c **** // Public API
  39:Core/Src/button_controller.c **** // ------------------------------
  40:Core/Src/button_controller.c **** 
  41:Core/Src/button_controller.c **** void button_controller_initialize(void)
  42:Core/Src/button_controller.c **** {
  64              		.loc 1 42 1 is_stmt 1 view -0
  65              		.cfi_startproc
  66              		@ args = 0, pretend = 0, frame = 0
  67              		@ frame_needed = 0, uses_anonymous_args = 0
  68 0000 10B5     		push	{r4, lr}
  69              	.LCFI1:
  70              		.cfi_def_cfa_offset 8
  71              		.cfi_offset 4, -8
  72              		.cfi_offset 14, -4
  43:Core/Src/button_controller.c ****     // Initialize internal state:
  44:Core/Src/button_controller.c ****     button_pressed   = read_raw_button_state();
  73              		.loc 1 44 5 view .LVU6
ARM GAS  /var/folders/bp/ytvqs5756l50d7lg2fzmjpcr0000gn/T//ccFIxxMM.s 			page 3


  74              		.loc 1 44 24 is_stmt 0 view .LVU7
  75 0002 FFF7FEFF 		bl	read_raw_button_state
  76              	.LVL1:
  77              		.loc 1 44 22 discriminator 1 view .LVU8
  78 0006 074B     		ldr	r3, .L5
  79 0008 1870     		strb	r0, [r3]
  45:Core/Src/button_controller.c ****     press_start_time = 0;
  80              		.loc 1 45 5 is_stmt 1 view .LVU9
  81              		.loc 1 45 22 is_stmt 0 view .LVU10
  82 000a 074A     		ldr	r2, .L5+4
  83 000c 0023     		movs	r3, #0
  84 000e 1360     		str	r3, [r2]
  46:Core/Src/button_controller.c ****     last_release_time = 0;
  85              		.loc 1 46 5 is_stmt 1 view .LVU11
  86              		.loc 1 46 23 is_stmt 0 view .LVU12
  87 0010 064A     		ldr	r2, .L5+8
  88 0012 1360     		str	r3, [r2]
  47:Core/Src/button_controller.c ****     press_count       = 0;
  89              		.loc 1 47 5 is_stmt 1 view .LVU13
  90              		.loc 1 47 23 is_stmt 0 view .LVU14
  91 0014 064A     		ldr	r2, .L5+12
  92 0016 1370     		strb	r3, [r2]
  48:Core/Src/button_controller.c ****     long_press_reported = false;
  93              		.loc 1 48 5 is_stmt 1 view .LVU15
  94              		.loc 1 48 25 is_stmt 0 view .LVU16
  95 0018 064A     		ldr	r2, .L5+16
  96 001a 1370     		strb	r3, [r2]
  49:Core/Src/button_controller.c ****     latest_event      = BUTTON_EVENT_NONE;
  97              		.loc 1 49 5 is_stmt 1 view .LVU17
  98              		.loc 1 49 23 is_stmt 0 view .LVU18
  99 001c 064A     		ldr	r2, .L5+20
 100 001e 1370     		strb	r3, [r2]
  50:Core/Src/button_controller.c **** }
 101              		.loc 1 50 1 view .LVU19
 102              		@ sp needed
 103 0020 10BD     		pop	{r4, pc}
 104              	.L6:
 105 0022 C046     		.align	2
 106              	.L5:
 107 0024 00000000 		.word	button_pressed
 108 0028 00000000 		.word	press_start_time
 109 002c 00000000 		.word	last_release_time
 110 0030 00000000 		.word	press_count
 111 0034 00000000 		.word	long_press_reported
 112 0038 00000000 		.word	latest_event
 113              		.cfi_endproc
 114              	.LFE41:
 116              		.section	.text.button_is_pressed,"ax",%progbits
 117              		.align	1
 118              		.global	button_is_pressed
 119              		.syntax unified
 120              		.code	16
 121              		.thumb_func
 123              	button_is_pressed:
 124              	.LFB42:
  51:Core/Src/button_controller.c **** 
  52:Core/Src/button_controller.c **** /**
ARM GAS  /var/folders/bp/ytvqs5756l50d7lg2fzmjpcr0000gn/T//ccFIxxMM.s 			page 4


  53:Core/Src/button_controller.c ****  * @brief Indicates if the button is currently held down (after debounce).
  54:Core/Src/button_controller.c ****  */
  55:Core/Src/button_controller.c **** bool button_is_pressed(void)
  56:Core/Src/button_controller.c **** {
 125              		.loc 1 56 1 is_stmt 1 view -0
 126              		.cfi_startproc
 127              		@ args = 0, pretend = 0, frame = 0
 128              		@ frame_needed = 0, uses_anonymous_args = 0
 129              		@ link register save eliminated.
  57:Core/Src/button_controller.c ****     return button_pressed;
 130              		.loc 1 57 5 view .LVU21
 131              		.loc 1 57 12 is_stmt 0 view .LVU22
 132 0000 014B     		ldr	r3, .L8
 133 0002 1878     		ldrb	r0, [r3]
 134 0004 C0B2     		uxtb	r0, r0
  58:Core/Src/button_controller.c **** }
 135              		.loc 1 58 1 view .LVU23
 136              		@ sp needed
 137 0006 7047     		bx	lr
 138              	.L9:
 139              		.align	2
 140              	.L8:
 141 0008 00000000 		.word	button_pressed
 142              		.cfi_endproc
 143              	.LFE42:
 145              		.section	.text.button_controller_update,"ax",%progbits
 146              		.align	1
 147              		.global	button_controller_update
 148              		.syntax unified
 149              		.code	16
 150              		.thumb_func
 152              	button_controller_update:
 153              	.LFB43:
  59:Core/Src/button_controller.c **** 
  60:Core/Src/button_controller.c **** /**
  61:Core/Src/button_controller.c ****  * @brief Should be called periodically (10–20 ms).
  62:Core/Src/button_controller.c ****  *        Handles long-press detection and multi-press logic.
  63:Core/Src/button_controller.c ****  */
  64:Core/Src/button_controller.c **** void button_controller_update(void)
  65:Core/Src/button_controller.c **** {   
 154              		.loc 1 65 1 is_stmt 1 view -0
 155              		.cfi_startproc
 156              		@ args = 0, pretend = 0, frame = 0
 157              		@ frame_needed = 0, uses_anonymous_args = 0
 158 0000 70B5     		push	{r4, r5, r6, lr}
 159              	.LCFI2:
 160              		.cfi_def_cfa_offset 16
 161              		.cfi_offset 4, -16
 162              		.cfi_offset 5, -12
 163              		.cfi_offset 6, -8
 164              		.cfi_offset 14, -4
  66:Core/Src/button_controller.c ****     uint32_t now = HAL_GetTick();
 165              		.loc 1 66 5 view .LVU25
 166              		.loc 1 66 20 is_stmt 0 view .LVU26
 167 0002 FFF7FEFF 		bl	HAL_GetTick
 168              	.LVL2:
 169 0006 0600     		movs	r6, r0
ARM GAS  /var/folders/bp/ytvqs5756l50d7lg2fzmjpcr0000gn/T//ccFIxxMM.s 			page 5


 170              	.LVL3:
  67:Core/Src/button_controller.c ****     
  68:Core/Src/button_controller.c ****     bool button_pressed_before = button_pressed;
 171              		.loc 1 68 5 is_stmt 1 view .LVU27
 172              		.loc 1 68 10 is_stmt 0 view .LVU28
 173 0008 354D     		ldr	r5, .L24
 174 000a 2C78     		ldrb	r4, [r5]
 175 000c E4B2     		uxtb	r4, r4
 176              	.LVL4:
  69:Core/Src/button_controller.c ****     button_pressed = read_raw_button_state();
 177              		.loc 1 69 5 is_stmt 1 view .LVU29
 178              		.loc 1 69 22 is_stmt 0 view .LVU30
 179 000e FFF7FEFF 		bl	read_raw_button_state
 180              	.LVL5:
 181              		.loc 1 69 20 discriminator 1 view .LVU31
 182 0012 2870     		strb	r0, [r5]
  70:Core/Src/button_controller.c **** 
  71:Core/Src/button_controller.c ****     if (button_pressed_before != button_pressed)
 183              		.loc 1 71 5 is_stmt 1 view .LVU32
 184              		.loc 1 71 31 is_stmt 0 view .LVU33
 185 0014 2B78     		ldrb	r3, [r5]
 186              		.loc 1 71 8 view .LVU34
 187 0016 A342     		cmp	r3, r4
 188 0018 39D1     		bne	.L22
 189              	.L11:
  72:Core/Src/button_controller.c ****     {
  73:Core/Src/button_controller.c ****         uint32_t now = HAL_GetTick();
  74:Core/Src/button_controller.c ****         if ((now - press_start_time) < BUTTON_DEBOUNCE_TIME_MS)
  75:Core/Src/button_controller.c ****         {
  76:Core/Src/button_controller.c ****             // If we haven't waited enough, skip
  77:Core/Src/button_controller.c ****             return;
  78:Core/Src/button_controller.c ****         }
  79:Core/Src/button_controller.c ****     }
  80:Core/Src/button_controller.c **** 
  81:Core/Src/button_controller.c ****     // If changed from not pressed to pressed, record the time
  82:Core/Src/button_controller.c ****     if (!button_pressed_before && button_pressed)
 190              		.loc 1 82 5 is_stmt 1 view .LVU35
 191              		.loc 1 82 8 is_stmt 0 view .LVU36
 192 001a 002C     		cmp	r4, #0
 193 001c 3FD0     		beq	.L13
  83:Core/Src/button_controller.c ****     {
  84:Core/Src/button_controller.c ****         press_start_time = HAL_GetTick();
  85:Core/Src/button_controller.c ****         press_count++;
  86:Core/Src/button_controller.c ****     }
  87:Core/Src/button_controller.c **** 
  88:Core/Src/button_controller.c ****     // If changed from pressed to not pressed, record the time
  89:Core/Src/button_controller.c ****     if (button_pressed_before && !button_pressed)
 194              		.loc 1 89 5 is_stmt 1 view .LVU37
 195              		.loc 1 89 34 is_stmt 0 discriminator 1 view .LVU38
 196 001e 304B     		ldr	r3, .L24
 197 0020 1B78     		ldrb	r3, [r3]
 198              		.loc 1 89 31 discriminator 1 view .LVU39
 199 0022 002B     		cmp	r3, #0
 200 0024 48D0     		beq	.L23
 201              	.L14:
  90:Core/Src/button_controller.c ****     {
  91:Core/Src/button_controller.c ****         last_release_time = HAL_GetTick();
ARM GAS  /var/folders/bp/ytvqs5756l50d7lg2fzmjpcr0000gn/T//ccFIxxMM.s 			page 6


  92:Core/Src/button_controller.c ****         long_press_reported = false;
  93:Core/Src/button_controller.c ****     }
  94:Core/Src/button_controller.c **** 
  95:Core/Src/button_controller.c ****     // 1) Long press detection
  96:Core/Src/button_controller.c ****     //    If the button is pressed and we haven't yet reported a long press,
  97:Core/Src/button_controller.c ****     //    check if the pressed duration > BUTTON_LONG_PRESS_TIME_MS
  98:Core/Src/button_controller.c ****     if (button_pressed && !long_press_reported)
 202              		.loc 1 98 5 is_stmt 1 view .LVU40
 203              		.loc 1 98 9 is_stmt 0 view .LVU41
 204 0026 2E4B     		ldr	r3, .L24
 205 0028 1B78     		ldrb	r3, [r3]
 206              		.loc 1 98 8 view .LVU42
 207 002a 002B     		cmp	r3, #0
 208 002c 12D0     		beq	.L16
 209              		.loc 1 98 27 discriminator 1 view .LVU43
 210 002e 2D4B     		ldr	r3, .L24+4
 211 0030 1B78     		ldrb	r3, [r3]
 212              		.loc 1 98 24 discriminator 1 view .LVU44
 213 0032 002B     		cmp	r3, #0
 214 0034 0ED1     		bne	.L16
 215              	.LBB2:
  99:Core/Src/button_controller.c ****     {
 100:Core/Src/button_controller.c ****         uint32_t pressed_duration = now - press_start_time;
 216              		.loc 1 100 9 is_stmt 1 view .LVU45
 217              		.loc 1 100 41 is_stmt 0 view .LVU46
 218 0036 2C4B     		ldr	r3, .L24+8
 219 0038 1B68     		ldr	r3, [r3]
 220              		.loc 1 100 18 view .LVU47
 221 003a F31A     		subs	r3, r6, r3
 222              	.LVL6:
 101:Core/Src/button_controller.c ****         if (pressed_duration >= BUTTON_LONG_PRESS_TIME_MS)
 223              		.loc 1 101 9 is_stmt 1 view .LVU48
 224              		.loc 1 101 12 is_stmt 0 view .LVU49
 225 003c 2B4A     		ldr	r2, .L24+12
 226 003e 9342     		cmp	r3, r2
 227 0040 08D9     		bls	.L16
 102:Core/Src/button_controller.c ****         {
 103:Core/Src/button_controller.c ****             long_press_reported = true;
 228              		.loc 1 103 13 is_stmt 1 view .LVU50
 229              		.loc 1 103 33 is_stmt 0 view .LVU51
 230 0042 284B     		ldr	r3, .L24+4
 231              	.LVL7:
 232              		.loc 1 103 33 view .LVU52
 233 0044 0122     		movs	r2, #1
 234 0046 1A70     		strb	r2, [r3]
 104:Core/Src/button_controller.c ****             latest_event = BUTTON_EVENT_LONG_PRESS;
 235              		.loc 1 104 13 is_stmt 1 view .LVU53
 236              		.loc 1 104 26 is_stmt 0 view .LVU54
 237 0048 294B     		ldr	r3, .L24+16
 238 004a 0332     		adds	r2, r2, #3
 239 004c 1A70     		strb	r2, [r3]
 105:Core/Src/button_controller.c ****             // Because it's a long press, we reset multi-press logic:
 106:Core/Src/button_controller.c ****             press_count = 0;
 240              		.loc 1 106 13 is_stmt 1 view .LVU55
 241              		.loc 1 106 25 is_stmt 0 view .LVU56
 242 004e 294B     		ldr	r3, .L24+20
 243 0050 0022     		movs	r2, #0
ARM GAS  /var/folders/bp/ytvqs5756l50d7lg2fzmjpcr0000gn/T//ccFIxxMM.s 			page 7


 244 0052 1A70     		strb	r2, [r3]
 245              	.LVL8:
 246              	.L16:
 247              		.loc 1 106 25 view .LVU57
 248              	.LBE2:
 107:Core/Src/button_controller.c ****         }
 108:Core/Src/button_controller.c ****     }
 109:Core/Src/button_controller.c **** 
 110:Core/Src/button_controller.c ****     // 2) Multi-press detection
 111:Core/Src/button_controller.c ****     //    If the button is currently not pressed, and we have a press_count,
 112:Core/Src/button_controller.c ****     //    check if enough time has passed since the last release to finalize the event.
 113:Core/Src/button_controller.c ****     if (!button_pressed && press_count > 0)
 249              		.loc 1 113 5 is_stmt 1 view .LVU58
 250              		.loc 1 113 9 is_stmt 0 view .LVU59
 251 0054 224B     		ldr	r3, .L24
 252 0056 1B78     		ldrb	r3, [r3]
 253              		.loc 1 113 8 view .LVU60
 254 0058 002B     		cmp	r3, #0
 255 005a 1FD1     		bne	.L10
 256              		.loc 1 113 40 discriminator 1 view .LVU61
 257 005c 254B     		ldr	r3, .L24+20
 258 005e 1B78     		ldrb	r3, [r3]
 259              		.loc 1 113 25 discriminator 1 view .LVU62
 260 0060 002B     		cmp	r3, #0
 261 0062 1BD0     		beq	.L10
 262              	.LBB3:
 114:Core/Src/button_controller.c ****     {
 115:Core/Src/button_controller.c ****         // Time since last release
 116:Core/Src/button_controller.c ****         uint32_t delta = now - last_release_time;
 263              		.loc 1 116 9 is_stmt 1 view .LVU63
 264              		.loc 1 116 30 is_stmt 0 view .LVU64
 265 0064 244A     		ldr	r2, .L24+24
 266 0066 1268     		ldr	r2, [r2]
 267              		.loc 1 116 18 view .LVU65
 268 0068 B61A     		subs	r6, r6, r2
 269              	.LVL9:
 117:Core/Src/button_controller.c **** 
 118:Core/Src/button_controller.c ****         if (delta >= BUTTON_MULTI_PRESS_GAP_MS)
 270              		.loc 1 118 9 is_stmt 1 view .LVU66
 271              		.loc 1 118 12 is_stmt 0 view .LVU67
 272 006a FA22     		movs	r2, #250
 273 006c 5200     		lsls	r2, r2, #1
 274 006e 9642     		cmp	r6, r2
 275 0070 14D3     		bcc	.L10
 119:Core/Src/button_controller.c ****         {
 120:Core/Src/button_controller.c ****             // If we get here, no additional press happened within the multi-press gap
 121:Core/Src/button_controller.c ****             switch (press_count)
 276              		.loc 1 121 13 is_stmt 1 view .LVU68
 277 0072 022B     		cmp	r3, #2
 278 0074 28D0     		beq	.L17
 279 0076 032B     		cmp	r3, #3
 280 0078 2AD0     		beq	.L18
 281 007a 012B     		cmp	r3, #1
 282 007c 2CD1     		bne	.L19
 122:Core/Src/button_controller.c ****             {
 123:Core/Src/button_controller.c ****                 case 1:
 124:Core/Src/button_controller.c ****                     latest_event = BUTTON_EVENT_SINGLE_PRESS;
ARM GAS  /var/folders/bp/ytvqs5756l50d7lg2fzmjpcr0000gn/T//ccFIxxMM.s 			page 8


 283              		.loc 1 124 21 view .LVU69
 284              		.loc 1 124 34 is_stmt 0 view .LVU70
 285 007e 1C4B     		ldr	r3, .L24+16
 286 0080 F43A     		subs	r2, r2, #244
 287 0082 FF3A     		subs	r2, r2, #255
 288 0084 1A70     		strb	r2, [r3]
 125:Core/Src/button_controller.c ****                     break;
 289              		.loc 1 125 21 is_stmt 1 view .LVU71
 290              	.L20:
 126:Core/Src/button_controller.c ****                 case 2:
 127:Core/Src/button_controller.c ****                     latest_event = BUTTON_EVENT_DOUBLE_PRESS;
 128:Core/Src/button_controller.c ****                     break;
 129:Core/Src/button_controller.c ****                 case 3:
 130:Core/Src/button_controller.c ****                     latest_event = BUTTON_EVENT_TRIPLE_PRESS;
 131:Core/Src/button_controller.c ****                     break;
 132:Core/Src/button_controller.c ****                 default:
 133:Core/Src/button_controller.c ****                     // If more presses than 3, do whatever you want:
 134:Core/Src/button_controller.c ****                     latest_event = BUTTON_EVENT_TRIPLE_PRESS;
 135:Core/Src/button_controller.c ****                     break;
 136:Core/Src/button_controller.c ****             }
 137:Core/Src/button_controller.c ****             press_count = 0; // Reset
 291              		.loc 1 137 13 view .LVU72
 292              		.loc 1 137 25 is_stmt 0 view .LVU73
 293 0086 1B4B     		ldr	r3, .L24+20
 294 0088 0022     		movs	r2, #0
 295 008a 1A70     		strb	r2, [r3]
 296 008c 06E0     		b	.L10
 297              	.LVL10:
 298              	.L22:
 299              		.loc 1 137 25 view .LVU74
 300              	.LBE3:
 301              	.LBB4:
  73:Core/Src/button_controller.c ****         if ((now - press_start_time) < BUTTON_DEBOUNCE_TIME_MS)
 302              		.loc 1 73 9 is_stmt 1 view .LVU75
  73:Core/Src/button_controller.c ****         if ((now - press_start_time) < BUTTON_DEBOUNCE_TIME_MS)
 303              		.loc 1 73 24 is_stmt 0 view .LVU76
 304 008e FFF7FEFF 		bl	HAL_GetTick
 305              	.LVL11:
  74:Core/Src/button_controller.c ****         {
 306              		.loc 1 74 9 is_stmt 1 view .LVU77
  74:Core/Src/button_controller.c ****         {
 307              		.loc 1 74 18 is_stmt 0 view .LVU78
 308 0092 154B     		ldr	r3, .L24+8
 309 0094 1B68     		ldr	r3, [r3]
 310 0096 C01A     		subs	r0, r0, r3
 311              	.LVL12:
  74:Core/Src/button_controller.c ****         {
 312              		.loc 1 74 12 view .LVU79
 313 0098 3128     		cmp	r0, #49
 314 009a BED8     		bhi	.L11
 315              	.LVL13:
 316              	.L10:
  74:Core/Src/button_controller.c ****         {
 317              		.loc 1 74 12 view .LVU80
 318              	.LBE4:
 138:Core/Src/button_controller.c ****         }
 139:Core/Src/button_controller.c ****     }
ARM GAS  /var/folders/bp/ytvqs5756l50d7lg2fzmjpcr0000gn/T//ccFIxxMM.s 			page 9


 140:Core/Src/button_controller.c **** }
 319              		.loc 1 140 1 view .LVU81
 320              		@ sp needed
 321              	.LVL14:
 322              		.loc 1 140 1 view .LVU82
 323 009c 70BD     		pop	{r4, r5, r6, pc}
 324              	.LVL15:
 325              	.L13:
  82:Core/Src/button_controller.c ****     {
 326              		.loc 1 82 32 discriminator 1 view .LVU83
 327 009e 104B     		ldr	r3, .L24
 328 00a0 1B78     		ldrb	r3, [r3]
 329 00a2 002B     		cmp	r3, #0
 330 00a4 BFD0     		beq	.L14
  84:Core/Src/button_controller.c ****         press_count++;
 331              		.loc 1 84 9 is_stmt 1 view .LVU84
  84:Core/Src/button_controller.c ****         press_count++;
 332              		.loc 1 84 28 is_stmt 0 view .LVU85
 333 00a6 FFF7FEFF 		bl	HAL_GetTick
 334              	.LVL16:
  84:Core/Src/button_controller.c ****         press_count++;
 335              		.loc 1 84 26 discriminator 1 view .LVU86
 336 00aa 0F4B     		ldr	r3, .L24+8
 337 00ac 1860     		str	r0, [r3]
  85:Core/Src/button_controller.c ****     }
 338              		.loc 1 85 9 is_stmt 1 view .LVU87
  85:Core/Src/button_controller.c ****     }
 339              		.loc 1 85 20 is_stmt 0 view .LVU88
 340 00ae 114A     		ldr	r2, .L24+20
 341 00b0 1378     		ldrb	r3, [r2]
 342 00b2 0133     		adds	r3, r3, #1
 343 00b4 1370     		strb	r3, [r2]
 344 00b6 B6E7     		b	.L14
 345              	.L23:
  91:Core/Src/button_controller.c ****         long_press_reported = false;
 346              		.loc 1 91 9 is_stmt 1 view .LVU89
  91:Core/Src/button_controller.c ****         long_press_reported = false;
 347              		.loc 1 91 29 is_stmt 0 view .LVU90
 348 00b8 FFF7FEFF 		bl	HAL_GetTick
 349              	.LVL17:
  91:Core/Src/button_controller.c ****         long_press_reported = false;
 350              		.loc 1 91 27 discriminator 1 view .LVU91
 351 00bc 0E4B     		ldr	r3, .L24+24
 352 00be 1860     		str	r0, [r3]
  92:Core/Src/button_controller.c ****     }
 353              		.loc 1 92 9 is_stmt 1 view .LVU92
  92:Core/Src/button_controller.c ****     }
 354              		.loc 1 92 29 is_stmt 0 view .LVU93
 355 00c0 084B     		ldr	r3, .L24+4
 356 00c2 0022     		movs	r2, #0
 357 00c4 1A70     		strb	r2, [r3]
 358 00c6 AEE7     		b	.L14
 359              	.LVL18:
 360              	.L17:
 361              	.LBB5:
 127:Core/Src/button_controller.c ****                     break;
 362              		.loc 1 127 21 is_stmt 1 view .LVU94
ARM GAS  /var/folders/bp/ytvqs5756l50d7lg2fzmjpcr0000gn/T//ccFIxxMM.s 			page 10


 127:Core/Src/button_controller.c ****                     break;
 363              		.loc 1 127 34 is_stmt 0 view .LVU95
 364 00c8 094B     		ldr	r3, .L24+16
 365 00ca 0222     		movs	r2, #2
 366 00cc 1A70     		strb	r2, [r3]
 128:Core/Src/button_controller.c ****                 case 3:
 367              		.loc 1 128 21 is_stmt 1 view .LVU96
 368 00ce DAE7     		b	.L20
 369              	.L18:
 130:Core/Src/button_controller.c ****                     break;
 370              		.loc 1 130 21 view .LVU97
 130:Core/Src/button_controller.c ****                     break;
 371              		.loc 1 130 34 is_stmt 0 view .LVU98
 372 00d0 074B     		ldr	r3, .L24+16
 373 00d2 0322     		movs	r2, #3
 374 00d4 1A70     		strb	r2, [r3]
 131:Core/Src/button_controller.c ****                 default:
 375              		.loc 1 131 21 is_stmt 1 view .LVU99
 376 00d6 D6E7     		b	.L20
 377              	.L19:
 134:Core/Src/button_controller.c ****                     break;
 378              		.loc 1 134 21 view .LVU100
 134:Core/Src/button_controller.c ****                     break;
 379              		.loc 1 134 34 is_stmt 0 view .LVU101
 380 00d8 054B     		ldr	r3, .L24+16
 381 00da 0322     		movs	r2, #3
 382 00dc 1A70     		strb	r2, [r3]
 135:Core/Src/button_controller.c ****             }
 383              		.loc 1 135 21 is_stmt 1 view .LVU102
 384 00de D2E7     		b	.L20
 385              	.L25:
 386              		.align	2
 387              	.L24:
 388 00e0 00000000 		.word	button_pressed
 389 00e4 00000000 		.word	long_press_reported
 390 00e8 00000000 		.word	press_start_time
 391 00ec B70B0000 		.word	2999
 392 00f0 00000000 		.word	latest_event
 393 00f4 00000000 		.word	press_count
 394 00f8 00000000 		.word	last_release_time
 395              	.LBE5:
 396              		.cfi_endproc
 397              	.LFE43:
 399              		.section	.text.button_controller_get_event,"ax",%progbits
 400              		.align	1
 401              		.global	button_controller_get_event
 402              		.syntax unified
 403              		.code	16
 404              		.thumb_func
 406              	button_controller_get_event:
 407              	.LFB44:
 141:Core/Src/button_controller.c **** 
 142:Core/Src/button_controller.c **** /**
 143:Core/Src/button_controller.c ****  * @brief Returns the latest detected event and clears it from internal storage.
 144:Core/Src/button_controller.c ****  */
 145:Core/Src/button_controller.c **** button_event_t button_controller_get_event(void)
 146:Core/Src/button_controller.c **** {
ARM GAS  /var/folders/bp/ytvqs5756l50d7lg2fzmjpcr0000gn/T//ccFIxxMM.s 			page 11


 408              		.loc 1 146 1 view -0
 409              		.cfi_startproc
 410              		@ args = 0, pretend = 0, frame = 0
 411              		@ frame_needed = 0, uses_anonymous_args = 0
 412              		@ link register save eliminated.
 147:Core/Src/button_controller.c ****     button_event_t ev = latest_event;
 413              		.loc 1 147 5 view .LVU104
 414              		.loc 1 147 20 is_stmt 0 view .LVU105
 415 0000 024B     		ldr	r3, .L27
 416 0002 1878     		ldrb	r0, [r3]
 417 0004 C0B2     		uxtb	r0, r0
 418              	.LVL19:
 148:Core/Src/button_controller.c ****     latest_event = BUTTON_EVENT_NONE;
 419              		.loc 1 148 5 is_stmt 1 view .LVU106
 420              		.loc 1 148 18 is_stmt 0 view .LVU107
 421 0006 0022     		movs	r2, #0
 422 0008 1A70     		strb	r2, [r3]
 149:Core/Src/button_controller.c ****     return ev;
 423              		.loc 1 149 5 is_stmt 1 view .LVU108
 150:Core/Src/button_controller.c **** }
 424              		.loc 1 150 1 is_stmt 0 view .LVU109
 425              		@ sp needed
 426 000a 7047     		bx	lr
 427              	.L28:
 428              		.align	2
 429              	.L27:
 430 000c 00000000 		.word	latest_event
 431              		.cfi_endproc
 432              	.LFE44:
 434              		.section	.bss.latest_event,"aw",%nobits
 437              	latest_event:
 438 0000 00       		.space	1
 439              		.section	.bss.long_press_reported,"aw",%nobits
 442              	long_press_reported:
 443 0000 00       		.space	1
 444              		.section	.bss.press_count,"aw",%nobits
 447              	press_count:
 448 0000 00       		.space	1
 449              		.section	.bss.last_release_time,"aw",%nobits
 450              		.align	2
 453              	last_release_time:
 454 0000 00000000 		.space	4
 455              		.section	.bss.press_start_time,"aw",%nobits
 456              		.align	2
 459              	press_start_time:
 460 0000 00000000 		.space	4
 461              		.section	.bss.button_pressed,"aw",%nobits
 464              	button_pressed:
 465 0000 00       		.space	1
 466              		.text
 467              	.Letext0:
 468              		.file 2 "/Applications/ArmGNUToolchain/14.2.rel1/arm-none-eabi/arm-none-eabi/include/machine/_defa
 469              		.file 3 "/Applications/ArmGNUToolchain/14.2.rel1/arm-none-eabi/arm-none-eabi/include/sys/_stdint.h
 470              		.file 4 "Drivers/CMSIS/Device/ST/STM32F0xx/Include/stm32f030x8.h"
 471              		.file 5 "Drivers/STM32F0xx_HAL_Driver/Inc/stm32f0xx_hal_gpio.h"
 472              		.file 6 "Core/Inc/button_controller.h"
 473              		.file 7 "Drivers/STM32F0xx_HAL_Driver/Inc/stm32f0xx_hal.h"
ARM GAS  /var/folders/bp/ytvqs5756l50d7lg2fzmjpcr0000gn/T//ccFIxxMM.s 			page 12


ARM GAS  /var/folders/bp/ytvqs5756l50d7lg2fzmjpcr0000gn/T//ccFIxxMM.s 			page 13


DEFINED SYMBOLS
                            *ABS*:00000000 button_controller.c
/var/folders/bp/ytvqs5756l50d7lg2fzmjpcr0000gn/T//ccFIxxMM.s:19     .text.read_raw_button_state:00000000 $t
/var/folders/bp/ytvqs5756l50d7lg2fzmjpcr0000gn/T//ccFIxxMM.s:24     .text.read_raw_button_state:00000000 read_raw_button_state
/var/folders/bp/ytvqs5756l50d7lg2fzmjpcr0000gn/T//ccFIxxMM.s:51     .text.read_raw_button_state:00000014 $d
/var/folders/bp/ytvqs5756l50d7lg2fzmjpcr0000gn/T//ccFIxxMM.s:56     .text.button_controller_initialize:00000000 $t
/var/folders/bp/ytvqs5756l50d7lg2fzmjpcr0000gn/T//ccFIxxMM.s:62     .text.button_controller_initialize:00000000 button_controller_initialize
/var/folders/bp/ytvqs5756l50d7lg2fzmjpcr0000gn/T//ccFIxxMM.s:107    .text.button_controller_initialize:00000024 $d
/var/folders/bp/ytvqs5756l50d7lg2fzmjpcr0000gn/T//ccFIxxMM.s:464    .bss.button_pressed:00000000 button_pressed
/var/folders/bp/ytvqs5756l50d7lg2fzmjpcr0000gn/T//ccFIxxMM.s:459    .bss.press_start_time:00000000 press_start_time
/var/folders/bp/ytvqs5756l50d7lg2fzmjpcr0000gn/T//ccFIxxMM.s:453    .bss.last_release_time:00000000 last_release_time
/var/folders/bp/ytvqs5756l50d7lg2fzmjpcr0000gn/T//ccFIxxMM.s:447    .bss.press_count:00000000 press_count
/var/folders/bp/ytvqs5756l50d7lg2fzmjpcr0000gn/T//ccFIxxMM.s:442    .bss.long_press_reported:00000000 long_press_reported
/var/folders/bp/ytvqs5756l50d7lg2fzmjpcr0000gn/T//ccFIxxMM.s:437    .bss.latest_event:00000000 latest_event
/var/folders/bp/ytvqs5756l50d7lg2fzmjpcr0000gn/T//ccFIxxMM.s:117    .text.button_is_pressed:00000000 $t
/var/folders/bp/ytvqs5756l50d7lg2fzmjpcr0000gn/T//ccFIxxMM.s:123    .text.button_is_pressed:00000000 button_is_pressed
/var/folders/bp/ytvqs5756l50d7lg2fzmjpcr0000gn/T//ccFIxxMM.s:141    .text.button_is_pressed:00000008 $d
/var/folders/bp/ytvqs5756l50d7lg2fzmjpcr0000gn/T//ccFIxxMM.s:146    .text.button_controller_update:00000000 $t
/var/folders/bp/ytvqs5756l50d7lg2fzmjpcr0000gn/T//ccFIxxMM.s:152    .text.button_controller_update:00000000 button_controller_update
/var/folders/bp/ytvqs5756l50d7lg2fzmjpcr0000gn/T//ccFIxxMM.s:388    .text.button_controller_update:000000e0 $d
/var/folders/bp/ytvqs5756l50d7lg2fzmjpcr0000gn/T//ccFIxxMM.s:400    .text.button_controller_get_event:00000000 $t
/var/folders/bp/ytvqs5756l50d7lg2fzmjpcr0000gn/T//ccFIxxMM.s:406    .text.button_controller_get_event:00000000 button_controller_get_event
/var/folders/bp/ytvqs5756l50d7lg2fzmjpcr0000gn/T//ccFIxxMM.s:430    .text.button_controller_get_event:0000000c $d
/var/folders/bp/ytvqs5756l50d7lg2fzmjpcr0000gn/T//ccFIxxMM.s:438    .bss.latest_event:00000000 $d
/var/folders/bp/ytvqs5756l50d7lg2fzmjpcr0000gn/T//ccFIxxMM.s:443    .bss.long_press_reported:00000000 $d
/var/folders/bp/ytvqs5756l50d7lg2fzmjpcr0000gn/T//ccFIxxMM.s:448    .bss.press_count:00000000 $d
/var/folders/bp/ytvqs5756l50d7lg2fzmjpcr0000gn/T//ccFIxxMM.s:450    .bss.last_release_time:00000000 $d
/var/folders/bp/ytvqs5756l50d7lg2fzmjpcr0000gn/T//ccFIxxMM.s:456    .bss.press_start_time:00000000 $d
/var/folders/bp/ytvqs5756l50d7lg2fzmjpcr0000gn/T//ccFIxxMM.s:465    .bss.button_pressed:00000000 $d

UNDEFINED SYMBOLS
HAL_GPIO_ReadPin
HAL_GetTick
