ARM GAS  /var/folders/bp/ytvqs5756l50d7lg2fzmjpcr0000gn/T//ccvpiNZc.s 			page 1


   1              		.cpu cortex-m0
   2              		.arch armv6s-m
   3              		.fpu softvfp
   4              		.eabi_attribute 20, 1
   5              		.eabi_attribute 21, 1
   6              		.eabi_attribute 23, 3
   7              		.eabi_attribute 24, 1
   8              		.eabi_attribute 25, 1
   9              		.eabi_attribute 26, 1
  10              		.eabi_attribute 30, 1
  11              		.eabi_attribute 34, 0
  12              		.eabi_attribute 18, 4
  13              		.file	"led_controller.c"
  14              		.text
  15              	.Ltext0:
  16              		.cfi_sections	.debug_frame
  17              		.file 1 "Core/Src/led_controller.c"
  18              		.section	.text.update_pwm,"ax",%progbits
  19              		.align	1
  20              		.syntax unified
  21              		.code	16
  22              		.thumb_func
  24              	update_pwm:
  25              	.LVL0:
  26              	.LFB40:
   1:Core/Src/led_controller.c **** #include "led_controller.h"
   2:Core/Src/led_controller.c **** #include "main.h"  // For external reference to htim16
   3:Core/Src/led_controller.c **** #include "parameters.h"
   4:Core/Src/led_controller.c **** 
   5:Core/Src/led_controller.c **** // External TIM handle from main.c
   6:Core/Src/led_controller.c **** extern TIM_HandleTypeDef htim16;
   7:Core/Src/led_controller.c **** 
   8:Core/Src/led_controller.c **** // Internal state structure for non-blocking LED sequences.
   9:Core/Src/led_controller.c **** typedef struct {
  10:Core/Src/led_controller.c ****     led_sequence_t sequence;   // Current sequence.
  11:Core/Src/led_controller.c ****     bool active;               // True if a sequence is running.
  12:Core/Src/led_controller.c ****     uint32_t next_update;      // Next update time (in ms from HAL_GetTick()).
  13:Core/Src/led_controller.c ****     uint8_t current_blink;     // Number of blinks completed (for blink sequences).
  14:Core/Src/led_controller.c ****     uint8_t substate;          // Used to differentiate phases (e.g. 0 = off, 1 = on).
  15:Core/Src/led_controller.c ****     // Variables for fade in/out sequence:
  16:Core/Src/led_controller.c ****     uint8_t brightness;        // Current brightness (0-100).
  17:Core/Src/led_controller.c ****     int8_t fade_direction;     // +1 for fading in, -1 for fading out.
  18:Core/Src/led_controller.c **** } led_state_t;
  19:Core/Src/led_controller.c **** 
  20:Core/Src/led_controller.c **** static led_state_t led_state;
  21:Core/Src/led_controller.c **** 
  22:Core/Src/led_controller.c **** /**
  23:Core/Src/led_controller.c ****  * @brief Internal function: update PWM duty cycle from percentage.
  24:Core/Src/led_controller.c ****  */
  25:Core/Src/led_controller.c **** static void update_pwm(uint8_t percent)
  26:Core/Src/led_controller.c **** {
  27              		.loc 1 26 1 view -0
  28              		.cfi_startproc
  29              		@ args = 0, pretend = 0, frame = 0
  30              		@ frame_needed = 0, uses_anonymous_args = 0
  31              		.loc 1 26 1 is_stmt 0 view .LVU1
  32 0000 10B5     		push	{r4, lr}
ARM GAS  /var/folders/bp/ytvqs5756l50d7lg2fzmjpcr0000gn/T//ccvpiNZc.s 			page 2


  33              	.LCFI0:
  34              		.cfi_def_cfa_offset 8
  35              		.cfi_offset 4, -8
  36              		.cfi_offset 14, -4
  27:Core/Src/led_controller.c ****     if (percent > 100) {
  37              		.loc 1 27 5 is_stmt 1 view .LVU2
  38              		.loc 1 27 8 is_stmt 0 view .LVU3
  39 0002 6428     		cmp	r0, #100
  40 0004 00D9     		bls	.L2
  28:Core/Src/led_controller.c ****         percent = 100;
  41              		.loc 1 28 17 view .LVU4
  42 0006 6420     		movs	r0, #100
  43              	.LVL1:
  44              	.L2:
  29:Core/Src/led_controller.c ****     }
  30:Core/Src/led_controller.c ****     // Map 0..100% to 0..65535.
  31:Core/Src/led_controller.c ****     uint16_t duty_cycle = (uint16_t)((65535UL * percent) / 100UL);
  45              		.loc 1 31 5 is_stmt 1 view .LVU5
  46              		.loc 1 31 47 is_stmt 0 view .LVU6
  47 0008 0304     		lsls	r3, r0, #16
  48 000a 181A     		subs	r0, r3, r0
  49              	.LVL2:
  50              		.loc 1 31 58 view .LVU7
  51 000c 6421     		movs	r1, #100
  52 000e FFF7FEFF 		bl	__aeabi_uidiv
  53              	.LVL3:
  32:Core/Src/led_controller.c ****     __HAL_TIM_SET_COMPARE(&htim16, TIM_CHANNEL_1, duty_cycle);
  54              		.loc 1 32 5 is_stmt 1 view .LVU8
  55 0012 034B     		ldr	r3, .L4
  56 0014 1B68     		ldr	r3, [r3]
  57 0016 0004     		lsls	r0, r0, #16
  58              	.LVL4:
  59              		.loc 1 32 5 is_stmt 0 view .LVU9
  60 0018 000C     		lsrs	r0, r0, #16
  61 001a 5863     		str	r0, [r3, #52]
  33:Core/Src/led_controller.c **** }
  62              		.loc 1 33 1 view .LVU10
  63              		@ sp needed
  64 001c 10BD     		pop	{r4, pc}
  65              	.L5:
  66 001e C046     		.align	2
  67              	.L4:
  68 0020 00000000 		.word	htim16
  69              		.cfi_endproc
  70              	.LFE40:
  72              		.section	.text.led_controller_initialize,"ax",%progbits
  73              		.align	1
  74              		.global	led_controller_initialize
  75              		.syntax unified
  76              		.code	16
  77              		.thumb_func
  79              	led_controller_initialize:
  80              	.LFB41:
  34:Core/Src/led_controller.c **** 
  35:Core/Src/led_controller.c **** void led_controller_initialize(void)
  36:Core/Src/led_controller.c **** {
  81              		.loc 1 36 1 is_stmt 1 view -0
ARM GAS  /var/folders/bp/ytvqs5756l50d7lg2fzmjpcr0000gn/T//ccvpiNZc.s 			page 3


  82              		.cfi_startproc
  83              		@ args = 0, pretend = 0, frame = 0
  84              		@ frame_needed = 0, uses_anonymous_args = 0
  85 0000 10B5     		push	{r4, lr}
  86              	.LCFI1:
  87              		.cfi_def_cfa_offset 8
  88              		.cfi_offset 4, -8
  89              		.cfi_offset 14, -4
  37:Core/Src/led_controller.c ****     // Start PWM on TIM16 Channel 1.
  38:Core/Src/led_controller.c ****     HAL_TIM_PWM_Start(&htim16, TIM_CHANNEL_1);
  90              		.loc 1 38 5 view .LVU12
  91 0002 0748     		ldr	r0, .L7
  92 0004 0021     		movs	r1, #0
  93 0006 FFF7FEFF 		bl	HAL_TIM_PWM_Start
  94              	.LVL5:
  39:Core/Src/led_controller.c **** 
  40:Core/Src/led_controller.c ****     // Initialize state.
  41:Core/Src/led_controller.c ****     led_state.sequence      = LED_SEQ_NONE;
  95              		.loc 1 41 5 view .LVU13
  96              		.loc 1 41 29 is_stmt 0 view .LVU14
  97 000a 064B     		ldr	r3, .L7+4
  98 000c 0022     		movs	r2, #0
  99 000e 1A70     		strb	r2, [r3]
  42:Core/Src/led_controller.c ****     led_state.active        = false;
 100              		.loc 1 42 5 is_stmt 1 view .LVU15
 101              		.loc 1 42 29 is_stmt 0 view .LVU16
 102 0010 5A70     		strb	r2, [r3, #1]
  43:Core/Src/led_controller.c ****     led_state.next_update   = 0;
 103              		.loc 1 43 5 is_stmt 1 view .LVU17
 104              		.loc 1 43 29 is_stmt 0 view .LVU18
 105 0012 5A60     		str	r2, [r3, #4]
  44:Core/Src/led_controller.c ****     led_state.current_blink = 0;
 106              		.loc 1 44 5 is_stmt 1 view .LVU19
 107              		.loc 1 44 29 is_stmt 0 view .LVU20
 108 0014 1A72     		strb	r2, [r3, #8]
  45:Core/Src/led_controller.c ****     led_state.substate      = 0;
 109              		.loc 1 45 5 is_stmt 1 view .LVU21
 110              		.loc 1 45 29 is_stmt 0 view .LVU22
 111 0016 5A72     		strb	r2, [r3, #9]
  46:Core/Src/led_controller.c ****     led_state.brightness    = 0;
 112              		.loc 1 46 5 is_stmt 1 view .LVU23
 113              		.loc 1 46 29 is_stmt 0 view .LVU24
 114 0018 9A72     		strb	r2, [r3, #10]
  47:Core/Src/led_controller.c ****     led_state.fade_direction = 1;
 115              		.loc 1 47 5 is_stmt 1 view .LVU25
 116              		.loc 1 47 30 is_stmt 0 view .LVU26
 117 001a 0132     		adds	r2, r2, #1
 118 001c DA72     		strb	r2, [r3, #11]
  48:Core/Src/led_controller.c **** }
 119              		.loc 1 48 1 view .LVU27
 120              		@ sp needed
 121 001e 10BD     		pop	{r4, pc}
 122              	.L8:
 123              		.align	2
 124              	.L7:
 125 0020 00000000 		.word	htim16
 126 0024 00000000 		.word	led_state
ARM GAS  /var/folders/bp/ytvqs5756l50d7lg2fzmjpcr0000gn/T//ccvpiNZc.s 			page 4


 127              		.cfi_endproc
 128              	.LFE41:
 130              		.section	.text.led_on,"ax",%progbits
 131              		.align	1
 132              		.global	led_on
 133              		.syntax unified
 134              		.code	16
 135              		.thumb_func
 137              	led_on:
 138              	.LVL6:
 139              	.LFB42:
  49:Core/Src/led_controller.c **** 
  50:Core/Src/led_controller.c **** void led_on(uint8_t percent)
  51:Core/Src/led_controller.c **** {
 140              		.loc 1 51 1 is_stmt 1 view -0
 141              		.cfi_startproc
 142              		@ args = 0, pretend = 0, frame = 0
 143              		@ frame_needed = 0, uses_anonymous_args = 0
 144              		.loc 1 51 1 is_stmt 0 view .LVU29
 145 0000 10B5     		push	{r4, lr}
 146              	.LCFI2:
 147              		.cfi_def_cfa_offset 8
 148              		.cfi_offset 4, -8
 149              		.cfi_offset 14, -4
  52:Core/Src/led_controller.c ****     // Immediately set LED brightness.
  53:Core/Src/led_controller.c ****     update_pwm(percent);
 150              		.loc 1 53 5 is_stmt 1 view .LVU30
 151 0002 FFF7FEFF 		bl	update_pwm
 152              	.LVL7:
  54:Core/Src/led_controller.c ****     // Optionally, if you want to cancel any running sequence on manual control:
  55:Core/Src/led_controller.c ****     // led_state.active = false;
  56:Core/Src/led_controller.c ****     // led_state.sequence = LED_SEQ_NONE;
  57:Core/Src/led_controller.c **** }
 153              		.loc 1 57 1 is_stmt 0 view .LVU31
 154              		@ sp needed
 155 0006 10BD     		pop	{r4, pc}
 156              		.cfi_endproc
 157              	.LFE42:
 159              		.section	.text.led_off,"ax",%progbits
 160              		.align	1
 161              		.global	led_off
 162              		.syntax unified
 163              		.code	16
 164              		.thumb_func
 166              	led_off:
 167              	.LFB43:
  58:Core/Src/led_controller.c **** 
  59:Core/Src/led_controller.c **** void led_off(void)
  60:Core/Src/led_controller.c **** {
 168              		.loc 1 60 1 is_stmt 1 view -0
 169              		.cfi_startproc
 170              		@ args = 0, pretend = 0, frame = 0
 171              		@ frame_needed = 0, uses_anonymous_args = 0
 172 0000 10B5     		push	{r4, lr}
 173              	.LCFI3:
 174              		.cfi_def_cfa_offset 8
 175              		.cfi_offset 4, -8
ARM GAS  /var/folders/bp/ytvqs5756l50d7lg2fzmjpcr0000gn/T//ccvpiNZc.s 			page 5


 176              		.cfi_offset 14, -4
  61:Core/Src/led_controller.c ****     update_pwm(0);
 177              		.loc 1 61 5 view .LVU33
 178 0002 0020     		movs	r0, #0
 179 0004 FFF7FEFF 		bl	update_pwm
 180              	.LVL8:
  62:Core/Src/led_controller.c ****     // Optionally cancel any running sequence if manual off is desired.
  63:Core/Src/led_controller.c ****     // led_state.active = false;
  64:Core/Src/led_controller.c ****     // led_state.sequence = LED_SEQ_NONE;
  65:Core/Src/led_controller.c **** }
 181              		.loc 1 65 1 is_stmt 0 view .LVU34
 182              		@ sp needed
 183 0008 10BD     		pop	{r4, pc}
 184              		.cfi_endproc
 185              	.LFE43:
 187              		.section	.text.led_execute_sequence,"ax",%progbits
 188              		.align	1
 189              		.global	led_execute_sequence
 190              		.syntax unified
 191              		.code	16
 192              		.thumb_func
 194              	led_execute_sequence:
 195              	.LVL9:
 196              	.LFB44:
  66:Core/Src/led_controller.c **** 
  67:Core/Src/led_controller.c **** void led_execute_sequence(led_sequence_t sequence)
  68:Core/Src/led_controller.c **** {
 197              		.loc 1 68 1 is_stmt 1 view -0
 198              		.cfi_startproc
 199              		@ args = 0, pretend = 0, frame = 0
 200              		@ frame_needed = 0, uses_anonymous_args = 0
 201              		.loc 1 68 1 is_stmt 0 view .LVU36
 202 0000 10B5     		push	{r4, lr}
 203              	.LCFI4:
 204              		.cfi_def_cfa_offset 8
 205              		.cfi_offset 4, -8
 206              		.cfi_offset 14, -4
  69:Core/Src/led_controller.c ****     // Set the desired sequence.
  70:Core/Src/led_controller.c ****     led_state.sequence = sequence;
 207              		.loc 1 70 5 is_stmt 1 view .LVU37
 208              		.loc 1 70 24 is_stmt 0 view .LVU38
 209 0002 094B     		ldr	r3, .L14
 210 0004 1870     		strb	r0, [r3]
  71:Core/Src/led_controller.c ****     led_state.active = true;
 211              		.loc 1 71 5 is_stmt 1 view .LVU39
 212              		.loc 1 71 22 is_stmt 0 view .LVU40
 213 0006 0122     		movs	r2, #1
 214 0008 5A70     		strb	r2, [r3, #1]
  72:Core/Src/led_controller.c ****     led_state.current_blink = 0;
 215              		.loc 1 72 5 is_stmt 1 view .LVU41
 216              		.loc 1 72 29 is_stmt 0 view .LVU42
 217 000a 0022     		movs	r2, #0
 218 000c 1A72     		strb	r2, [r3, #8]
  73:Core/Src/led_controller.c ****     led_state.substate = 0;
 219              		.loc 1 73 5 is_stmt 1 view .LVU43
 220              		.loc 1 73 24 is_stmt 0 view .LVU44
 221 000e 5A72     		strb	r2, [r3, #9]
ARM GAS  /var/folders/bp/ytvqs5756l50d7lg2fzmjpcr0000gn/T//ccvpiNZc.s 			page 6


  74:Core/Src/led_controller.c ****     // For fade sequence, initialize brightness and direction.
  75:Core/Src/led_controller.c ****     if (sequence == LED_SEQ_FADE_IN_OUT) {
 222              		.loc 1 75 5 is_stmt 1 view .LVU45
 223              		.loc 1 75 8 is_stmt 0 view .LVU46
 224 0010 0328     		cmp	r0, #3
 225 0012 04D0     		beq	.L13
 226              	.L12:
  76:Core/Src/led_controller.c ****         led_state.brightness = 0;
  77:Core/Src/led_controller.c ****         led_state.fade_direction = 1;
  78:Core/Src/led_controller.c ****     }
  79:Core/Src/led_controller.c ****     // Set next update time to start immediately.
  80:Core/Src/led_controller.c ****     led_state.next_update = HAL_GetTick();
 227              		.loc 1 80 5 is_stmt 1 view .LVU47
 228              		.loc 1 80 29 is_stmt 0 view .LVU48
 229 0014 FFF7FEFF 		bl	HAL_GetTick
 230              	.LVL10:
 231              		.loc 1 80 27 discriminator 1 view .LVU49
 232 0018 034B     		ldr	r3, .L14
 233 001a 5860     		str	r0, [r3, #4]
  81:Core/Src/led_controller.c **** }
 234              		.loc 1 81 1 view .LVU50
 235              		@ sp needed
 236 001c 10BD     		pop	{r4, pc}
 237              	.LVL11:
 238              	.L13:
  76:Core/Src/led_controller.c ****         led_state.brightness = 0;
 239              		.loc 1 76 9 is_stmt 1 view .LVU51
  76:Core/Src/led_controller.c ****         led_state.brightness = 0;
 240              		.loc 1 76 30 is_stmt 0 view .LVU52
 241 001e 9A72     		strb	r2, [r3, #10]
  77:Core/Src/led_controller.c ****     }
 242              		.loc 1 77 9 is_stmt 1 view .LVU53
  77:Core/Src/led_controller.c ****     }
 243              		.loc 1 77 34 is_stmt 0 view .LVU54
 244 0020 0132     		adds	r2, r2, #1
 245 0022 DA72     		strb	r2, [r3, #11]
 246 0024 F6E7     		b	.L12
 247              	.L15:
 248 0026 C046     		.align	2
 249              	.L14:
 250 0028 00000000 		.word	led_state
 251              		.cfi_endproc
 252              	.LFE44:
 254              		.section	.text.led_is_sequence_running,"ax",%progbits
 255              		.align	1
 256              		.global	led_is_sequence_running
 257              		.syntax unified
 258              		.code	16
 259              		.thumb_func
 261              	led_is_sequence_running:
 262              	.LFB45:
  82:Core/Src/led_controller.c **** 
  83:Core/Src/led_controller.c **** bool led_is_sequence_running(void)
  84:Core/Src/led_controller.c **** {
 263              		.loc 1 84 1 is_stmt 1 view -0
 264              		.cfi_startproc
 265              		@ args = 0, pretend = 0, frame = 0
ARM GAS  /var/folders/bp/ytvqs5756l50d7lg2fzmjpcr0000gn/T//ccvpiNZc.s 			page 7


 266              		@ frame_needed = 0, uses_anonymous_args = 0
 267              		@ link register save eliminated.
  85:Core/Src/led_controller.c ****     return led_state.active;
 268              		.loc 1 85 5 view .LVU56
 269              		.loc 1 85 21 is_stmt 0 view .LVU57
 270 0000 014B     		ldr	r3, .L17
 271              		.loc 1 85 21 discriminator 1 view .LVU58
 272 0002 5878     		ldrb	r0, [r3, #1]
  86:Core/Src/led_controller.c **** }
 273              		.loc 1 86 1 view .LVU59
 274              		@ sp needed
 275 0004 7047     		bx	lr
 276              	.L18:
 277 0006 C046     		.align	2
 278              	.L17:
 279 0008 00000000 		.word	led_state
 280              		.cfi_endproc
 281              	.LFE45:
 283              		.section	.text.led_controller_update,"ax",%progbits
 284              		.align	1
 285              		.global	led_controller_update
 286              		.syntax unified
 287              		.code	16
 288              		.thumb_func
 290              	led_controller_update:
 291              	.LFB46:
  87:Core/Src/led_controller.c **** 
  88:Core/Src/led_controller.c **** void led_controller_update(void)
  89:Core/Src/led_controller.c **** {
 292              		.loc 1 89 1 is_stmt 1 view -0
 293              		.cfi_startproc
 294              		@ args = 0, pretend = 0, frame = 0
 295              		@ frame_needed = 0, uses_anonymous_args = 0
 296 0000 70B5     		push	{r4, r5, r6, lr}
 297              	.LCFI5:
 298              		.cfi_def_cfa_offset 16
 299              		.cfi_offset 4, -16
 300              		.cfi_offset 5, -12
 301              		.cfi_offset 6, -8
 302              		.cfi_offset 14, -4
  90:Core/Src/led_controller.c ****     if (!led_state.active || led_state.sequence == LED_SEQ_NONE)
 303              		.loc 1 90 5 view .LVU61
 304              		.loc 1 90 19 is_stmt 0 view .LVU62
 305 0002 434B     		ldr	r3, .L27
 306 0004 5B78     		ldrb	r3, [r3, #1]
 307              		.loc 1 90 8 view .LVU63
 308 0006 002B     		cmp	r3, #0
 309 0008 03D0     		beq	.L19
 310              		.loc 1 90 39 discriminator 1 view .LVU64
 311 000a 414B     		ldr	r3, .L27
 312 000c 1B78     		ldrb	r3, [r3]
 313              		.loc 1 90 27 discriminator 1 view .LVU65
 314 000e 002B     		cmp	r3, #0
 315 0010 00D1     		bne	.L26
 316              	.L19:
  91:Core/Src/led_controller.c ****     {
  92:Core/Src/led_controller.c ****         return;
ARM GAS  /var/folders/bp/ytvqs5756l50d7lg2fzmjpcr0000gn/T//ccvpiNZc.s 			page 8


  93:Core/Src/led_controller.c ****     }
  94:Core/Src/led_controller.c **** 
  95:Core/Src/led_controller.c ****     uint32_t now = HAL_GetTick();
  96:Core/Src/led_controller.c **** 
  97:Core/Src/led_controller.c ****     switch (led_state.sequence)
  98:Core/Src/led_controller.c ****     {
  99:Core/Src/led_controller.c ****         case LED_SEQ_THREE_BLINKS:
 100:Core/Src/led_controller.c ****             if (now >= led_state.next_update)
 101:Core/Src/led_controller.c ****             {
 102:Core/Src/led_controller.c ****                 if (led_state.substate == 0)
 103:Core/Src/led_controller.c ****                 {
 104:Core/Src/led_controller.c ****                     update_pwm(LED_THREE_BLINKS_BRIGHTNESS);
 105:Core/Src/led_controller.c ****                     led_state.next_update = now + LED_THREE_BLINKS_ON_TIME_MS;
 106:Core/Src/led_controller.c ****                     led_state.substate = 1;
 107:Core/Src/led_controller.c ****                 }
 108:Core/Src/led_controller.c ****                 else // substate == 1
 109:Core/Src/led_controller.c ****                 {
 110:Core/Src/led_controller.c ****                     update_pwm(0);
 111:Core/Src/led_controller.c ****                     led_state.next_update = now + LED_THREE_BLINKS_OFF_TIME_MS;
 112:Core/Src/led_controller.c ****                     led_state.substate = 0;
 113:Core/Src/led_controller.c ****                     led_state.current_blink++;
 114:Core/Src/led_controller.c ****                     if (led_state.current_blink >= LED_THREE_BLINKS_COUNT)
 115:Core/Src/led_controller.c ****                     {
 116:Core/Src/led_controller.c ****                         led_state.sequence = LED_SEQ_NONE;
 117:Core/Src/led_controller.c ****                         led_state.active = false;
 118:Core/Src/led_controller.c ****                     }
 119:Core/Src/led_controller.c ****                 }
 120:Core/Src/led_controller.c ****             }
 121:Core/Src/led_controller.c ****             break;
 122:Core/Src/led_controller.c **** 
 123:Core/Src/led_controller.c ****         case LED_SEQ_DOUBLE_BLINK:
 124:Core/Src/led_controller.c ****             if (now >= led_state.next_update)
 125:Core/Src/led_controller.c ****             {
 126:Core/Src/led_controller.c ****                 if (led_state.substate == 0)
 127:Core/Src/led_controller.c ****                 {
 128:Core/Src/led_controller.c ****                     update_pwm(LED_DOUBLE_BLINK_BRIGHTNESS);
 129:Core/Src/led_controller.c ****                     led_state.next_update = now + LED_DOUBLE_BLINK_ON_TIME_MS;
 130:Core/Src/led_controller.c ****                     led_state.substate = 1;
 131:Core/Src/led_controller.c ****                 }
 132:Core/Src/led_controller.c ****                 else // substate == 1
 133:Core/Src/led_controller.c ****                 {
 134:Core/Src/led_controller.c ****                     update_pwm(0);
 135:Core/Src/led_controller.c ****                     led_state.next_update = now + LED_DOUBLE_BLINK_OFF_TIME_MS;
 136:Core/Src/led_controller.c ****                     led_state.substate = 0;
 137:Core/Src/led_controller.c ****                     led_state.current_blink++;
 138:Core/Src/led_controller.c ****                     if (led_state.current_blink >= LED_DOUBLE_BLINK_COUNT)
 139:Core/Src/led_controller.c ****                     {
 140:Core/Src/led_controller.c ****                         led_state.sequence = LED_SEQ_NONE;
 141:Core/Src/led_controller.c ****                         led_state.active = false;
 142:Core/Src/led_controller.c ****                     }
 143:Core/Src/led_controller.c ****                 }
 144:Core/Src/led_controller.c ****             }
 145:Core/Src/led_controller.c ****             break;
 146:Core/Src/led_controller.c **** 
 147:Core/Src/led_controller.c ****         case LED_SEQ_FADE_IN_OUT:
 148:Core/Src/led_controller.c ****             if (now >= led_state.next_update)
 149:Core/Src/led_controller.c ****             {
ARM GAS  /var/folders/bp/ytvqs5756l50d7lg2fzmjpcr0000gn/T//ccvpiNZc.s 			page 9


 150:Core/Src/led_controller.c ****                 update_pwm(led_state.brightness);
 151:Core/Src/led_controller.c ****                 led_state.next_update = now + LED_FADE_UPDATE_TIME_MS;
 152:Core/Src/led_controller.c ****                 led_state.brightness += led_state.fade_direction;
 153:Core/Src/led_controller.c ****                 if (led_state.brightness >= LED_FADE_MAX_BRIGHTNESS && led_state.fade_direction > 0
 154:Core/Src/led_controller.c ****                 {
 155:Core/Src/led_controller.c ****                     led_state.brightness = LED_FADE_MAX_BRIGHTNESS;
 156:Core/Src/led_controller.c ****                     led_state.fade_direction = -1;
 157:Core/Src/led_controller.c ****                 }
 158:Core/Src/led_controller.c ****                 else if (led_state.brightness == 0 && led_state.fade_direction < 0)
 159:Core/Src/led_controller.c ****                 {
 160:Core/Src/led_controller.c ****                     update_pwm(0);
 161:Core/Src/led_controller.c ****                     led_state.sequence = LED_SEQ_NONE;
 162:Core/Src/led_controller.c ****                     led_state.active = false;
 163:Core/Src/led_controller.c ****                 }
 164:Core/Src/led_controller.c ****             }
 165:Core/Src/led_controller.c ****             break;
 166:Core/Src/led_controller.c **** 
 167:Core/Src/led_controller.c ****         default:
 168:Core/Src/led_controller.c ****             // Unknown sequence; do nothing.
 169:Core/Src/led_controller.c ****             break;
 170:Core/Src/led_controller.c ****     }
 171:Core/Src/led_controller.c **** }...
 317              		.loc 1 171 1 view .LVU66
 318              		@ sp needed
 319 0012 70BD     		pop	{r4, r5, r6, pc}
 320              	.L26:
  95:Core/Src/led_controller.c ****     uint32_t now = HAL_GetTick();
 321              		.loc 1 95 5 is_stmt 1 view .LVU67
  95:Core/Src/led_controller.c ****     uint32_t now = HAL_GetTick();
 322              		.loc 1 95 20 is_stmt 0 view .LVU68
 323 0014 FFF7FEFF 		bl	HAL_GetTick
 324              	.LVL12:
 325 0018 0400     		movs	r4, r0
 326              	.LVL13:
  97:Core/Src/led_controller.c ****     switch (led_state.sequence)
 327              		.loc 1 97 5 is_stmt 1 view .LVU69
  97:Core/Src/led_controller.c ****     switch (led_state.sequence)
 328              		.loc 1 97 22 is_stmt 0 view .LVU70
 329 001a 3D4B     		ldr	r3, .L27
 330 001c 1B78     		ldrb	r3, [r3]
  97:Core/Src/led_controller.c ****     switch (led_state.sequence)
 331              		.loc 1 97 5 view .LVU71
 332 001e 022B     		cmp	r3, #2
 333 0020 27D0     		beq	.L21
 334 0022 032B     		cmp	r3, #3
 335 0024 4BD0     		beq	.L22
 336 0026 012B     		cmp	r3, #1
 337 0028 F3D1     		bne	.L19
 100:Core/Src/led_controller.c ****             if (now >= led_state.next_update)
 338              		.loc 1 100 13 is_stmt 1 view .LVU72
 100:Core/Src/led_controller.c ****             if (now >= led_state.next_update)
 339              		.loc 1 100 33 is_stmt 0 view .LVU73
 340 002a 394B     		ldr	r3, .L27
 341 002c 5B68     		ldr	r3, [r3, #4]
 100:Core/Src/led_controller.c ****             if (now >= led_state.next_update)
 342              		.loc 1 100 16 view .LVU74
 343 002e 8342     		cmp	r3, r0
ARM GAS  /var/folders/bp/ytvqs5756l50d7lg2fzmjpcr0000gn/T//ccvpiNZc.s 			page 10


 344 0030 EFD8     		bhi	.L19
 102:Core/Src/led_controller.c ****                 if (led_state.substate == 0)
 345              		.loc 1 102 17 is_stmt 1 view .LVU75
 102:Core/Src/led_controller.c ****                 if (led_state.substate == 0)
 346              		.loc 1 102 30 is_stmt 0 view .LVU76
 347 0032 374B     		ldr	r3, .L27
 348 0034 5B7A     		ldrb	r3, [r3, #9]
 102:Core/Src/led_controller.c ****                 if (led_state.substate == 0)
 349              		.loc 1 102 20 view .LVU77
 350 0036 002B     		cmp	r3, #0
 351 0038 08D1     		bne	.L23
 104:Core/Src/led_controller.c ****                     update_pwm(LED_THREE_BLINKS_BRIGHTNESS);
 352              		.loc 1 104 21 is_stmt 1 view .LVU78
 353 003a 3220     		movs	r0, #50
 354              	.LVL14:
 104:Core/Src/led_controller.c ****                     update_pwm(LED_THREE_BLINKS_BRIGHTNESS);
 355              		.loc 1 104 21 is_stmt 0 view .LVU79
 356 003c FFF7FEFF 		bl	update_pwm
 357              	.LVL15:
 105:Core/Src/led_controller.c ****                     led_state.next_update = now + LED_THREE_BLINKS_ON_TIME_MS;
 358              		.loc 1 105 21 is_stmt 1 view .LVU80
 105:Core/Src/led_controller.c ****                     led_state.next_update = now + LED_THREE_BLINKS_ON_TIME_MS;
 359              		.loc 1 105 49 is_stmt 0 view .LVU81
 360 0040 C834     		adds	r4, r4, #200
 361              	.LVL16:
 105:Core/Src/led_controller.c ****                     led_state.next_update = now + LED_THREE_BLINKS_ON_TIME_MS;
 362              		.loc 1 105 43 view .LVU82
 363 0042 334B     		ldr	r3, .L27
 364 0044 5C60     		str	r4, [r3, #4]
 106:Core/Src/led_controller.c ****                     led_state.substate = 1;
 365              		.loc 1 106 21 is_stmt 1 view .LVU83
 106:Core/Src/led_controller.c ****                     led_state.substate = 1;
 366              		.loc 1 106 40 is_stmt 0 view .LVU84
 367 0046 0122     		movs	r2, #1
 368 0048 5A72     		strb	r2, [r3, #9]
 369 004a E2E7     		b	.L19
 370              	.LVL17:
 371              	.L23:
 110:Core/Src/led_controller.c ****                     update_pwm(0);
 372              		.loc 1 110 21 is_stmt 1 view .LVU85
 373 004c 0020     		movs	r0, #0
 374              	.LVL18:
 110:Core/Src/led_controller.c ****                     update_pwm(0);
 375              		.loc 1 110 21 is_stmt 0 view .LVU86
 376 004e FFF7FEFF 		bl	update_pwm
 377              	.LVL19:
 111:Core/Src/led_controller.c ****                     led_state.next_update = now + LED_THREE_BLINKS_OFF_TIME_MS;
 378              		.loc 1 111 21 is_stmt 1 view .LVU87
 111:Core/Src/led_controller.c ****                     led_state.next_update = now + LED_THREE_BLINKS_OFF_TIME_MS;
 379              		.loc 1 111 49 is_stmt 0 view .LVU88
 380 0052 C834     		adds	r4, r4, #200
 381              	.LVL20:
 111:Core/Src/led_controller.c ****                     led_state.next_update = now + LED_THREE_BLINKS_OFF_TIME_MS;
 382              		.loc 1 111 43 view .LVU89
 383 0054 2E4A     		ldr	r2, .L27
 384 0056 5460     		str	r4, [r2, #4]
 112:Core/Src/led_controller.c ****                     led_state.substate = 0;
ARM GAS  /var/folders/bp/ytvqs5756l50d7lg2fzmjpcr0000gn/T//ccvpiNZc.s 			page 11


 385              		.loc 1 112 21 is_stmt 1 view .LVU90
 112:Core/Src/led_controller.c ****                     led_state.substate = 0;
 386              		.loc 1 112 40 is_stmt 0 view .LVU91
 387 0058 0023     		movs	r3, #0
 388 005a 5372     		strb	r3, [r2, #9]
 113:Core/Src/led_controller.c ****                     led_state.current_blink++;
 389              		.loc 1 113 21 is_stmt 1 view .LVU92
 113:Core/Src/led_controller.c ****                     led_state.current_blink++;
 390              		.loc 1 113 30 is_stmt 0 view .LVU93
 391 005c 137A     		ldrb	r3, [r2, #8]
 113:Core/Src/led_controller.c ****                     led_state.current_blink++;
 392              		.loc 1 113 44 view .LVU94
 393 005e 0133     		adds	r3, r3, #1
 394 0060 DBB2     		uxtb	r3, r3
 395 0062 1372     		strb	r3, [r2, #8]
 114:Core/Src/led_controller.c ****                     if (led_state.current_blink >= LED_THREE_BLINKS_COUNT)
 396              		.loc 1 114 21 is_stmt 1 view .LVU95
 114:Core/Src/led_controller.c ****                     if (led_state.current_blink >= LED_THREE_BLINKS_COUNT)
 397              		.loc 1 114 24 is_stmt 0 view .LVU96
 398 0064 022B     		cmp	r3, #2
 399 0066 D4D9     		bls	.L19
 116:Core/Src/led_controller.c ****                         led_state.sequence = LED_SEQ_NONE;
 400              		.loc 1 116 25 is_stmt 1 view .LVU97
 116:Core/Src/led_controller.c ****                         led_state.sequence = LED_SEQ_NONE;
 401              		.loc 1 116 44 is_stmt 0 view .LVU98
 402 0068 1300     		movs	r3, r2
 403 006a 0022     		movs	r2, #0
 404 006c 1A70     		strb	r2, [r3]
 117:Core/Src/led_controller.c ****                         led_state.active = false;
 405              		.loc 1 117 25 is_stmt 1 view .LVU99
 117:Core/Src/led_controller.c ****                         led_state.active = false;
 406              		.loc 1 117 42 is_stmt 0 view .LVU100
 407 006e 5A70     		strb	r2, [r3, #1]
 408 0070 CFE7     		b	.L19
 409              	.LVL21:
 410              	.L21:
 124:Core/Src/led_controller.c ****             if (now >= led_state.next_update)
 411              		.loc 1 124 13 is_stmt 1 view .LVU101
 124:Core/Src/led_controller.c ****             if (now >= led_state.next_update)
 412              		.loc 1 124 33 is_stmt 0 view .LVU102
 413 0072 274B     		ldr	r3, .L27
 414 0074 5B68     		ldr	r3, [r3, #4]
 124:Core/Src/led_controller.c ****             if (now >= led_state.next_update)
 415              		.loc 1 124 16 view .LVU103
 416 0076 8342     		cmp	r3, r0
 417 0078 CBD8     		bhi	.L19
 126:Core/Src/led_controller.c ****                 if (led_state.substate == 0)
 418              		.loc 1 126 17 is_stmt 1 view .LVU104
 126:Core/Src/led_controller.c ****                 if (led_state.substate == 0)
 419              		.loc 1 126 30 is_stmt 0 view .LVU105
 420 007a 254B     		ldr	r3, .L27
 421 007c 5B7A     		ldrb	r3, [r3, #9]
 126:Core/Src/led_controller.c ****                 if (led_state.substate == 0)
 422              		.loc 1 126 20 view .LVU106
 423 007e 002B     		cmp	r3, #0
 424 0080 09D1     		bne	.L24
 128:Core/Src/led_controller.c ****                     update_pwm(LED_DOUBLE_BLINK_BRIGHTNESS);
ARM GAS  /var/folders/bp/ytvqs5756l50d7lg2fzmjpcr0000gn/T//ccvpiNZc.s 			page 12


 425              		.loc 1 128 21 is_stmt 1 view .LVU107
 426 0082 5020     		movs	r0, #80
 427              	.LVL22:
 128:Core/Src/led_controller.c ****                     update_pwm(LED_DOUBLE_BLINK_BRIGHTNESS);
 428              		.loc 1 128 21 is_stmt 0 view .LVU108
 429 0084 FFF7FEFF 		bl	update_pwm
 430              	.LVL23:
 129:Core/Src/led_controller.c ****                     led_state.next_update = now + LED_DOUBLE_BLINK_ON_TIME_MS;
 431              		.loc 1 129 21 is_stmt 1 view .LVU109
 129:Core/Src/led_controller.c ****                     led_state.next_update = now + LED_DOUBLE_BLINK_ON_TIME_MS;
 432              		.loc 1 129 49 is_stmt 0 view .LVU110
 433 0088 9134     		adds	r4, r4, #145
 434              	.LVL24:
 129:Core/Src/led_controller.c ****                     led_state.next_update = now + LED_DOUBLE_BLINK_ON_TIME_MS;
 435              		.loc 1 129 49 view .LVU111
 436 008a FF34     		adds	r4, r4, #255
 437              	.LVL25:
 129:Core/Src/led_controller.c ****                     led_state.next_update = now + LED_DOUBLE_BLINK_ON_TIME_MS;
 438              		.loc 1 129 43 view .LVU112
 439 008c 204B     		ldr	r3, .L27
 440 008e 5C60     		str	r4, [r3, #4]
 130:Core/Src/led_controller.c ****                     led_state.substate = 1;
 441              		.loc 1 130 21 is_stmt 1 view .LVU113
 130:Core/Src/led_controller.c ****                     led_state.substate = 1;
 442              		.loc 1 130 40 is_stmt 0 view .LVU114
 443 0090 0122     		movs	r2, #1
 444 0092 5A72     		strb	r2, [r3, #9]
 445 0094 BDE7     		b	.L19
 446              	.LVL26:
 447              	.L24:
 134:Core/Src/led_controller.c ****                     update_pwm(0);
 448              		.loc 1 134 21 is_stmt 1 view .LVU115
 449 0096 0020     		movs	r0, #0
 450              	.LVL27:
 134:Core/Src/led_controller.c ****                     update_pwm(0);
 451              		.loc 1 134 21 is_stmt 0 view .LVU116
 452 0098 FFF7FEFF 		bl	update_pwm
 453              	.LVL28:
 135:Core/Src/led_controller.c ****                     led_state.next_update = now + LED_DOUBLE_BLINK_OFF_TIME_MS;
 454              		.loc 1 135 21 is_stmt 1 view .LVU117
 135:Core/Src/led_controller.c ****                     led_state.next_update = now + LED_DOUBLE_BLINK_OFF_TIME_MS;
 455              		.loc 1 135 49 is_stmt 0 view .LVU118
 456 009c 9134     		adds	r4, r4, #145
 457              	.LVL29:
 135:Core/Src/led_controller.c ****                     led_state.next_update = now + LED_DOUBLE_BLINK_OFF_TIME_MS;
 458              		.loc 1 135 49 view .LVU119
 459 009e FF34     		adds	r4, r4, #255
 460              	.LVL30:
 135:Core/Src/led_controller.c ****                     led_state.next_update = now + LED_DOUBLE_BLINK_OFF_TIME_MS;
 461              		.loc 1 135 43 view .LVU120
 462 00a0 1B4A     		ldr	r2, .L27
 463 00a2 5460     		str	r4, [r2, #4]
 136:Core/Src/led_controller.c ****                     led_state.substate = 0;
 464              		.loc 1 136 21 is_stmt 1 view .LVU121
 136:Core/Src/led_controller.c ****                     led_state.substate = 0;
 465              		.loc 1 136 40 is_stmt 0 view .LVU122
 466 00a4 0023     		movs	r3, #0
ARM GAS  /var/folders/bp/ytvqs5756l50d7lg2fzmjpcr0000gn/T//ccvpiNZc.s 			page 13


 467 00a6 5372     		strb	r3, [r2, #9]
 137:Core/Src/led_controller.c ****                     led_state.current_blink++;
 468              		.loc 1 137 21 is_stmt 1 view .LVU123
 137:Core/Src/led_controller.c ****                     led_state.current_blink++;
 469              		.loc 1 137 30 is_stmt 0 view .LVU124
 470 00a8 137A     		ldrb	r3, [r2, #8]
 137:Core/Src/led_controller.c ****                     led_state.current_blink++;
 471              		.loc 1 137 44 view .LVU125
 472 00aa 0133     		adds	r3, r3, #1
 473 00ac DBB2     		uxtb	r3, r3
 474 00ae 1372     		strb	r3, [r2, #8]
 138:Core/Src/led_controller.c ****                     if (led_state.current_blink >= LED_DOUBLE_BLINK_COUNT)
 475              		.loc 1 138 21 is_stmt 1 view .LVU126
 138:Core/Src/led_controller.c ****                     if (led_state.current_blink >= LED_DOUBLE_BLINK_COUNT)
 476              		.loc 1 138 24 is_stmt 0 view .LVU127
 477 00b0 012B     		cmp	r3, #1
 478 00b2 AED9     		bls	.L19
 140:Core/Src/led_controller.c ****                         led_state.sequence = LED_SEQ_NONE;
 479              		.loc 1 140 25 is_stmt 1 view .LVU128
 140:Core/Src/led_controller.c ****                         led_state.sequence = LED_SEQ_NONE;
 480              		.loc 1 140 44 is_stmt 0 view .LVU129
 481 00b4 1300     		movs	r3, r2
 482 00b6 0022     		movs	r2, #0
 483 00b8 1A70     		strb	r2, [r3]
 141:Core/Src/led_controller.c ****                         led_state.active = false;
 484              		.loc 1 141 25 is_stmt 1 view .LVU130
 141:Core/Src/led_controller.c ****                         led_state.active = false;
 485              		.loc 1 141 42 is_stmt 0 view .LVU131
 486 00ba 5A70     		strb	r2, [r3, #1]
 487 00bc A9E7     		b	.L19
 488              	.LVL31:
 489              	.L22:
 148:Core/Src/led_controller.c ****             if (now >= led_state.next_update)
 490              		.loc 1 148 13 is_stmt 1 view .LVU132
 148:Core/Src/led_controller.c ****             if (now >= led_state.next_update)
 491              		.loc 1 148 33 is_stmt 0 view .LVU133
 492 00be 144B     		ldr	r3, .L27
 493 00c0 5B68     		ldr	r3, [r3, #4]
 148:Core/Src/led_controller.c ****             if (now >= led_state.next_update)
 494              		.loc 1 148 16 view .LVU134
 495 00c2 8342     		cmp	r3, r0
 496 00c4 A5D8     		bhi	.L19
 150:Core/Src/led_controller.c ****                 update_pwm(led_state.brightness);
 497              		.loc 1 150 17 is_stmt 1 view .LVU135
 498 00c6 124D     		ldr	r5, .L27
 499 00c8 A87A     		ldrb	r0, [r5, #10]
 500              	.LVL32:
 150:Core/Src/led_controller.c ****                 update_pwm(led_state.brightness);
 501              		.loc 1 150 17 is_stmt 0 view .LVU136
 502 00ca FFF7FEFF 		bl	update_pwm
 503              	.LVL33:
 151:Core/Src/led_controller.c ****                 led_state.next_update = now + LED_FADE_UPDATE_TIME_MS;
 504              		.loc 1 151 17 is_stmt 1 view .LVU137
 151:Core/Src/led_controller.c ****                 led_state.next_update = now + LED_FADE_UPDATE_TIME_MS;
 505              		.loc 1 151 45 is_stmt 0 view .LVU138
 506 00ce 0A34     		adds	r4, r4, #10
 507              	.LVL34:
ARM GAS  /var/folders/bp/ytvqs5756l50d7lg2fzmjpcr0000gn/T//ccvpiNZc.s 			page 14


 151:Core/Src/led_controller.c ****                 led_state.next_update = now + LED_FADE_UPDATE_TIME_MS;
 508              		.loc 1 151 39 view .LVU139
 509 00d0 6C60     		str	r4, [r5, #4]
 152:Core/Src/led_controller.c ****                 led_state.brightness += led_state.fade_direction;
 510              		.loc 1 152 17 is_stmt 1 view .LVU140
 152:Core/Src/led_controller.c ****                 led_state.brightness += led_state.fade_direction;
 511              		.loc 1 152 26 is_stmt 0 view .LVU141
 512 00d2 AB7A     		ldrb	r3, [r5, #10]
 152:Core/Src/led_controller.c ****                 led_state.brightness += led_state.fade_direction;
 513              		.loc 1 152 50 view .LVU142
 514 00d4 0B21     		movs	r1, #11
 515 00d6 6956     		ldrsb	r1, [r5, r1]
 516 00d8 EA7A     		ldrb	r2, [r5, #11]
 152:Core/Src/led_controller.c ****                 led_state.brightness += led_state.fade_direction;
 517              		.loc 1 152 38 view .LVU143
 518 00da 9B18     		adds	r3, r3, r2
 519 00dc DBB2     		uxtb	r3, r3
 520 00de AB72     		strb	r3, [r5, #10]
 153:Core/Src/led_controller.c ****                 if (led_state.brightness >= LED_FADE_MAX_BRIGHTNESS && led_state.fade_direction > 0
 521              		.loc 1 153 17 is_stmt 1 view .LVU144
 153:Core/Src/led_controller.c ****                 if (led_state.brightness >= LED_FADE_MAX_BRIGHTNESS && led_state.fade_direction > 0
 522              		.loc 1 153 20 is_stmt 0 view .LVU145
 523 00e0 632B     		cmp	r3, #99
 524 00e2 07D9     		bls	.L25
 153:Core/Src/led_controller.c ****                 if (led_state.brightness >= LED_FADE_MAX_BRIGHTNESS && led_state.fade_direction > 0
 525              		.loc 1 153 69 discriminator 1 view .LVU146
 526 00e4 0029     		cmp	r1, #0
 527 00e6 05DD     		ble	.L25
 155:Core/Src/led_controller.c ****                     led_state.brightness = LED_FADE_MAX_BRIGHTNESS;
 528              		.loc 1 155 21 is_stmt 1 view .LVU147
 155:Core/Src/led_controller.c ****                     led_state.brightness = LED_FADE_MAX_BRIGHTNESS;
 529              		.loc 1 155 42 is_stmt 0 view .LVU148
 530 00e8 094B     		ldr	r3, .L27
 531 00ea 6422     		movs	r2, #100
 532 00ec 9A72     		strb	r2, [r3, #10]
 156:Core/Src/led_controller.c ****                     led_state.fade_direction = -1;
 533              		.loc 1 156 21 is_stmt 1 view .LVU149
 156:Core/Src/led_controller.c ****                     led_state.fade_direction = -1;
 534              		.loc 1 156 46 is_stmt 0 view .LVU150
 535 00ee 9B32     		adds	r2, r2, #155
 536 00f0 DA72     		strb	r2, [r3, #11]
 537 00f2 8EE7     		b	.L19
 538              	.L25:
 158:Core/Src/led_controller.c ****                 else if (led_state.brightness == 0 && led_state.fade_direction < 0)
 539              		.loc 1 158 22 is_stmt 1 view .LVU151
 158:Core/Src/led_controller.c ****                 else if (led_state.brightness == 0 && led_state.fade_direction < 0)
 540              		.loc 1 158 25 is_stmt 0 view .LVU152
 541 00f4 002B     		cmp	r3, #0
 542 00f6 00D0     		beq	.LCB396
 543 00f8 8BE7     		b	.L19	@long jump
 544              	.LCB396:
 158:Core/Src/led_controller.c ****                 else if (led_state.brightness == 0 && led_state.fade_direction < 0)
 545              		.loc 1 158 52 discriminator 1 view .LVU153
 546 00fa 0029     		cmp	r1, #0
 547 00fc 00DB     		blt	.LCB398
 548 00fe 88E7     		b	.L19	@long jump
 549              	.LCB398:
ARM GAS  /var/folders/bp/ytvqs5756l50d7lg2fzmjpcr0000gn/T//ccvpiNZc.s 			page 15


 160:Core/Src/led_controller.c ****                     update_pwm(0);
 550              		.loc 1 160 21 is_stmt 1 view .LVU154
 551 0100 0020     		movs	r0, #0
 552 0102 FFF7FEFF 		bl	update_pwm
 553              	.LVL35:
 161:Core/Src/led_controller.c ****                     led_state.sequence = LED_SEQ_NONE;
 554              		.loc 1 161 21 view .LVU155
 161:Core/Src/led_controller.c ****                     led_state.sequence = LED_SEQ_NONE;
 555              		.loc 1 161 40 is_stmt 0 view .LVU156
 556 0106 024B     		ldr	r3, .L27
 557 0108 0022     		movs	r2, #0
 558 010a 1A70     		strb	r2, [r3]
 162:Core/Src/led_controller.c ****                     led_state.active = false;
 559              		.loc 1 162 21 is_stmt 1 view .LVU157
 162:Core/Src/led_controller.c ****                     led_state.active = false;
 560              		.loc 1 162 38 is_stmt 0 view .LVU158
 561 010c 5A70     		strb	r2, [r3, #1]
 562 010e 80E7     		b	.L19
 563              	.L28:
 564              		.align	2
 565              	.L27:
 566 0110 00000000 		.word	led_state
 567              		.cfi_endproc
 568              	.LFE46:
 570              		.section	.bss.led_state,"aw",%nobits
 571              		.align	2
 574              	led_state:
 575 0000 00000000 		.space	12
 575      00000000 
 575      00000000 
 576              		.text
 577              	.Letext0:
 578              		.file 2 "/Applications/ArmGNUToolchain/14.2.rel1/arm-none-eabi/arm-none-eabi/include/machine/_defa
 579              		.file 3 "/Applications/ArmGNUToolchain/14.2.rel1/arm-none-eabi/arm-none-eabi/include/sys/_stdint.h
 580              		.file 4 "Drivers/CMSIS/Device/ST/STM32F0xx/Include/stm32f030x8.h"
 581              		.file 5 "Drivers/STM32F0xx_HAL_Driver/Inc/stm32f0xx_hal_def.h"
 582              		.file 6 "Drivers/STM32F0xx_HAL_Driver/Inc/stm32f0xx_hal_dma.h"
 583              		.file 7 "Drivers/STM32F0xx_HAL_Driver/Inc/stm32f0xx_hal_tim.h"
 584              		.file 8 "Core/Inc/led_controller.h"
 585              		.file 9 "Drivers/STM32F0xx_HAL_Driver/Inc/stm32f0xx_hal.h"
ARM GAS  /var/folders/bp/ytvqs5756l50d7lg2fzmjpcr0000gn/T//ccvpiNZc.s 			page 16


DEFINED SYMBOLS
                            *ABS*:00000000 led_controller.c
/var/folders/bp/ytvqs5756l50d7lg2fzmjpcr0000gn/T//ccvpiNZc.s:19     .text.update_pwm:00000000 $t
/var/folders/bp/ytvqs5756l50d7lg2fzmjpcr0000gn/T//ccvpiNZc.s:24     .text.update_pwm:00000000 update_pwm
/var/folders/bp/ytvqs5756l50d7lg2fzmjpcr0000gn/T//ccvpiNZc.s:68     .text.update_pwm:00000020 $d
/var/folders/bp/ytvqs5756l50d7lg2fzmjpcr0000gn/T//ccvpiNZc.s:73     .text.led_controller_initialize:00000000 $t
/var/folders/bp/ytvqs5756l50d7lg2fzmjpcr0000gn/T//ccvpiNZc.s:79     .text.led_controller_initialize:00000000 led_controller_initialize
/var/folders/bp/ytvqs5756l50d7lg2fzmjpcr0000gn/T//ccvpiNZc.s:125    .text.led_controller_initialize:00000020 $d
/var/folders/bp/ytvqs5756l50d7lg2fzmjpcr0000gn/T//ccvpiNZc.s:574    .bss.led_state:00000000 led_state
/var/folders/bp/ytvqs5756l50d7lg2fzmjpcr0000gn/T//ccvpiNZc.s:131    .text.led_on:00000000 $t
/var/folders/bp/ytvqs5756l50d7lg2fzmjpcr0000gn/T//ccvpiNZc.s:137    .text.led_on:00000000 led_on
/var/folders/bp/ytvqs5756l50d7lg2fzmjpcr0000gn/T//ccvpiNZc.s:160    .text.led_off:00000000 $t
/var/folders/bp/ytvqs5756l50d7lg2fzmjpcr0000gn/T//ccvpiNZc.s:166    .text.led_off:00000000 led_off
/var/folders/bp/ytvqs5756l50d7lg2fzmjpcr0000gn/T//ccvpiNZc.s:188    .text.led_execute_sequence:00000000 $t
/var/folders/bp/ytvqs5756l50d7lg2fzmjpcr0000gn/T//ccvpiNZc.s:194    .text.led_execute_sequence:00000000 led_execute_sequence
/var/folders/bp/ytvqs5756l50d7lg2fzmjpcr0000gn/T//ccvpiNZc.s:250    .text.led_execute_sequence:00000028 $d
/var/folders/bp/ytvqs5756l50d7lg2fzmjpcr0000gn/T//ccvpiNZc.s:255    .text.led_is_sequence_running:00000000 $t
/var/folders/bp/ytvqs5756l50d7lg2fzmjpcr0000gn/T//ccvpiNZc.s:261    .text.led_is_sequence_running:00000000 led_is_sequence_running
/var/folders/bp/ytvqs5756l50d7lg2fzmjpcr0000gn/T//ccvpiNZc.s:279    .text.led_is_sequence_running:00000008 $d
/var/folders/bp/ytvqs5756l50d7lg2fzmjpcr0000gn/T//ccvpiNZc.s:284    .text.led_controller_update:00000000 $t
/var/folders/bp/ytvqs5756l50d7lg2fzmjpcr0000gn/T//ccvpiNZc.s:290    .text.led_controller_update:00000000 led_controller_update
/var/folders/bp/ytvqs5756l50d7lg2fzmjpcr0000gn/T//ccvpiNZc.s:566    .text.led_controller_update:00000110 $d
/var/folders/bp/ytvqs5756l50d7lg2fzmjpcr0000gn/T//ccvpiNZc.s:571    .bss.led_state:00000000 $d

UNDEFINED SYMBOLS
__aeabi_uidiv
htim16
HAL_TIM_PWM_Start
HAL_GetTick
