ARM GAS  /var/folders/bp/ytvqs5756l50d7lg2fzmjpcr0000gn/T//ccf7b8g3.s 			page 1


   1              		.cpu cortex-m0
   2              		.arch armv6s-m
   3              		.fpu softvfp
   4              		.eabi_attribute 20, 1
   5              		.eabi_attribute 21, 1
   6              		.eabi_attribute 23, 3
   7              		.eabi_attribute 24, 1
   8              		.eabi_attribute 25, 1
   9              		.eabi_attribute 26, 1
  10              		.eabi_attribute 30, 1
  11              		.eabi_attribute 34, 0
  12              		.eabi_attribute 18, 4
  13              		.file	"main.c"
  14              		.text
  15              	.Ltext0:
  16              		.cfi_sections	.debug_frame
  17              		.file 1 "Core/Src/main.c"
  18              		.section	.text.MX_GPIO_Init,"ax",%progbits
  19              		.align	1
  20              		.syntax unified
  21              		.code	16
  22              		.thumb_func
  24              	MX_GPIO_Init:
  25              	.LFB48:
   1:Core/Src/main.c **** /* USER CODE BEGIN Header */
   2:Core/Src/main.c **** 
   3:Core/Src/main.c **** /* USER CODE END Header */
   4:Core/Src/main.c **** /* Includes ------------------------------------------------------------------*/
   5:Core/Src/main.c **** #include "main.h"
   6:Core/Src/main.c **** 
   7:Core/Src/main.c **** /* Private includes ----------------------------------------------------------*/
   8:Core/Src/main.c **** /* USER CODE BEGIN Includes */
   9:Core/Src/main.c **** #include <stdio.h>
  10:Core/Src/main.c **** #include "string.h"
  11:Core/Src/main.c **** #include "parameters.h"
  12:Core/Src/main.c **** /* USER CODE END Includes */
  13:Core/Src/main.c **** 
  14:Core/Src/main.c **** /* Private typedef -----------------------------------------------------------*/
  15:Core/Src/main.c **** /* USER CODE BEGIN PTD */
  16:Core/Src/main.c **** 
  17:Core/Src/main.c **** /* USER CODE END PTD */
  18:Core/Src/main.c **** 
  19:Core/Src/main.c **** /* Private define ------------------------------------------------------------*/
  20:Core/Src/main.c **** /* USER CODE BEGIN PD */
  21:Core/Src/main.c **** 
  22:Core/Src/main.c **** /* USER CODE END PD */
  23:Core/Src/main.c **** 
  24:Core/Src/main.c **** /* Private macro -------------------------------------------------------------*/
  25:Core/Src/main.c **** /* USER CODE BEGIN PM */
  26:Core/Src/main.c **** 
  27:Core/Src/main.c **** /* USER CODE END PM */
  28:Core/Src/main.c **** 
  29:Core/Src/main.c **** /* Private variables ---------------------------------------------------------*/
  30:Core/Src/main.c **** I2C_HandleTypeDef hi2c1;
  31:Core/Src/main.c **** 
  32:Core/Src/main.c **** TIM_HandleTypeDef htim16;
  33:Core/Src/main.c **** 
ARM GAS  /var/folders/bp/ytvqs5756l50d7lg2fzmjpcr0000gn/T//ccf7b8g3.s 			page 2


  34:Core/Src/main.c **** UART_HandleTypeDef huart1;
  35:Core/Src/main.c **** 
  36:Core/Src/main.c **** /* USER CODE BEGIN PV */
  37:Core/Src/main.c **** 
  38:Core/Src/main.c **** /* USER CODE END PV */
  39:Core/Src/main.c **** 
  40:Core/Src/main.c **** /* Private function prototypes -----------------------------------------------*/
  41:Core/Src/main.c **** void SystemClock_Config(void);
  42:Core/Src/main.c **** static void MX_GPIO_Init(void);
  43:Core/Src/main.c **** static void MX_I2C1_Init(void);
  44:Core/Src/main.c **** static void MX_TIM16_Init(void);
  45:Core/Src/main.c **** static void MX_USART1_UART_Init(void);
  46:Core/Src/main.c **** /* USER CODE BEGIN PFP */
  47:Core/Src/main.c **** 
  48:Core/Src/main.c **** /* USER CODE END PFP */
  49:Core/Src/main.c **** 
  50:Core/Src/main.c **** /* Private user code ---------------------------------------------------------*/
  51:Core/Src/main.c **** /* USER CODE BEGIN 0 */
  52:Core/Src/main.c **** 
  53:Core/Src/main.c **** /* USER CODE END 0 */
  54:Core/Src/main.c **** 
  55:Core/Src/main.c **** /**
  56:Core/Src/main.c ****   * @brief  The application entry point.
  57:Core/Src/main.c ****   * @retval int
  58:Core/Src/main.c ****   */
  59:Core/Src/main.c **** int main(void)
  60:Core/Src/main.c **** {
  61:Core/Src/main.c **** 
  62:Core/Src/main.c ****   /* USER CODE BEGIN 1 */
  63:Core/Src/main.c **** 
  64:Core/Src/main.c ****   /* USER CODE END 1 */
  65:Core/Src/main.c **** 
  66:Core/Src/main.c ****   /* MCU Configuration--------------------------------------------------------*/
  67:Core/Src/main.c **** 
  68:Core/Src/main.c ****   /* Reset of all peripherals, Initializes the Flash interface and the Systick. */
  69:Core/Src/main.c ****   HAL_Init();
  70:Core/Src/main.c **** 
  71:Core/Src/main.c ****   /* USER CODE BEGIN Init */
  72:Core/Src/main.c **** 
  73:Core/Src/main.c ****   /* USER CODE END Init */
  74:Core/Src/main.c **** 
  75:Core/Src/main.c ****   /* Configure the system clock */
  76:Core/Src/main.c ****   SystemClock_Config();
  77:Core/Src/main.c **** 
  78:Core/Src/main.c ****   /* USER CODE BEGIN SysInit */
  79:Core/Src/main.c **** 
  80:Core/Src/main.c ****   /* USER CODE END SysInit */
  81:Core/Src/main.c **** 
  82:Core/Src/main.c ****   /* Initialize all configured peripherals */
  83:Core/Src/main.c ****   MX_GPIO_Init();
  84:Core/Src/main.c ****   MX_I2C1_Init();
  85:Core/Src/main.c ****   MX_TIM16_Init();
  86:Core/Src/main.c ****   MX_USART1_UART_Init();
  87:Core/Src/main.c ****   /* USER CODE BEGIN 2 */
  88:Core/Src/main.c ****   HAL_Delay(100);  // Give time for the accelerometer to boot up
  89:Core/Src/main.c **** 
  90:Core/Src/main.c ****   accelerometer_controller_initialize();
ARM GAS  /var/folders/bp/ytvqs5756l50d7lg2fzmjpcr0000gn/T//ccf7b8g3.s 			page 3


  91:Core/Src/main.c ****   haptic_feedback_controller_initialize();
  92:Core/Src/main.c ****   led_controller_initialize();
  93:Core/Src/main.c ****   button_controller_initialize();
  94:Core/Src/main.c ****   posture_controller_initialize();
  95:Core/Src/main.c **** 
  96:Core/Src/main.c ****   led_execute_sequence(LED_SEQ_THREE_BLINKS);
  97:Core/Src/main.c ****   /* USER CODE END 2 */
  98:Core/Src/main.c **** 
  99:Core/Src/main.c ****   /* Infinite loop */
 100:Core/Src/main.c ****   /* USER CODE BEGIN WHILE */
 101:Core/Src/main.c ****   while (1)
 102:Core/Src/main.c ****   {
 103:Core/Src/main.c ****     uint32_t now = HAL_GetTick();
 104:Core/Src/main.c ****     static uint32_t last_acc_update = 0;
 105:Core/Src/main.c ****     static uint32_t last_led_update = 0;
 106:Core/Src/main.c ****     static uint32_t last_button_update = 0;
 107:Core/Src/main.c ****     static uint32_t last_posture_update = 0;
 108:Core/Src/main.c **** 
 109:Core/Src/main.c ****     if ((now - last_acc_update) >= ACCELEROMETER_UPDATE_THROTTLE_MS) {
 110:Core/Src/main.c ****         accelerometer_controller_update();
 111:Core/Src/main.c ****         last_acc_update = now;
 112:Core/Src/main.c ****     }
 113:Core/Src/main.c **** 
 114:Core/Src/main.c ****     if ((now - last_led_update) >= LED_UPDATE_THROTTLE_MS) {
 115:Core/Src/main.c ****         led_controller_update();
 116:Core/Src/main.c ****         last_led_update = now;
 117:Core/Src/main.c ****     }
 118:Core/Src/main.c **** 
 119:Core/Src/main.c ****     if ((now - last_button_update) >= BUTTON_UPDATE_THROTTLE_MS) {
 120:Core/Src/main.c ****         button_controller_update();
 121:Core/Src/main.c ****         last_button_update = now;
 122:Core/Src/main.c ****     }
 123:Core/Src/main.c **** 
 124:Core/Src/main.c ****     if ((now - last_posture_update) >= POSTURE_UPDATE_THROTTLE_MS) {
 125:Core/Src/main.c ****         posture_controller_update();
 126:Core/Src/main.c ****         last_posture_update = now;
 127:Core/Src/main.c ****     }
 128:Core/Src/main.c **** 
 129:Core/Src/main.c ****     /* USER CODE END WHILE */
 130:Core/Src/main.c **** 
 131:Core/Src/main.c ****     /* USER CODE BEGIN 3 */
 132:Core/Src/main.c ****   }
 133:Core/Src/main.c ****   /* USER CODE END 3 */
 134:Core/Src/main.c **** }
 135:Core/Src/main.c **** 
 136:Core/Src/main.c **** /**
 137:Core/Src/main.c ****   * @brief System Clock Configuration
 138:Core/Src/main.c ****   * @retval None
 139:Core/Src/main.c ****   */
 140:Core/Src/main.c **** void SystemClock_Config(void)
 141:Core/Src/main.c **** {
 142:Core/Src/main.c ****   RCC_OscInitTypeDef RCC_OscInitStruct = {0};
 143:Core/Src/main.c ****   RCC_ClkInitTypeDef RCC_ClkInitStruct = {0};
 144:Core/Src/main.c ****   RCC_PeriphCLKInitTypeDef PeriphClkInit = {0};
 145:Core/Src/main.c **** 
 146:Core/Src/main.c ****   /** Initializes the RCC Oscillators according to the specified parameters
 147:Core/Src/main.c ****   * in the RCC_OscInitTypeDef structure.
ARM GAS  /var/folders/bp/ytvqs5756l50d7lg2fzmjpcr0000gn/T//ccf7b8g3.s 			page 4


 148:Core/Src/main.c ****   */
 149:Core/Src/main.c ****   RCC_OscInitStruct.OscillatorType = RCC_OSCILLATORTYPE_HSI;
 150:Core/Src/main.c ****   RCC_OscInitStruct.HSIState = RCC_HSI_ON;
 151:Core/Src/main.c ****   RCC_OscInitStruct.HSICalibrationValue = RCC_HSICALIBRATION_DEFAULT;
 152:Core/Src/main.c ****   RCC_OscInitStruct.PLL.PLLState = RCC_PLL_NONE;
 153:Core/Src/main.c ****   if (HAL_RCC_OscConfig(&RCC_OscInitStruct) != HAL_OK)
 154:Core/Src/main.c ****   {
 155:Core/Src/main.c ****     Error_Handler();
 156:Core/Src/main.c ****   }
 157:Core/Src/main.c **** 
 158:Core/Src/main.c ****   /** Initializes the CPU, AHB and APB buses clocks
 159:Core/Src/main.c ****   */
 160:Core/Src/main.c ****   RCC_ClkInitStruct.ClockType = RCC_CLOCKTYPE_HCLK|RCC_CLOCKTYPE_SYSCLK
 161:Core/Src/main.c ****                               |RCC_CLOCKTYPE_PCLK1;
 162:Core/Src/main.c ****   RCC_ClkInitStruct.SYSCLKSource = RCC_SYSCLKSOURCE_HSI;
 163:Core/Src/main.c ****   RCC_ClkInitStruct.AHBCLKDivider = RCC_SYSCLK_DIV1;
 164:Core/Src/main.c ****   RCC_ClkInitStruct.APB1CLKDivider = RCC_HCLK_DIV1;
 165:Core/Src/main.c **** 
 166:Core/Src/main.c ****   if (HAL_RCC_ClockConfig(&RCC_ClkInitStruct, FLASH_LATENCY_0) != HAL_OK)
 167:Core/Src/main.c ****   {
 168:Core/Src/main.c ****     Error_Handler();
 169:Core/Src/main.c ****   }
 170:Core/Src/main.c ****   PeriphClkInit.PeriphClockSelection = RCC_PERIPHCLK_USART1|RCC_PERIPHCLK_I2C1;
 171:Core/Src/main.c ****   PeriphClkInit.Usart1ClockSelection = RCC_USART1CLKSOURCE_PCLK1;
 172:Core/Src/main.c ****   PeriphClkInit.I2c1ClockSelection = RCC_I2C1CLKSOURCE_HSI;
 173:Core/Src/main.c ****   if (HAL_RCCEx_PeriphCLKConfig(&PeriphClkInit) != HAL_OK)
 174:Core/Src/main.c ****   {
 175:Core/Src/main.c ****     Error_Handler();
 176:Core/Src/main.c ****   }
 177:Core/Src/main.c **** }
 178:Core/Src/main.c **** 
 179:Core/Src/main.c **** /**
 180:Core/Src/main.c ****   * @brief I2C1 Initialization Function
 181:Core/Src/main.c ****   * @param None
 182:Core/Src/main.c ****   * @retval None
 183:Core/Src/main.c ****   */
 184:Core/Src/main.c **** static void MX_I2C1_Init(void)
 185:Core/Src/main.c **** {
 186:Core/Src/main.c **** 
 187:Core/Src/main.c ****   /* USER CODE BEGIN I2C1_Init 0 */
 188:Core/Src/main.c **** 
 189:Core/Src/main.c ****   /* USER CODE END I2C1_Init 0 */
 190:Core/Src/main.c **** 
 191:Core/Src/main.c ****   /* USER CODE BEGIN I2C1_Init 1 */
 192:Core/Src/main.c **** 
 193:Core/Src/main.c ****   /* USER CODE END I2C1_Init 1 */
 194:Core/Src/main.c ****   hi2c1.Instance = I2C1;
 195:Core/Src/main.c ****   hi2c1.Init.Timing = 0x00201D2B;
 196:Core/Src/main.c ****   hi2c1.Init.OwnAddress1 = 0;
 197:Core/Src/main.c ****   hi2c1.Init.AddressingMode = I2C_ADDRESSINGMODE_7BIT;
 198:Core/Src/main.c ****   hi2c1.Init.DualAddressMode = I2C_DUALADDRESS_DISABLE;
 199:Core/Src/main.c ****   hi2c1.Init.OwnAddress2 = 0;
 200:Core/Src/main.c ****   hi2c1.Init.OwnAddress2Masks = I2C_OA2_NOMASK;
 201:Core/Src/main.c ****   hi2c1.Init.GeneralCallMode = I2C_GENERALCALL_DISABLE;
 202:Core/Src/main.c ****   hi2c1.Init.NoStretchMode = I2C_NOSTRETCH_DISABLE;
 203:Core/Src/main.c ****   if (HAL_I2C_Init(&hi2c1) != HAL_OK)
 204:Core/Src/main.c ****   {
ARM GAS  /var/folders/bp/ytvqs5756l50d7lg2fzmjpcr0000gn/T//ccf7b8g3.s 			page 5


 205:Core/Src/main.c ****     Error_Handler();
 206:Core/Src/main.c ****   }
 207:Core/Src/main.c **** 
 208:Core/Src/main.c ****   /** Configure Analogue filter
 209:Core/Src/main.c ****   */
 210:Core/Src/main.c ****   if (HAL_I2CEx_ConfigAnalogFilter(&hi2c1, I2C_ANALOGFILTER_ENABLE) != HAL_OK)
 211:Core/Src/main.c ****   {
 212:Core/Src/main.c ****     Error_Handler();
 213:Core/Src/main.c ****   }
 214:Core/Src/main.c **** 
 215:Core/Src/main.c ****   /** Configure Digital filter
 216:Core/Src/main.c ****   */
 217:Core/Src/main.c ****   if (HAL_I2CEx_ConfigDigitalFilter(&hi2c1, 0) != HAL_OK)
 218:Core/Src/main.c ****   {
 219:Core/Src/main.c ****     Error_Handler();
 220:Core/Src/main.c ****   }
 221:Core/Src/main.c ****   /* USER CODE BEGIN I2C1_Init 2 */
 222:Core/Src/main.c **** 
 223:Core/Src/main.c ****   /* USER CODE END I2C1_Init 2 */
 224:Core/Src/main.c **** 
 225:Core/Src/main.c **** }
 226:Core/Src/main.c **** 
 227:Core/Src/main.c **** /**
 228:Core/Src/main.c ****   * @brief TIM16 Initialization Function
 229:Core/Src/main.c ****   * @param None
 230:Core/Src/main.c ****   * @retval None
 231:Core/Src/main.c ****   */
 232:Core/Src/main.c **** static void MX_TIM16_Init(void)
 233:Core/Src/main.c **** {
 234:Core/Src/main.c **** 
 235:Core/Src/main.c ****   /* USER CODE BEGIN TIM16_Init 0 */
 236:Core/Src/main.c **** 
 237:Core/Src/main.c ****   /* USER CODE END TIM16_Init 0 */
 238:Core/Src/main.c **** 
 239:Core/Src/main.c ****   TIM_OC_InitTypeDef sConfigOC = {0};
 240:Core/Src/main.c ****   TIM_BreakDeadTimeConfigTypeDef sBreakDeadTimeConfig = {0};
 241:Core/Src/main.c **** 
 242:Core/Src/main.c ****   /* USER CODE BEGIN TIM16_Init 1 */
 243:Core/Src/main.c **** 
 244:Core/Src/main.c ****   /* USER CODE END TIM16_Init 1 */
 245:Core/Src/main.c ****   htim16.Instance = TIM16;
 246:Core/Src/main.c ****   htim16.Init.Prescaler = 0;
 247:Core/Src/main.c ****   htim16.Init.CounterMode = TIM_COUNTERMODE_UP;
 248:Core/Src/main.c ****   htim16.Init.Period = 65535;
 249:Core/Src/main.c ****   htim16.Init.ClockDivision = TIM_CLOCKDIVISION_DIV1;
 250:Core/Src/main.c ****   htim16.Init.RepetitionCounter = 0;
 251:Core/Src/main.c ****   htim16.Init.AutoReloadPreload = TIM_AUTORELOAD_PRELOAD_DISABLE;
 252:Core/Src/main.c ****   if (HAL_TIM_Base_Init(&htim16) != HAL_OK)
 253:Core/Src/main.c ****   {
 254:Core/Src/main.c ****     Error_Handler();
 255:Core/Src/main.c ****   }
 256:Core/Src/main.c ****   if (HAL_TIM_PWM_Init(&htim16) != HAL_OK)
 257:Core/Src/main.c ****   {
 258:Core/Src/main.c ****     Error_Handler();
 259:Core/Src/main.c ****   }
 260:Core/Src/main.c ****   sConfigOC.OCMode = TIM_OCMODE_PWM1;
 261:Core/Src/main.c ****   sConfigOC.Pulse = 0;
ARM GAS  /var/folders/bp/ytvqs5756l50d7lg2fzmjpcr0000gn/T//ccf7b8g3.s 			page 6


 262:Core/Src/main.c ****   sConfigOC.OCPolarity = TIM_OCPOLARITY_HIGH;
 263:Core/Src/main.c ****   sConfigOC.OCNPolarity = TIM_OCNPOLARITY_HIGH;
 264:Core/Src/main.c ****   sConfigOC.OCFastMode = TIM_OCFAST_DISABLE;
 265:Core/Src/main.c ****   sConfigOC.OCIdleState = TIM_OCIDLESTATE_RESET;
 266:Core/Src/main.c ****   sConfigOC.OCNIdleState = TIM_OCNIDLESTATE_RESET;
 267:Core/Src/main.c ****   if (HAL_TIM_PWM_ConfigChannel(&htim16, &sConfigOC, TIM_CHANNEL_1) != HAL_OK)
 268:Core/Src/main.c ****   {
 269:Core/Src/main.c ****     Error_Handler();
 270:Core/Src/main.c ****   }
 271:Core/Src/main.c ****   sBreakDeadTimeConfig.OffStateRunMode = TIM_OSSR_DISABLE;
 272:Core/Src/main.c ****   sBreakDeadTimeConfig.OffStateIDLEMode = TIM_OSSI_DISABLE;
 273:Core/Src/main.c ****   sBreakDeadTimeConfig.LockLevel = TIM_LOCKLEVEL_OFF;
 274:Core/Src/main.c ****   sBreakDeadTimeConfig.DeadTime = 0;
 275:Core/Src/main.c ****   sBreakDeadTimeConfig.BreakState = TIM_BREAK_DISABLE;
 276:Core/Src/main.c ****   sBreakDeadTimeConfig.BreakPolarity = TIM_BREAKPOLARITY_HIGH;
 277:Core/Src/main.c ****   sBreakDeadTimeConfig.AutomaticOutput = TIM_AUTOMATICOUTPUT_DISABLE;
 278:Core/Src/main.c ****   if (HAL_TIMEx_ConfigBreakDeadTime(&htim16, &sBreakDeadTimeConfig) != HAL_OK)
 279:Core/Src/main.c ****   {
 280:Core/Src/main.c ****     Error_Handler();
 281:Core/Src/main.c ****   }
 282:Core/Src/main.c ****   /* USER CODE BEGIN TIM16_Init 2 */
 283:Core/Src/main.c **** 
 284:Core/Src/main.c ****   /* USER CODE END TIM16_Init 2 */
 285:Core/Src/main.c ****   HAL_TIM_MspPostInit(&htim16);
 286:Core/Src/main.c **** 
 287:Core/Src/main.c **** }
 288:Core/Src/main.c **** 
 289:Core/Src/main.c **** /**
 290:Core/Src/main.c ****   * @brief USART1 Initialization Function
 291:Core/Src/main.c ****   * @param None
 292:Core/Src/main.c ****   * @retval None
 293:Core/Src/main.c ****   */
 294:Core/Src/main.c **** static void MX_USART1_UART_Init(void)
 295:Core/Src/main.c **** {
 296:Core/Src/main.c **** 
 297:Core/Src/main.c ****   /* USER CODE BEGIN USART1_Init 0 */
 298:Core/Src/main.c **** 
 299:Core/Src/main.c ****   /* USER CODE END USART1_Init 0 */
 300:Core/Src/main.c **** 
 301:Core/Src/main.c ****   /* USER CODE BEGIN USART1_Init 1 */
 302:Core/Src/main.c **** 
 303:Core/Src/main.c ****   /* USER CODE END USART1_Init 1 */
 304:Core/Src/main.c ****   huart1.Instance = USART1;
 305:Core/Src/main.c ****   huart1.Init.BaudRate = 38400;
 306:Core/Src/main.c ****   huart1.Init.WordLength = UART_WORDLENGTH_8B;
 307:Core/Src/main.c ****   huart1.Init.StopBits = UART_STOPBITS_1;
 308:Core/Src/main.c ****   huart1.Init.Parity = UART_PARITY_NONE;
 309:Core/Src/main.c ****   huart1.Init.Mode = UART_MODE_TX_RX;
 310:Core/Src/main.c ****   huart1.Init.HwFlowCtl = UART_HWCONTROL_NONE;
 311:Core/Src/main.c ****   huart1.Init.OverSampling = UART_OVERSAMPLING_16;
 312:Core/Src/main.c ****   huart1.Init.OneBitSampling = UART_ONE_BIT_SAMPLE_DISABLE;
 313:Core/Src/main.c ****   huart1.AdvancedInit.AdvFeatureInit = UART_ADVFEATURE_NO_INIT;
 314:Core/Src/main.c ****   if (HAL_UART_Init(&huart1) != HAL_OK)
 315:Core/Src/main.c ****   {
 316:Core/Src/main.c ****     Error_Handler();
 317:Core/Src/main.c ****   }
 318:Core/Src/main.c ****   /* USER CODE BEGIN USART1_Init 2 */
ARM GAS  /var/folders/bp/ytvqs5756l50d7lg2fzmjpcr0000gn/T//ccf7b8g3.s 			page 7


 319:Core/Src/main.c **** 
 320:Core/Src/main.c ****   /* USER CODE END USART1_Init 2 */
 321:Core/Src/main.c **** 
 322:Core/Src/main.c **** }
 323:Core/Src/main.c **** 
 324:Core/Src/main.c **** /**
 325:Core/Src/main.c ****   * @brief GPIO Initialization Function
 326:Core/Src/main.c ****   * @param None
 327:Core/Src/main.c ****   * @retval None
 328:Core/Src/main.c ****   */
 329:Core/Src/main.c **** static void MX_GPIO_Init(void)
 330:Core/Src/main.c **** {
  26              		.loc 1 330 1 view -0
  27              		.cfi_startproc
  28              		@ args = 0, pretend = 0, frame = 32
  29              		@ frame_needed = 0, uses_anonymous_args = 0
  30 0000 F0B5     		push	{r4, r5, r6, r7, lr}
  31              	.LCFI0:
  32              		.cfi_def_cfa_offset 20
  33              		.cfi_offset 4, -20
  34              		.cfi_offset 5, -16
  35              		.cfi_offset 6, -12
  36              		.cfi_offset 7, -8
  37              		.cfi_offset 14, -4
  38 0002 89B0     		sub	sp, sp, #36
  39              	.LCFI1:
  40              		.cfi_def_cfa_offset 56
 331:Core/Src/main.c ****   GPIO_InitTypeDef GPIO_InitStruct = {0};
  41              		.loc 1 331 3 view .LVU1
  42              		.loc 1 331 20 is_stmt 0 view .LVU2
  43 0004 03AC     		add	r4, sp, #12
  44 0006 1422     		movs	r2, #20
  45 0008 0021     		movs	r1, #0
  46 000a 2000     		movs	r0, r4
  47 000c FFF7FEFF 		bl	memset
  48              	.LVL0:
 332:Core/Src/main.c **** /* USER CODE BEGIN MX_GPIO_Init_1 */
 333:Core/Src/main.c **** /* USER CODE END MX_GPIO_Init_1 */
 334:Core/Src/main.c **** 
 335:Core/Src/main.c ****   /* GPIO Ports Clock Enable */
 336:Core/Src/main.c ****   __HAL_RCC_GPIOF_CLK_ENABLE();
  49              		.loc 1 336 3 is_stmt 1 view .LVU3
  50              	.LBB4:
  51              		.loc 1 336 3 view .LVU4
  52              		.loc 1 336 3 view .LVU5
  53 0010 2A4B     		ldr	r3, .L2
  54 0012 5A69     		ldr	r2, [r3, #20]
  55 0014 8021     		movs	r1, #128
  56 0016 C903     		lsls	r1, r1, #15
  57 0018 0A43     		orrs	r2, r1
  58 001a 5A61     		str	r2, [r3, #20]
  59              		.loc 1 336 3 view .LVU6
  60 001c 5A69     		ldr	r2, [r3, #20]
  61 001e 0A40     		ands	r2, r1
  62 0020 0092     		str	r2, [sp]
  63              		.loc 1 336 3 view .LVU7
  64 0022 009A     		ldr	r2, [sp]
ARM GAS  /var/folders/bp/ytvqs5756l50d7lg2fzmjpcr0000gn/T//ccf7b8g3.s 			page 8


  65              	.LBE4:
  66              		.loc 1 336 3 view .LVU8
 337:Core/Src/main.c ****   __HAL_RCC_GPIOA_CLK_ENABLE();
  67              		.loc 1 337 3 view .LVU9
  68              	.LBB5:
  69              		.loc 1 337 3 view .LVU10
  70              		.loc 1 337 3 view .LVU11
  71 0024 5A69     		ldr	r2, [r3, #20]
  72 0026 8021     		movs	r1, #128
  73 0028 8902     		lsls	r1, r1, #10
  74 002a 0A43     		orrs	r2, r1
  75 002c 5A61     		str	r2, [r3, #20]
  76              		.loc 1 337 3 view .LVU12
  77 002e 5A69     		ldr	r2, [r3, #20]
  78 0030 0A40     		ands	r2, r1
  79 0032 0192     		str	r2, [sp, #4]
  80              		.loc 1 337 3 view .LVU13
  81 0034 019A     		ldr	r2, [sp, #4]
  82              	.LBE5:
  83              		.loc 1 337 3 view .LVU14
 338:Core/Src/main.c ****   __HAL_RCC_GPIOB_CLK_ENABLE();
  84              		.loc 1 338 3 view .LVU15
  85              	.LBB6:
  86              		.loc 1 338 3 view .LVU16
  87              		.loc 1 338 3 view .LVU17
  88 0036 5A69     		ldr	r2, [r3, #20]
  89 0038 8021     		movs	r1, #128
  90 003a C902     		lsls	r1, r1, #11
  91 003c 0A43     		orrs	r2, r1
  92 003e 5A61     		str	r2, [r3, #20]
  93              		.loc 1 338 3 view .LVU18
  94 0040 5B69     		ldr	r3, [r3, #20]
  95 0042 0B40     		ands	r3, r1
  96 0044 0293     		str	r3, [sp, #8]
  97              		.loc 1 338 3 view .LVU19
  98 0046 029B     		ldr	r3, [sp, #8]
  99              	.LBE6:
 100              		.loc 1 338 3 view .LVU20
 339:Core/Src/main.c **** 
 340:Core/Src/main.c ****   /*Configure GPIO pin Output Level */
 341:Core/Src/main.c ****   HAL_GPIO_WritePin(GPIOB, GPIO_PIN_13, GPIO_PIN_RESET);
 101              		.loc 1 341 3 view .LVU21
 102 0048 8027     		movs	r7, #128
 103 004a BF01     		lsls	r7, r7, #6
 104 004c 1C4D     		ldr	r5, .L2+4
 105 004e 0022     		movs	r2, #0
 106 0050 3900     		movs	r1, r7
 107 0052 2800     		movs	r0, r5
 108 0054 FFF7FEFF 		bl	HAL_GPIO_WritePin
 109              	.LVL1:
 342:Core/Src/main.c **** 
 343:Core/Src/main.c ****   /*Configure GPIO pins : PA0 PA1 */
 344:Core/Src/main.c ****   GPIO_InitStruct.Pin = GPIO_PIN_0|GPIO_PIN_1;
 110              		.loc 1 344 3 view .LVU22
 111              		.loc 1 344 23 is_stmt 0 view .LVU23
 112 0058 0323     		movs	r3, #3
 113 005a 0393     		str	r3, [sp, #12]
ARM GAS  /var/folders/bp/ytvqs5756l50d7lg2fzmjpcr0000gn/T//ccf7b8g3.s 			page 9


 345:Core/Src/main.c ****   GPIO_InitStruct.Mode = GPIO_MODE_IT_RISING;
 114              		.loc 1 345 3 is_stmt 1 view .LVU24
 115              		.loc 1 345 24 is_stmt 0 view .LVU25
 116 005c 8823     		movs	r3, #136
 117 005e 5B03     		lsls	r3, r3, #13
 118 0060 0493     		str	r3, [sp, #16]
 346:Core/Src/main.c ****   GPIO_InitStruct.Pull = GPIO_NOPULL;
 119              		.loc 1 346 3 is_stmt 1 view .LVU26
 120              		.loc 1 346 24 is_stmt 0 view .LVU27
 121 0062 0026     		movs	r6, #0
 122 0064 0596     		str	r6, [sp, #20]
 347:Core/Src/main.c ****   HAL_GPIO_Init(GPIOA, &GPIO_InitStruct);
 123              		.loc 1 347 3 is_stmt 1 view .LVU28
 124 0066 9020     		movs	r0, #144
 125 0068 2100     		movs	r1, r4
 126 006a C005     		lsls	r0, r0, #23
 127 006c FFF7FEFF 		bl	HAL_GPIO_Init
 128              	.LVL2:
 348:Core/Src/main.c **** 
 349:Core/Src/main.c ****   /*Configure GPIO pin : PB13 */
 350:Core/Src/main.c ****   GPIO_InitStruct.Pin = GPIO_PIN_13;
 129              		.loc 1 350 3 view .LVU29
 130              		.loc 1 350 23 is_stmt 0 view .LVU30
 131 0070 0397     		str	r7, [sp, #12]
 351:Core/Src/main.c ****   GPIO_InitStruct.Mode = GPIO_MODE_OUTPUT_PP;
 132              		.loc 1 351 3 is_stmt 1 view .LVU31
 133              		.loc 1 351 24 is_stmt 0 view .LVU32
 134 0072 0127     		movs	r7, #1
 135 0074 0497     		str	r7, [sp, #16]
 352:Core/Src/main.c ****   GPIO_InitStruct.Pull = GPIO_NOPULL;
 136              		.loc 1 352 3 is_stmt 1 view .LVU33
 137              		.loc 1 352 24 is_stmt 0 view .LVU34
 138 0076 0596     		str	r6, [sp, #20]
 353:Core/Src/main.c ****   GPIO_InitStruct.Speed = GPIO_SPEED_FREQ_LOW;
 139              		.loc 1 353 3 is_stmt 1 view .LVU35
 140              		.loc 1 353 25 is_stmt 0 view .LVU36
 141 0078 0696     		str	r6, [sp, #24]
 354:Core/Src/main.c ****   HAL_GPIO_Init(GPIOB, &GPIO_InitStruct);
 142              		.loc 1 354 3 is_stmt 1 view .LVU37
 143 007a 2100     		movs	r1, r4
 144 007c 2800     		movs	r0, r5
 145 007e FFF7FEFF 		bl	HAL_GPIO_Init
 146              	.LVL3:
 355:Core/Src/main.c **** 
 356:Core/Src/main.c ****   /*Configure GPIO pin : PB5 */
 357:Core/Src/main.c ****   GPIO_InitStruct.Pin = GPIO_PIN_5;
 147              		.loc 1 357 3 view .LVU38
 148              		.loc 1 357 23 is_stmt 0 view .LVU39
 149 0082 2023     		movs	r3, #32
 150 0084 0393     		str	r3, [sp, #12]
 358:Core/Src/main.c ****   GPIO_InitStruct.Mode = GPIO_MODE_IT_RISING_FALLING;
 151              		.loc 1 358 3 is_stmt 1 view .LVU40
 152              		.loc 1 358 24 is_stmt 0 view .LVU41
 153 0086 C423     		movs	r3, #196
 154 0088 9B03     		lsls	r3, r3, #14
 155 008a 0493     		str	r3, [sp, #16]
 359:Core/Src/main.c ****   GPIO_InitStruct.Pull = GPIO_PULLUP;
ARM GAS  /var/folders/bp/ytvqs5756l50d7lg2fzmjpcr0000gn/T//ccf7b8g3.s 			page 10


 156              		.loc 1 359 3 is_stmt 1 view .LVU42
 157              		.loc 1 359 24 is_stmt 0 view .LVU43
 158 008c 0597     		str	r7, [sp, #20]
 360:Core/Src/main.c ****   HAL_GPIO_Init(GPIOB, &GPIO_InitStruct);
 159              		.loc 1 360 3 is_stmt 1 view .LVU44
 160 008e 2100     		movs	r1, r4
 161 0090 2800     		movs	r0, r5
 162 0092 FFF7FEFF 		bl	HAL_GPIO_Init
 163              	.LVL4:
 361:Core/Src/main.c **** 
 362:Core/Src/main.c ****   /* EXTI interrupt init*/
 363:Core/Src/main.c ****   HAL_NVIC_SetPriority(EXTI0_1_IRQn, 0, 0);
 164              		.loc 1 363 3 view .LVU45
 165 0096 0022     		movs	r2, #0
 166 0098 0021     		movs	r1, #0
 167 009a 0520     		movs	r0, #5
 168 009c FFF7FEFF 		bl	HAL_NVIC_SetPriority
 169              	.LVL5:
 364:Core/Src/main.c ****   HAL_NVIC_EnableIRQ(EXTI0_1_IRQn);
 170              		.loc 1 364 3 view .LVU46
 171 00a0 0520     		movs	r0, #5
 172 00a2 FFF7FEFF 		bl	HAL_NVIC_EnableIRQ
 173              	.LVL6:
 365:Core/Src/main.c **** 
 366:Core/Src/main.c ****   HAL_NVIC_SetPriority(EXTI4_15_IRQn, 0, 0);
 174              		.loc 1 366 3 view .LVU47
 175 00a6 0022     		movs	r2, #0
 176 00a8 0021     		movs	r1, #0
 177 00aa 0720     		movs	r0, #7
 178 00ac FFF7FEFF 		bl	HAL_NVIC_SetPriority
 179              	.LVL7:
 367:Core/Src/main.c ****   HAL_NVIC_EnableIRQ(EXTI4_15_IRQn);
 180              		.loc 1 367 3 view .LVU48
 181 00b0 0720     		movs	r0, #7
 182 00b2 FFF7FEFF 		bl	HAL_NVIC_EnableIRQ
 183              	.LVL8:
 368:Core/Src/main.c **** 
 369:Core/Src/main.c **** /* USER CODE BEGIN MX_GPIO_Init_2 */
 370:Core/Src/main.c **** /* USER CODE END MX_GPIO_Init_2 */
 371:Core/Src/main.c **** }
 184              		.loc 1 371 1 is_stmt 0 view .LVU49
 185 00b6 09B0     		add	sp, sp, #36
 186              		@ sp needed
 187 00b8 F0BD     		pop	{r4, r5, r6, r7, pc}
 188              	.L3:
 189 00ba C046     		.align	2
 190              	.L2:
 191 00bc 00100240 		.word	1073876992
 192 00c0 00040048 		.word	1207960576
 193              		.cfi_endproc
 194              	.LFE48:
 196              		.section	.text.HAL_GPIO_EXTI_Callback,"ax",%progbits
 197              		.align	1
 198              		.global	HAL_GPIO_EXTI_Callback
 199              		.syntax unified
 200              		.code	16
 201              		.thumb_func
ARM GAS  /var/folders/bp/ytvqs5756l50d7lg2fzmjpcr0000gn/T//ccf7b8g3.s 			page 11


 203              	HAL_GPIO_EXTI_Callback:
 204              	.LVL9:
 205              	.LFB49:
 372:Core/Src/main.c **** 
 373:Core/Src/main.c **** /* USER CODE BEGIN 4 */
 374:Core/Src/main.c **** void HAL_GPIO_EXTI_Callback(uint16_t GPIO_Pin)
 375:Core/Src/main.c **** {
 206              		.loc 1 375 1 is_stmt 1 view -0
 207              		.cfi_startproc
 208              		@ args = 0, pretend = 0, frame = 0
 209              		@ frame_needed = 0, uses_anonymous_args = 0
 210              		.loc 1 375 1 is_stmt 0 view .LVU51
 211 0000 10B5     		push	{r4, lr}
 212              	.LCFI2:
 213              		.cfi_def_cfa_offset 8
 214              		.cfi_offset 4, -8
 215              		.cfi_offset 14, -4
 376:Core/Src/main.c ****     // Button interrupt (PB5) - wake up from sleep mode
 377:Core/Src/main.c ****     if (GPIO_Pin == GPIO_PIN_5)
 216              		.loc 1 377 5 is_stmt 1 view .LVU52
 217              		.loc 1 377 8 is_stmt 0 view .LVU53
 218 0002 2028     		cmp	r0, #32
 219 0004 04D0     		beq	.L8
 378:Core/Src/main.c ****     {
 379:Core/Src/main.c ****         // Call wake device function to set button wake-up flag
 380:Core/Src/main.c ****         sleep_controller_wake_device();
 381:Core/Src/main.c ****     }
 382:Core/Src/main.c ****     else if (GPIO_Pin == GPIO_PIN_0)
 220              		.loc 1 382 10 is_stmt 1 view .LVU54
 221              		.loc 1 382 13 is_stmt 0 view .LVU55
 222 0006 0128     		cmp	r0, #1
 223 0008 05D0     		beq	.L9
 383:Core/Src/main.c ****     {
 384:Core/Src/main.c ****         accelerometer_handle_int2();
 385:Core/Src/main.c ****     }
 386:Core/Src/main.c ****     else if (GPIO_Pin == GPIO_PIN_1)
 224              		.loc 1 386 10 is_stmt 1 view .LVU56
 225              		.loc 1 386 13 is_stmt 0 view .LVU57
 226 000a 0228     		cmp	r0, #2
 227 000c 06D0     		beq	.L10
 228              	.LVL10:
 229              	.L4:
 387:Core/Src/main.c ****     {
 388:Core/Src/main.c ****         accelerometer_handle_int1();
 389:Core/Src/main.c ****     }
 390:Core/Src/main.c **** 
 391:Core/Src/main.c ****     // You can handle more EXTI pins if needed
 392:Core/Src/main.c **** }
 230              		.loc 1 392 1 view .LVU58
 231              		@ sp needed
 232 000e 10BD     		pop	{r4, pc}
 233              	.LVL11:
 234              	.L8:
 380:Core/Src/main.c ****     }
 235              		.loc 1 380 9 is_stmt 1 view .LVU59
 236 0010 FFF7FEFF 		bl	sleep_controller_wake_device
 237              	.LVL12:
ARM GAS  /var/folders/bp/ytvqs5756l50d7lg2fzmjpcr0000gn/T//ccf7b8g3.s 			page 12


 380:Core/Src/main.c ****     }
 238              		.loc 1 380 9 is_stmt 0 view .LVU60
 239 0014 FBE7     		b	.L4
 240              	.LVL13:
 241              	.L9:
 384:Core/Src/main.c ****     }
 242              		.loc 1 384 9 is_stmt 1 view .LVU61
 243 0016 FFF7FEFF 		bl	accelerometer_handle_int2
 244              	.LVL14:
 384:Core/Src/main.c ****     }
 245              		.loc 1 384 9 is_stmt 0 view .LVU62
 246 001a F8E7     		b	.L4
 247              	.LVL15:
 248              	.L10:
 388:Core/Src/main.c ****     }
 249              		.loc 1 388 9 is_stmt 1 view .LVU63
 250 001c FFF7FEFF 		bl	accelerometer_handle_int1
 251              	.LVL16:
 252              		.loc 1 392 1 is_stmt 0 view .LVU64
 253 0020 F5E7     		b	.L4
 254              		.cfi_endproc
 255              	.LFE49:
 257              		.section	.text.Error_Handler,"ax",%progbits
 258              		.align	1
 259              		.global	Error_Handler
 260              		.syntax unified
 261              		.code	16
 262              		.thumb_func
 264              	Error_Handler:
 265              	.LFB50:
 393:Core/Src/main.c **** 
 394:Core/Src/main.c **** /* USER CODE END 4 */
 395:Core/Src/main.c **** 
 396:Core/Src/main.c **** /**
 397:Core/Src/main.c ****   * @brief  This function is executed in case of error occurrence.
 398:Core/Src/main.c ****   * @retval None
 399:Core/Src/main.c ****   */
 400:Core/Src/main.c **** void Error_Handler(void)
 401:Core/Src/main.c **** {
 266              		.loc 1 401 1 is_stmt 1 view -0
 267              		.cfi_startproc
 268              		@ Volatile: function does not return.
 269              		@ args = 0, pretend = 0, frame = 0
 270              		@ frame_needed = 0, uses_anonymous_args = 0
 271              		@ link register save eliminated.
 402:Core/Src/main.c ****   /* USER CODE BEGIN Error_Handler_Debug */
 403:Core/Src/main.c ****   /* User can add his own implementation to report the HAL error return state */
 404:Core/Src/main.c ****   __disable_irq();
 272              		.loc 1 404 3 view .LVU66
 273              	.LBB7:
 274              	.LBI7:
 275              		.file 2 "Drivers/CMSIS/Include/cmsis_gcc.h"
   1:Drivers/CMSIS/Include/cmsis_gcc.h **** /**************************************************************************//**
   2:Drivers/CMSIS/Include/cmsis_gcc.h ****  * @file     cmsis_gcc.h
   3:Drivers/CMSIS/Include/cmsis_gcc.h ****  * @brief    CMSIS compiler GCC header file
   4:Drivers/CMSIS/Include/cmsis_gcc.h ****  * @version  V5.0.4
   5:Drivers/CMSIS/Include/cmsis_gcc.h ****  * @date     09. April 2018
ARM GAS  /var/folders/bp/ytvqs5756l50d7lg2fzmjpcr0000gn/T//ccf7b8g3.s 			page 13


   6:Drivers/CMSIS/Include/cmsis_gcc.h ****  ******************************************************************************/
   7:Drivers/CMSIS/Include/cmsis_gcc.h **** /*
   8:Drivers/CMSIS/Include/cmsis_gcc.h ****  * Copyright (c) 2009-2018 Arm Limited. All rights reserved.
   9:Drivers/CMSIS/Include/cmsis_gcc.h ****  *
  10:Drivers/CMSIS/Include/cmsis_gcc.h ****  * SPDX-License-Identifier: Apache-2.0
  11:Drivers/CMSIS/Include/cmsis_gcc.h ****  *
  12:Drivers/CMSIS/Include/cmsis_gcc.h ****  * Licensed under the Apache License, Version 2.0 (the License); you may
  13:Drivers/CMSIS/Include/cmsis_gcc.h ****  * not use this file except in compliance with the License.
  14:Drivers/CMSIS/Include/cmsis_gcc.h ****  * You may obtain a copy of the License at
  15:Drivers/CMSIS/Include/cmsis_gcc.h ****  *
  16:Drivers/CMSIS/Include/cmsis_gcc.h ****  * www.apache.org/licenses/LICENSE-2.0
  17:Drivers/CMSIS/Include/cmsis_gcc.h ****  *
  18:Drivers/CMSIS/Include/cmsis_gcc.h ****  * Unless required by applicable law or agreed to in writing, software
  19:Drivers/CMSIS/Include/cmsis_gcc.h ****  * distributed under the License is distributed on an AS IS BASIS, WITHOUT
  20:Drivers/CMSIS/Include/cmsis_gcc.h ****  * WARRANTIES OR CONDITIONS OF ANY KIND, either express or implied.
  21:Drivers/CMSIS/Include/cmsis_gcc.h ****  * See the License for the specific language governing permissions and
  22:Drivers/CMSIS/Include/cmsis_gcc.h ****  * limitations under the License.
  23:Drivers/CMSIS/Include/cmsis_gcc.h ****  */
  24:Drivers/CMSIS/Include/cmsis_gcc.h **** 
  25:Drivers/CMSIS/Include/cmsis_gcc.h **** #ifndef __CMSIS_GCC_H
  26:Drivers/CMSIS/Include/cmsis_gcc.h **** #define __CMSIS_GCC_H
  27:Drivers/CMSIS/Include/cmsis_gcc.h **** 
  28:Drivers/CMSIS/Include/cmsis_gcc.h **** /* ignore some GCC warnings */
  29:Drivers/CMSIS/Include/cmsis_gcc.h **** #pragma GCC diagnostic push
  30:Drivers/CMSIS/Include/cmsis_gcc.h **** #pragma GCC diagnostic ignored "-Wsign-conversion"
  31:Drivers/CMSIS/Include/cmsis_gcc.h **** #pragma GCC diagnostic ignored "-Wconversion"
  32:Drivers/CMSIS/Include/cmsis_gcc.h **** #pragma GCC diagnostic ignored "-Wunused-parameter"
  33:Drivers/CMSIS/Include/cmsis_gcc.h **** 
  34:Drivers/CMSIS/Include/cmsis_gcc.h **** /* Fallback for __has_builtin */
  35:Drivers/CMSIS/Include/cmsis_gcc.h **** #ifndef __has_builtin
  36:Drivers/CMSIS/Include/cmsis_gcc.h ****   #define __has_builtin(x) (0)
  37:Drivers/CMSIS/Include/cmsis_gcc.h **** #endif
  38:Drivers/CMSIS/Include/cmsis_gcc.h **** 
  39:Drivers/CMSIS/Include/cmsis_gcc.h **** /* CMSIS compiler specific defines */
  40:Drivers/CMSIS/Include/cmsis_gcc.h **** #ifndef   __ASM
  41:Drivers/CMSIS/Include/cmsis_gcc.h ****   #define __ASM                                  __asm
  42:Drivers/CMSIS/Include/cmsis_gcc.h **** #endif
  43:Drivers/CMSIS/Include/cmsis_gcc.h **** #ifndef   __INLINE
  44:Drivers/CMSIS/Include/cmsis_gcc.h ****   #define __INLINE                               inline
  45:Drivers/CMSIS/Include/cmsis_gcc.h **** #endif
  46:Drivers/CMSIS/Include/cmsis_gcc.h **** #ifndef   __STATIC_INLINE
  47:Drivers/CMSIS/Include/cmsis_gcc.h ****   #define __STATIC_INLINE                        static inline
  48:Drivers/CMSIS/Include/cmsis_gcc.h **** #endif
  49:Drivers/CMSIS/Include/cmsis_gcc.h **** #ifndef   __STATIC_FORCEINLINE                 
  50:Drivers/CMSIS/Include/cmsis_gcc.h ****   #define __STATIC_FORCEINLINE                   __attribute__((always_inline)) static inline
  51:Drivers/CMSIS/Include/cmsis_gcc.h **** #endif                                           
  52:Drivers/CMSIS/Include/cmsis_gcc.h **** #ifndef   __NO_RETURN
  53:Drivers/CMSIS/Include/cmsis_gcc.h ****   #define __NO_RETURN                            __attribute__((__noreturn__))
  54:Drivers/CMSIS/Include/cmsis_gcc.h **** #endif
  55:Drivers/CMSIS/Include/cmsis_gcc.h **** #ifndef   __USED
  56:Drivers/CMSIS/Include/cmsis_gcc.h ****   #define __USED                                 __attribute__((used))
  57:Drivers/CMSIS/Include/cmsis_gcc.h **** #endif
  58:Drivers/CMSIS/Include/cmsis_gcc.h **** #ifndef   __WEAK
  59:Drivers/CMSIS/Include/cmsis_gcc.h ****   #define __WEAK                                 __attribute__((weak))
  60:Drivers/CMSIS/Include/cmsis_gcc.h **** #endif
  61:Drivers/CMSIS/Include/cmsis_gcc.h **** #ifndef   __PACKED
  62:Drivers/CMSIS/Include/cmsis_gcc.h ****   #define __PACKED                               __attribute__((packed, aligned(1)))
ARM GAS  /var/folders/bp/ytvqs5756l50d7lg2fzmjpcr0000gn/T//ccf7b8g3.s 			page 14


  63:Drivers/CMSIS/Include/cmsis_gcc.h **** #endif
  64:Drivers/CMSIS/Include/cmsis_gcc.h **** #ifndef   __PACKED_STRUCT
  65:Drivers/CMSIS/Include/cmsis_gcc.h ****   #define __PACKED_STRUCT                        struct __attribute__((packed, aligned(1)))
  66:Drivers/CMSIS/Include/cmsis_gcc.h **** #endif
  67:Drivers/CMSIS/Include/cmsis_gcc.h **** #ifndef   __PACKED_UNION
  68:Drivers/CMSIS/Include/cmsis_gcc.h ****   #define __PACKED_UNION                         union __attribute__((packed, aligned(1)))
  69:Drivers/CMSIS/Include/cmsis_gcc.h **** #endif
  70:Drivers/CMSIS/Include/cmsis_gcc.h **** #ifndef   __UNALIGNED_UINT32        /* deprecated */
  71:Drivers/CMSIS/Include/cmsis_gcc.h ****   #pragma GCC diagnostic push
  72:Drivers/CMSIS/Include/cmsis_gcc.h ****   #pragma GCC diagnostic ignored "-Wpacked"
  73:Drivers/CMSIS/Include/cmsis_gcc.h ****   #pragma GCC diagnostic ignored "-Wattributes"
  74:Drivers/CMSIS/Include/cmsis_gcc.h ****   struct __attribute__((packed)) T_UINT32 { uint32_t v; };
  75:Drivers/CMSIS/Include/cmsis_gcc.h ****   #pragma GCC diagnostic pop
  76:Drivers/CMSIS/Include/cmsis_gcc.h ****   #define __UNALIGNED_UINT32(x)                  (((struct T_UINT32 *)(x))->v)
  77:Drivers/CMSIS/Include/cmsis_gcc.h **** #endif
  78:Drivers/CMSIS/Include/cmsis_gcc.h **** #ifndef   __UNALIGNED_UINT16_WRITE
  79:Drivers/CMSIS/Include/cmsis_gcc.h ****   #pragma GCC diagnostic push
  80:Drivers/CMSIS/Include/cmsis_gcc.h ****   #pragma GCC diagnostic ignored "-Wpacked"
  81:Drivers/CMSIS/Include/cmsis_gcc.h ****   #pragma GCC diagnostic ignored "-Wattributes"
  82:Drivers/CMSIS/Include/cmsis_gcc.h ****   __PACKED_STRUCT T_UINT16_WRITE { uint16_t v; };
  83:Drivers/CMSIS/Include/cmsis_gcc.h ****   #pragma GCC diagnostic pop
  84:Drivers/CMSIS/Include/cmsis_gcc.h ****   #define __UNALIGNED_UINT16_WRITE(addr, val)    (void)((((struct T_UINT16_WRITE *)(void *)(addr))-
  85:Drivers/CMSIS/Include/cmsis_gcc.h **** #endif
  86:Drivers/CMSIS/Include/cmsis_gcc.h **** #ifndef   __UNALIGNED_UINT16_READ
  87:Drivers/CMSIS/Include/cmsis_gcc.h ****   #pragma GCC diagnostic push
  88:Drivers/CMSIS/Include/cmsis_gcc.h ****   #pragma GCC diagnostic ignored "-Wpacked"
  89:Drivers/CMSIS/Include/cmsis_gcc.h ****   #pragma GCC diagnostic ignored "-Wattributes"
  90:Drivers/CMSIS/Include/cmsis_gcc.h ****   __PACKED_STRUCT T_UINT16_READ { uint16_t v; };
  91:Drivers/CMSIS/Include/cmsis_gcc.h ****   #pragma GCC diagnostic pop
  92:Drivers/CMSIS/Include/cmsis_gcc.h ****   #define __UNALIGNED_UINT16_READ(addr)          (((const struct T_UINT16_READ *)(const void *)(add
  93:Drivers/CMSIS/Include/cmsis_gcc.h **** #endif
  94:Drivers/CMSIS/Include/cmsis_gcc.h **** #ifndef   __UNALIGNED_UINT32_WRITE
  95:Drivers/CMSIS/Include/cmsis_gcc.h ****   #pragma GCC diagnostic push
  96:Drivers/CMSIS/Include/cmsis_gcc.h ****   #pragma GCC diagnostic ignored "-Wpacked"
  97:Drivers/CMSIS/Include/cmsis_gcc.h ****   #pragma GCC diagnostic ignored "-Wattributes"
  98:Drivers/CMSIS/Include/cmsis_gcc.h ****   __PACKED_STRUCT T_UINT32_WRITE { uint32_t v; };
  99:Drivers/CMSIS/Include/cmsis_gcc.h ****   #pragma GCC diagnostic pop
 100:Drivers/CMSIS/Include/cmsis_gcc.h ****   #define __UNALIGNED_UINT32_WRITE(addr, val)    (void)((((struct T_UINT32_WRITE *)(void *)(addr))-
 101:Drivers/CMSIS/Include/cmsis_gcc.h **** #endif
 102:Drivers/CMSIS/Include/cmsis_gcc.h **** #ifndef   __UNALIGNED_UINT32_READ
 103:Drivers/CMSIS/Include/cmsis_gcc.h ****   #pragma GCC diagnostic push
 104:Drivers/CMSIS/Include/cmsis_gcc.h ****   #pragma GCC diagnostic ignored "-Wpacked"
 105:Drivers/CMSIS/Include/cmsis_gcc.h ****   #pragma GCC diagnostic ignored "-Wattributes"
 106:Drivers/CMSIS/Include/cmsis_gcc.h ****   __PACKED_STRUCT T_UINT32_READ { uint32_t v; };
 107:Drivers/CMSIS/Include/cmsis_gcc.h ****   #pragma GCC diagnostic pop
 108:Drivers/CMSIS/Include/cmsis_gcc.h ****   #define __UNALIGNED_UINT32_READ(addr)          (((const struct T_UINT32_READ *)(const void *)(add
 109:Drivers/CMSIS/Include/cmsis_gcc.h **** #endif
 110:Drivers/CMSIS/Include/cmsis_gcc.h **** #ifndef   __ALIGNED
 111:Drivers/CMSIS/Include/cmsis_gcc.h ****   #define __ALIGNED(x)                           __attribute__((aligned(x)))
 112:Drivers/CMSIS/Include/cmsis_gcc.h **** #endif
 113:Drivers/CMSIS/Include/cmsis_gcc.h **** #ifndef   __RESTRICT
 114:Drivers/CMSIS/Include/cmsis_gcc.h ****   #define __RESTRICT                             __restrict
 115:Drivers/CMSIS/Include/cmsis_gcc.h **** #endif
 116:Drivers/CMSIS/Include/cmsis_gcc.h **** 
 117:Drivers/CMSIS/Include/cmsis_gcc.h **** 
 118:Drivers/CMSIS/Include/cmsis_gcc.h **** /* ###########################  Core Function Access  ########################### */
 119:Drivers/CMSIS/Include/cmsis_gcc.h **** /** \ingroup  CMSIS_Core_FunctionInterface
ARM GAS  /var/folders/bp/ytvqs5756l50d7lg2fzmjpcr0000gn/T//ccf7b8g3.s 			page 15


 120:Drivers/CMSIS/Include/cmsis_gcc.h ****     \defgroup CMSIS_Core_RegAccFunctions CMSIS Core Register Access Functions
 121:Drivers/CMSIS/Include/cmsis_gcc.h ****   @{
 122:Drivers/CMSIS/Include/cmsis_gcc.h ****  */
 123:Drivers/CMSIS/Include/cmsis_gcc.h **** 
 124:Drivers/CMSIS/Include/cmsis_gcc.h **** /**
 125:Drivers/CMSIS/Include/cmsis_gcc.h ****   \brief   Enable IRQ Interrupts
 126:Drivers/CMSIS/Include/cmsis_gcc.h ****   \details Enables IRQ interrupts by clearing the I-bit in the CPSR.
 127:Drivers/CMSIS/Include/cmsis_gcc.h ****            Can only be executed in Privileged modes.
 128:Drivers/CMSIS/Include/cmsis_gcc.h ****  */
 129:Drivers/CMSIS/Include/cmsis_gcc.h **** __STATIC_FORCEINLINE void __enable_irq(void)
 130:Drivers/CMSIS/Include/cmsis_gcc.h **** {
 131:Drivers/CMSIS/Include/cmsis_gcc.h ****   __ASM volatile ("cpsie i" : : : "memory");
 132:Drivers/CMSIS/Include/cmsis_gcc.h **** }
 133:Drivers/CMSIS/Include/cmsis_gcc.h **** 
 134:Drivers/CMSIS/Include/cmsis_gcc.h **** 
 135:Drivers/CMSIS/Include/cmsis_gcc.h **** /**
 136:Drivers/CMSIS/Include/cmsis_gcc.h ****   \brief   Disable IRQ Interrupts
 137:Drivers/CMSIS/Include/cmsis_gcc.h ****   \details Disables IRQ interrupts by setting the I-bit in the CPSR.
 138:Drivers/CMSIS/Include/cmsis_gcc.h ****            Can only be executed in Privileged modes.
 139:Drivers/CMSIS/Include/cmsis_gcc.h ****  */
 140:Drivers/CMSIS/Include/cmsis_gcc.h **** __STATIC_FORCEINLINE void __disable_irq(void)
 276              		.loc 2 140 27 view .LVU67
 277              	.LBB8:
 141:Drivers/CMSIS/Include/cmsis_gcc.h **** {
 142:Drivers/CMSIS/Include/cmsis_gcc.h ****   __ASM volatile ("cpsid i" : : : "memory");
 278              		.loc 2 142 3 view .LVU68
 279              		.syntax divided
 280              	@ 142 "Drivers/CMSIS/Include/cmsis_gcc.h" 1
 281 0000 72B6     		cpsid i
 282              	@ 0 "" 2
 283              		.thumb
 284              		.syntax unified
 285              	.L12:
 286              	.LBE8:
 287              	.LBE7:
 405:Core/Src/main.c ****   while (1)
 288              		.loc 1 405 3 view .LVU69
 406:Core/Src/main.c ****   {
 407:Core/Src/main.c ****   }
 289              		.loc 1 407 3 view .LVU70
 405:Core/Src/main.c ****   while (1)
 290              		.loc 1 405 9 view .LVU71
 291 0002 FEE7     		b	.L12
 292              		.cfi_endproc
 293              	.LFE50:
 295              		.section	.text.MX_I2C1_Init,"ax",%progbits
 296              		.align	1
 297              		.syntax unified
 298              		.code	16
 299              		.thumb_func
 301              	MX_I2C1_Init:
 302              	.LFB45:
 185:Core/Src/main.c **** 
 303              		.loc 1 185 1 view -0
 304              		.cfi_startproc
 305              		@ args = 0, pretend = 0, frame = 0
 306              		@ frame_needed = 0, uses_anonymous_args = 0
ARM GAS  /var/folders/bp/ytvqs5756l50d7lg2fzmjpcr0000gn/T//ccf7b8g3.s 			page 16


 307 0000 10B5     		push	{r4, lr}
 308              	.LCFI3:
 309              		.cfi_def_cfa_offset 8
 310              		.cfi_offset 4, -8
 311              		.cfi_offset 14, -4
 194:Core/Src/main.c ****   hi2c1.Init.Timing = 0x00201D2B;
 312              		.loc 1 194 3 view .LVU73
 194:Core/Src/main.c ****   hi2c1.Init.Timing = 0x00201D2B;
 313              		.loc 1 194 18 is_stmt 0 view .LVU74
 314 0002 1248     		ldr	r0, .L20
 315 0004 124B     		ldr	r3, .L20+4
 316 0006 0360     		str	r3, [r0]
 195:Core/Src/main.c ****   hi2c1.Init.OwnAddress1 = 0;
 317              		.loc 1 195 3 is_stmt 1 view .LVU75
 195:Core/Src/main.c ****   hi2c1.Init.OwnAddress1 = 0;
 318              		.loc 1 195 21 is_stmt 0 view .LVU76
 319 0008 124B     		ldr	r3, .L20+8
 320 000a 4360     		str	r3, [r0, #4]
 196:Core/Src/main.c ****   hi2c1.Init.AddressingMode = I2C_ADDRESSINGMODE_7BIT;
 321              		.loc 1 196 3 is_stmt 1 view .LVU77
 196:Core/Src/main.c ****   hi2c1.Init.AddressingMode = I2C_ADDRESSINGMODE_7BIT;
 322              		.loc 1 196 26 is_stmt 0 view .LVU78
 323 000c 0023     		movs	r3, #0
 324 000e 8360     		str	r3, [r0, #8]
 197:Core/Src/main.c ****   hi2c1.Init.DualAddressMode = I2C_DUALADDRESS_DISABLE;
 325              		.loc 1 197 3 is_stmt 1 view .LVU79
 197:Core/Src/main.c ****   hi2c1.Init.DualAddressMode = I2C_DUALADDRESS_DISABLE;
 326              		.loc 1 197 29 is_stmt 0 view .LVU80
 327 0010 0122     		movs	r2, #1
 328 0012 C260     		str	r2, [r0, #12]
 198:Core/Src/main.c ****   hi2c1.Init.OwnAddress2 = 0;
 329              		.loc 1 198 3 is_stmt 1 view .LVU81
 198:Core/Src/main.c ****   hi2c1.Init.OwnAddress2 = 0;
 330              		.loc 1 198 30 is_stmt 0 view .LVU82
 331 0014 0361     		str	r3, [r0, #16]
 199:Core/Src/main.c ****   hi2c1.Init.OwnAddress2Masks = I2C_OA2_NOMASK;
 332              		.loc 1 199 3 is_stmt 1 view .LVU83
 199:Core/Src/main.c ****   hi2c1.Init.OwnAddress2Masks = I2C_OA2_NOMASK;
 333              		.loc 1 199 26 is_stmt 0 view .LVU84
 334 0016 4361     		str	r3, [r0, #20]
 200:Core/Src/main.c ****   hi2c1.Init.GeneralCallMode = I2C_GENERALCALL_DISABLE;
 335              		.loc 1 200 3 is_stmt 1 view .LVU85
 200:Core/Src/main.c ****   hi2c1.Init.GeneralCallMode = I2C_GENERALCALL_DISABLE;
 336              		.loc 1 200 31 is_stmt 0 view .LVU86
 337 0018 8361     		str	r3, [r0, #24]
 201:Core/Src/main.c ****   hi2c1.Init.NoStretchMode = I2C_NOSTRETCH_DISABLE;
 338              		.loc 1 201 3 is_stmt 1 view .LVU87
 201:Core/Src/main.c ****   hi2c1.Init.NoStretchMode = I2C_NOSTRETCH_DISABLE;
 339              		.loc 1 201 30 is_stmt 0 view .LVU88
 340 001a C361     		str	r3, [r0, #28]
 202:Core/Src/main.c ****   if (HAL_I2C_Init(&hi2c1) != HAL_OK)
 341              		.loc 1 202 3 is_stmt 1 view .LVU89
 202:Core/Src/main.c ****   if (HAL_I2C_Init(&hi2c1) != HAL_OK)
 342              		.loc 1 202 28 is_stmt 0 view .LVU90
 343 001c 0362     		str	r3, [r0, #32]
 203:Core/Src/main.c ****   {
 344              		.loc 1 203 3 is_stmt 1 view .LVU91
ARM GAS  /var/folders/bp/ytvqs5756l50d7lg2fzmjpcr0000gn/T//ccf7b8g3.s 			page 17


 203:Core/Src/main.c ****   {
 345              		.loc 1 203 7 is_stmt 0 view .LVU92
 346 001e FFF7FEFF 		bl	HAL_I2C_Init
 347              	.LVL17:
 203:Core/Src/main.c ****   {
 348              		.loc 1 203 6 discriminator 1 view .LVU93
 349 0022 0028     		cmp	r0, #0
 350 0024 0CD1     		bne	.L17
 210:Core/Src/main.c ****   {
 351              		.loc 1 210 3 is_stmt 1 view .LVU94
 210:Core/Src/main.c ****   {
 352              		.loc 1 210 7 is_stmt 0 view .LVU95
 353 0026 0948     		ldr	r0, .L20
 354 0028 0021     		movs	r1, #0
 355 002a FFF7FEFF 		bl	HAL_I2CEx_ConfigAnalogFilter
 356              	.LVL18:
 210:Core/Src/main.c ****   {
 357              		.loc 1 210 6 discriminator 1 view .LVU96
 358 002e 0028     		cmp	r0, #0
 359 0030 08D1     		bne	.L18
 217:Core/Src/main.c ****   {
 360              		.loc 1 217 3 is_stmt 1 view .LVU97
 217:Core/Src/main.c ****   {
 361              		.loc 1 217 7 is_stmt 0 view .LVU98
 362 0032 0648     		ldr	r0, .L20
 363 0034 0021     		movs	r1, #0
 364 0036 FFF7FEFF 		bl	HAL_I2CEx_ConfigDigitalFilter
 365              	.LVL19:
 217:Core/Src/main.c ****   {
 366              		.loc 1 217 6 discriminator 1 view .LVU99
 367 003a 0028     		cmp	r0, #0
 368 003c 04D1     		bne	.L19
 225:Core/Src/main.c **** 
 369              		.loc 1 225 1 view .LVU100
 370              		@ sp needed
 371 003e 10BD     		pop	{r4, pc}
 372              	.L17:
 205:Core/Src/main.c ****   }
 373              		.loc 1 205 5 is_stmt 1 view .LVU101
 374 0040 FFF7FEFF 		bl	Error_Handler
 375              	.LVL20:
 376              	.L18:
 212:Core/Src/main.c ****   }
 377              		.loc 1 212 5 view .LVU102
 378 0044 FFF7FEFF 		bl	Error_Handler
 379              	.LVL21:
 380              	.L19:
 219:Core/Src/main.c ****   }
 381              		.loc 1 219 5 view .LVU103
 382 0048 FFF7FEFF 		bl	Error_Handler
 383              	.LVL22:
 384              	.L21:
 385              		.align	2
 386              	.L20:
 387 004c 00000000 		.word	hi2c1
 388 0050 00540040 		.word	1073763328
 389 0054 2B1D2000 		.word	2104619
ARM GAS  /var/folders/bp/ytvqs5756l50d7lg2fzmjpcr0000gn/T//ccf7b8g3.s 			page 18


 390              		.cfi_endproc
 391              	.LFE45:
 393              		.section	.text.MX_TIM16_Init,"ax",%progbits
 394              		.align	1
 395              		.syntax unified
 396              		.code	16
 397              		.thumb_func
 399              	MX_TIM16_Init:
 400              	.LFB46:
 233:Core/Src/main.c **** 
 401              		.loc 1 233 1 view -0
 402              		.cfi_startproc
 403              		@ args = 0, pretend = 0, frame = 64
 404              		@ frame_needed = 0, uses_anonymous_args = 0
 405 0000 00B5     		push	{lr}
 406              	.LCFI4:
 407              		.cfi_def_cfa_offset 4
 408              		.cfi_offset 14, -4
 409 0002 91B0     		sub	sp, sp, #68
 410              	.LCFI5:
 411              		.cfi_def_cfa_offset 72
 239:Core/Src/main.c ****   TIM_BreakDeadTimeConfigTypeDef sBreakDeadTimeConfig = {0};
 412              		.loc 1 239 3 view .LVU105
 239:Core/Src/main.c ****   TIM_BreakDeadTimeConfigTypeDef sBreakDeadTimeConfig = {0};
 413              		.loc 1 239 22 is_stmt 0 view .LVU106
 414 0004 1C22     		movs	r2, #28
 415 0006 0021     		movs	r1, #0
 416 0008 09A8     		add	r0, sp, #36
 417 000a FFF7FEFF 		bl	memset
 418              	.LVL23:
 240:Core/Src/main.c **** 
 419              		.loc 1 240 3 is_stmt 1 view .LVU107
 240:Core/Src/main.c **** 
 420              		.loc 1 240 34 is_stmt 0 view .LVU108
 421 000e 2022     		movs	r2, #32
 422 0010 0021     		movs	r1, #0
 423 0012 01A8     		add	r0, sp, #4
 424 0014 FFF7FEFF 		bl	memset
 425              	.LVL24:
 245:Core/Src/main.c ****   htim16.Init.Prescaler = 0;
 426              		.loc 1 245 3 is_stmt 1 view .LVU109
 245:Core/Src/main.c ****   htim16.Init.Prescaler = 0;
 427              		.loc 1 245 19 is_stmt 0 view .LVU110
 428 0018 2048     		ldr	r0, .L31
 429 001a 214B     		ldr	r3, .L31+4
 430 001c 0360     		str	r3, [r0]
 246:Core/Src/main.c ****   htim16.Init.CounterMode = TIM_COUNTERMODE_UP;
 431              		.loc 1 246 3 is_stmt 1 view .LVU111
 246:Core/Src/main.c ****   htim16.Init.CounterMode = TIM_COUNTERMODE_UP;
 432              		.loc 1 246 25 is_stmt 0 view .LVU112
 433 001e 0023     		movs	r3, #0
 434 0020 4360     		str	r3, [r0, #4]
 247:Core/Src/main.c ****   htim16.Init.Period = 65535;
 435              		.loc 1 247 3 is_stmt 1 view .LVU113
 247:Core/Src/main.c ****   htim16.Init.Period = 65535;
 436              		.loc 1 247 27 is_stmt 0 view .LVU114
 437 0022 8360     		str	r3, [r0, #8]
ARM GAS  /var/folders/bp/ytvqs5756l50d7lg2fzmjpcr0000gn/T//ccf7b8g3.s 			page 19


 248:Core/Src/main.c ****   htim16.Init.ClockDivision = TIM_CLOCKDIVISION_DIV1;
 438              		.loc 1 248 3 is_stmt 1 view .LVU115
 248:Core/Src/main.c ****   htim16.Init.ClockDivision = TIM_CLOCKDIVISION_DIV1;
 439              		.loc 1 248 22 is_stmt 0 view .LVU116
 440 0024 1F4A     		ldr	r2, .L31+8
 441 0026 C260     		str	r2, [r0, #12]
 249:Core/Src/main.c ****   htim16.Init.RepetitionCounter = 0;
 442              		.loc 1 249 3 is_stmt 1 view .LVU117
 249:Core/Src/main.c ****   htim16.Init.RepetitionCounter = 0;
 443              		.loc 1 249 29 is_stmt 0 view .LVU118
 444 0028 0361     		str	r3, [r0, #16]
 250:Core/Src/main.c ****   htim16.Init.AutoReloadPreload = TIM_AUTORELOAD_PRELOAD_DISABLE;
 445              		.loc 1 250 3 is_stmt 1 view .LVU119
 250:Core/Src/main.c ****   htim16.Init.AutoReloadPreload = TIM_AUTORELOAD_PRELOAD_DISABLE;
 446              		.loc 1 250 33 is_stmt 0 view .LVU120
 447 002a 4361     		str	r3, [r0, #20]
 251:Core/Src/main.c ****   if (HAL_TIM_Base_Init(&htim16) != HAL_OK)
 448              		.loc 1 251 3 is_stmt 1 view .LVU121
 251:Core/Src/main.c ****   if (HAL_TIM_Base_Init(&htim16) != HAL_OK)
 449              		.loc 1 251 33 is_stmt 0 view .LVU122
 450 002c 8361     		str	r3, [r0, #24]
 252:Core/Src/main.c ****   {
 451              		.loc 1 252 3 is_stmt 1 view .LVU123
 252:Core/Src/main.c ****   {
 452              		.loc 1 252 7 is_stmt 0 view .LVU124
 453 002e FFF7FEFF 		bl	HAL_TIM_Base_Init
 454              	.LVL25:
 252:Core/Src/main.c ****   {
 455              		.loc 1 252 6 discriminator 1 view .LVU125
 456 0032 0028     		cmp	r0, #0
 457 0034 29D1     		bne	.L27
 256:Core/Src/main.c ****   {
 458              		.loc 1 256 3 is_stmt 1 view .LVU126
 256:Core/Src/main.c ****   {
 459              		.loc 1 256 7 is_stmt 0 view .LVU127
 460 0036 1948     		ldr	r0, .L31
 461 0038 FFF7FEFF 		bl	HAL_TIM_PWM_Init
 462              	.LVL26:
 256:Core/Src/main.c ****   {
 463              		.loc 1 256 6 discriminator 1 view .LVU128
 464 003c 0028     		cmp	r0, #0
 465 003e 26D1     		bne	.L28
 260:Core/Src/main.c ****   sConfigOC.Pulse = 0;
 466              		.loc 1 260 3 is_stmt 1 view .LVU129
 260:Core/Src/main.c ****   sConfigOC.Pulse = 0;
 467              		.loc 1 260 20 is_stmt 0 view .LVU130
 468 0040 09A9     		add	r1, sp, #36
 469 0042 6023     		movs	r3, #96
 470 0044 0993     		str	r3, [sp, #36]
 261:Core/Src/main.c ****   sConfigOC.OCPolarity = TIM_OCPOLARITY_HIGH;
 471              		.loc 1 261 3 is_stmt 1 view .LVU131
 261:Core/Src/main.c ****   sConfigOC.OCPolarity = TIM_OCPOLARITY_HIGH;
 472              		.loc 1 261 19 is_stmt 0 view .LVU132
 473 0046 0023     		movs	r3, #0
 474 0048 4B60     		str	r3, [r1, #4]
 262:Core/Src/main.c ****   sConfigOC.OCNPolarity = TIM_OCNPOLARITY_HIGH;
 475              		.loc 1 262 3 is_stmt 1 view .LVU133
ARM GAS  /var/folders/bp/ytvqs5756l50d7lg2fzmjpcr0000gn/T//ccf7b8g3.s 			page 20


 262:Core/Src/main.c ****   sConfigOC.OCNPolarity = TIM_OCNPOLARITY_HIGH;
 476              		.loc 1 262 24 is_stmt 0 view .LVU134
 477 004a 8B60     		str	r3, [r1, #8]
 263:Core/Src/main.c ****   sConfigOC.OCFastMode = TIM_OCFAST_DISABLE;
 478              		.loc 1 263 3 is_stmt 1 view .LVU135
 263:Core/Src/main.c ****   sConfigOC.OCFastMode = TIM_OCFAST_DISABLE;
 479              		.loc 1 263 25 is_stmt 0 view .LVU136
 480 004c CB60     		str	r3, [r1, #12]
 264:Core/Src/main.c ****   sConfigOC.OCIdleState = TIM_OCIDLESTATE_RESET;
 481              		.loc 1 264 3 is_stmt 1 view .LVU137
 264:Core/Src/main.c ****   sConfigOC.OCIdleState = TIM_OCIDLESTATE_RESET;
 482              		.loc 1 264 24 is_stmt 0 view .LVU138
 483 004e 0B61     		str	r3, [r1, #16]
 265:Core/Src/main.c ****   sConfigOC.OCNIdleState = TIM_OCNIDLESTATE_RESET;
 484              		.loc 1 265 3 is_stmt 1 view .LVU139
 265:Core/Src/main.c ****   sConfigOC.OCNIdleState = TIM_OCNIDLESTATE_RESET;
 485              		.loc 1 265 25 is_stmt 0 view .LVU140
 486 0050 4B61     		str	r3, [r1, #20]
 266:Core/Src/main.c ****   if (HAL_TIM_PWM_ConfigChannel(&htim16, &sConfigOC, TIM_CHANNEL_1) != HAL_OK)
 487              		.loc 1 266 3 is_stmt 1 view .LVU141
 266:Core/Src/main.c ****   if (HAL_TIM_PWM_ConfigChannel(&htim16, &sConfigOC, TIM_CHANNEL_1) != HAL_OK)
 488              		.loc 1 266 26 is_stmt 0 view .LVU142
 489 0052 8B61     		str	r3, [r1, #24]
 267:Core/Src/main.c ****   {
 490              		.loc 1 267 3 is_stmt 1 view .LVU143
 267:Core/Src/main.c ****   {
 491              		.loc 1 267 7 is_stmt 0 view .LVU144
 492 0054 1148     		ldr	r0, .L31
 493 0056 0022     		movs	r2, #0
 494 0058 FFF7FEFF 		bl	HAL_TIM_PWM_ConfigChannel
 495              	.LVL27:
 267:Core/Src/main.c ****   {
 496              		.loc 1 267 6 discriminator 1 view .LVU145
 497 005c 0028     		cmp	r0, #0
 498 005e 18D1     		bne	.L29
 271:Core/Src/main.c ****   sBreakDeadTimeConfig.OffStateIDLEMode = TIM_OSSI_DISABLE;
 499              		.loc 1 271 3 is_stmt 1 view .LVU146
 271:Core/Src/main.c ****   sBreakDeadTimeConfig.OffStateIDLEMode = TIM_OSSI_DISABLE;
 500              		.loc 1 271 40 is_stmt 0 view .LVU147
 501 0060 01A9     		add	r1, sp, #4
 502 0062 0023     		movs	r3, #0
 503 0064 0193     		str	r3, [sp, #4]
 272:Core/Src/main.c ****   sBreakDeadTimeConfig.LockLevel = TIM_LOCKLEVEL_OFF;
 504              		.loc 1 272 3 is_stmt 1 view .LVU148
 272:Core/Src/main.c ****   sBreakDeadTimeConfig.LockLevel = TIM_LOCKLEVEL_OFF;
 505              		.loc 1 272 41 is_stmt 0 view .LVU149
 506 0066 4B60     		str	r3, [r1, #4]
 273:Core/Src/main.c ****   sBreakDeadTimeConfig.DeadTime = 0;
 507              		.loc 1 273 3 is_stmt 1 view .LVU150
 273:Core/Src/main.c ****   sBreakDeadTimeConfig.DeadTime = 0;
 508              		.loc 1 273 34 is_stmt 0 view .LVU151
 509 0068 8B60     		str	r3, [r1, #8]
 274:Core/Src/main.c ****   sBreakDeadTimeConfig.BreakState = TIM_BREAK_DISABLE;
 510              		.loc 1 274 3 is_stmt 1 view .LVU152
 274:Core/Src/main.c ****   sBreakDeadTimeConfig.BreakState = TIM_BREAK_DISABLE;
 511              		.loc 1 274 33 is_stmt 0 view .LVU153
 512 006a CB60     		str	r3, [r1, #12]
ARM GAS  /var/folders/bp/ytvqs5756l50d7lg2fzmjpcr0000gn/T//ccf7b8g3.s 			page 21


 275:Core/Src/main.c ****   sBreakDeadTimeConfig.BreakPolarity = TIM_BREAKPOLARITY_HIGH;
 513              		.loc 1 275 3 is_stmt 1 view .LVU154
 275:Core/Src/main.c ****   sBreakDeadTimeConfig.BreakPolarity = TIM_BREAKPOLARITY_HIGH;
 514              		.loc 1 275 35 is_stmt 0 view .LVU155
 515 006c 0B61     		str	r3, [r1, #16]
 276:Core/Src/main.c ****   sBreakDeadTimeConfig.AutomaticOutput = TIM_AUTOMATICOUTPUT_DISABLE;
 516              		.loc 1 276 3 is_stmt 1 view .LVU156
 276:Core/Src/main.c ****   sBreakDeadTimeConfig.AutomaticOutput = TIM_AUTOMATICOUTPUT_DISABLE;
 517              		.loc 1 276 38 is_stmt 0 view .LVU157
 518 006e 8022     		movs	r2, #128
 519 0070 9201     		lsls	r2, r2, #6
 520 0072 4A61     		str	r2, [r1, #20]
 277:Core/Src/main.c ****   if (HAL_TIMEx_ConfigBreakDeadTime(&htim16, &sBreakDeadTimeConfig) != HAL_OK)
 521              		.loc 1 277 3 is_stmt 1 view .LVU158
 277:Core/Src/main.c ****   if (HAL_TIMEx_ConfigBreakDeadTime(&htim16, &sBreakDeadTimeConfig) != HAL_OK)
 522              		.loc 1 277 40 is_stmt 0 view .LVU159
 523 0074 CB61     		str	r3, [r1, #28]
 278:Core/Src/main.c ****   {
 524              		.loc 1 278 3 is_stmt 1 view .LVU160
 278:Core/Src/main.c ****   {
 525              		.loc 1 278 7 is_stmt 0 view .LVU161
 526 0076 0948     		ldr	r0, .L31
 527 0078 FFF7FEFF 		bl	HAL_TIMEx_ConfigBreakDeadTime
 528              	.LVL28:
 278:Core/Src/main.c ****   {
 529              		.loc 1 278 6 discriminator 1 view .LVU162
 530 007c 0028     		cmp	r0, #0
 531 007e 0AD1     		bne	.L30
 285:Core/Src/main.c **** 
 532              		.loc 1 285 3 is_stmt 1 view .LVU163
 533 0080 0648     		ldr	r0, .L31
 534 0082 FFF7FEFF 		bl	HAL_TIM_MspPostInit
 535              	.LVL29:
 287:Core/Src/main.c **** 
 536              		.loc 1 287 1 is_stmt 0 view .LVU164
 537 0086 11B0     		add	sp, sp, #68
 538              		@ sp needed
 539 0088 00BD     		pop	{pc}
 540              	.L27:
 254:Core/Src/main.c ****   }
 541              		.loc 1 254 5 is_stmt 1 view .LVU165
 542 008a FFF7FEFF 		bl	Error_Handler
 543              	.LVL30:
 544              	.L28:
 258:Core/Src/main.c ****   }
 545              		.loc 1 258 5 view .LVU166
 546 008e FFF7FEFF 		bl	Error_Handler
 547              	.LVL31:
 548              	.L29:
 269:Core/Src/main.c ****   }
 549              		.loc 1 269 5 view .LVU167
 550 0092 FFF7FEFF 		bl	Error_Handler
 551              	.LVL32:
 552              	.L30:
 280:Core/Src/main.c ****   }
 553              		.loc 1 280 5 view .LVU168
 554 0096 FFF7FEFF 		bl	Error_Handler
ARM GAS  /var/folders/bp/ytvqs5756l50d7lg2fzmjpcr0000gn/T//ccf7b8g3.s 			page 22


 555              	.LVL33:
 556              	.L32:
 557 009a C046     		.align	2
 558              	.L31:
 559 009c 00000000 		.word	htim16
 560 00a0 00440140 		.word	1073824768
 561 00a4 FFFF0000 		.word	65535
 562              		.cfi_endproc
 563              	.LFE46:
 565              		.section	.text.MX_USART1_UART_Init,"ax",%progbits
 566              		.align	1
 567              		.syntax unified
 568              		.code	16
 569              		.thumb_func
 571              	MX_USART1_UART_Init:
 572              	.LFB47:
 295:Core/Src/main.c **** 
 573              		.loc 1 295 1 view -0
 574              		.cfi_startproc
 575              		@ args = 0, pretend = 0, frame = 0
 576              		@ frame_needed = 0, uses_anonymous_args = 0
 577 0000 10B5     		push	{r4, lr}
 578              	.LCFI6:
 579              		.cfi_def_cfa_offset 8
 580              		.cfi_offset 4, -8
 581              		.cfi_offset 14, -4
 304:Core/Src/main.c ****   huart1.Init.BaudRate = 38400;
 582              		.loc 1 304 3 view .LVU170
 304:Core/Src/main.c ****   huart1.Init.BaudRate = 38400;
 583              		.loc 1 304 19 is_stmt 0 view .LVU171
 584 0002 0B48     		ldr	r0, .L36
 585 0004 0B4B     		ldr	r3, .L36+4
 586 0006 0360     		str	r3, [r0]
 305:Core/Src/main.c ****   huart1.Init.WordLength = UART_WORDLENGTH_8B;
 587              		.loc 1 305 3 is_stmt 1 view .LVU172
 305:Core/Src/main.c ****   huart1.Init.WordLength = UART_WORDLENGTH_8B;
 588              		.loc 1 305 24 is_stmt 0 view .LVU173
 589 0008 9623     		movs	r3, #150
 590 000a 1B02     		lsls	r3, r3, #8
 591 000c 4360     		str	r3, [r0, #4]
 306:Core/Src/main.c ****   huart1.Init.StopBits = UART_STOPBITS_1;
 592              		.loc 1 306 3 is_stmt 1 view .LVU174
 306:Core/Src/main.c ****   huart1.Init.StopBits = UART_STOPBITS_1;
 593              		.loc 1 306 26 is_stmt 0 view .LVU175
 594 000e 0023     		movs	r3, #0
 595 0010 8360     		str	r3, [r0, #8]
 307:Core/Src/main.c ****   huart1.Init.Parity = UART_PARITY_NONE;
 596              		.loc 1 307 3 is_stmt 1 view .LVU176
 307:Core/Src/main.c ****   huart1.Init.Parity = UART_PARITY_NONE;
 597              		.loc 1 307 24 is_stmt 0 view .LVU177
 598 0012 C360     		str	r3, [r0, #12]
 308:Core/Src/main.c ****   huart1.Init.Mode = UART_MODE_TX_RX;
 599              		.loc 1 308 3 is_stmt 1 view .LVU178
 308:Core/Src/main.c ****   huart1.Init.Mode = UART_MODE_TX_RX;
 600              		.loc 1 308 22 is_stmt 0 view .LVU179
 601 0014 0361     		str	r3, [r0, #16]
 309:Core/Src/main.c ****   huart1.Init.HwFlowCtl = UART_HWCONTROL_NONE;
ARM GAS  /var/folders/bp/ytvqs5756l50d7lg2fzmjpcr0000gn/T//ccf7b8g3.s 			page 23


 602              		.loc 1 309 3 is_stmt 1 view .LVU180
 309:Core/Src/main.c ****   huart1.Init.HwFlowCtl = UART_HWCONTROL_NONE;
 603              		.loc 1 309 20 is_stmt 0 view .LVU181
 604 0016 0C22     		movs	r2, #12
 605 0018 4261     		str	r2, [r0, #20]
 310:Core/Src/main.c ****   huart1.Init.OverSampling = UART_OVERSAMPLING_16;
 606              		.loc 1 310 3 is_stmt 1 view .LVU182
 310:Core/Src/main.c ****   huart1.Init.OverSampling = UART_OVERSAMPLING_16;
 607              		.loc 1 310 25 is_stmt 0 view .LVU183
 608 001a 8361     		str	r3, [r0, #24]
 311:Core/Src/main.c ****   huart1.Init.OneBitSampling = UART_ONE_BIT_SAMPLE_DISABLE;
 609              		.loc 1 311 3 is_stmt 1 view .LVU184
 311:Core/Src/main.c ****   huart1.Init.OneBitSampling = UART_ONE_BIT_SAMPLE_DISABLE;
 610              		.loc 1 311 28 is_stmt 0 view .LVU185
 611 001c C361     		str	r3, [r0, #28]
 312:Core/Src/main.c ****   huart1.AdvancedInit.AdvFeatureInit = UART_ADVFEATURE_NO_INIT;
 612              		.loc 1 312 3 is_stmt 1 view .LVU186
 312:Core/Src/main.c ****   huart1.AdvancedInit.AdvFeatureInit = UART_ADVFEATURE_NO_INIT;
 613              		.loc 1 312 30 is_stmt 0 view .LVU187
 614 001e 0362     		str	r3, [r0, #32]
 313:Core/Src/main.c ****   if (HAL_UART_Init(&huart1) != HAL_OK)
 615              		.loc 1 313 3 is_stmt 1 view .LVU188
 313:Core/Src/main.c ****   if (HAL_UART_Init(&huart1) != HAL_OK)
 616              		.loc 1 313 38 is_stmt 0 view .LVU189
 617 0020 4362     		str	r3, [r0, #36]
 314:Core/Src/main.c ****   {
 618              		.loc 1 314 3 is_stmt 1 view .LVU190
 314:Core/Src/main.c ****   {
 619              		.loc 1 314 7 is_stmt 0 view .LVU191
 620 0022 FFF7FEFF 		bl	HAL_UART_Init
 621              	.LVL34:
 314:Core/Src/main.c ****   {
 622              		.loc 1 314 6 discriminator 1 view .LVU192
 623 0026 0028     		cmp	r0, #0
 624 0028 00D1     		bne	.L35
 322:Core/Src/main.c **** 
 625              		.loc 1 322 1 view .LVU193
 626              		@ sp needed
 627 002a 10BD     		pop	{r4, pc}
 628              	.L35:
 316:Core/Src/main.c ****   }
 629              		.loc 1 316 5 is_stmt 1 view .LVU194
 630 002c FFF7FEFF 		bl	Error_Handler
 631              	.LVL35:
 632              	.L37:
 633              		.align	2
 634              	.L36:
 635 0030 00000000 		.word	huart1
 636 0034 00380140 		.word	1073821696
 637              		.cfi_endproc
 638              	.LFE47:
 640              		.section	.text.SystemClock_Config,"ax",%progbits
 641              		.align	1
 642              		.global	SystemClock_Config
 643              		.syntax unified
 644              		.code	16
 645              		.thumb_func
ARM GAS  /var/folders/bp/ytvqs5756l50d7lg2fzmjpcr0000gn/T//ccf7b8g3.s 			page 24


 647              	SystemClock_Config:
 648              	.LFB44:
 141:Core/Src/main.c ****   RCC_OscInitTypeDef RCC_OscInitStruct = {0};
 649              		.loc 1 141 1 view -0
 650              		.cfi_startproc
 651              		@ args = 0, pretend = 0, frame = 80
 652              		@ frame_needed = 0, uses_anonymous_args = 0
 653 0000 10B5     		push	{r4, lr}
 654              	.LCFI7:
 655              		.cfi_def_cfa_offset 8
 656              		.cfi_offset 4, -8
 657              		.cfi_offset 14, -4
 658 0002 94B0     		sub	sp, sp, #80
 659              	.LCFI8:
 660              		.cfi_def_cfa_offset 88
 142:Core/Src/main.c ****   RCC_ClkInitTypeDef RCC_ClkInitStruct = {0};
 661              		.loc 1 142 3 view .LVU196
 142:Core/Src/main.c ****   RCC_ClkInitTypeDef RCC_ClkInitStruct = {0};
 662              		.loc 1 142 22 is_stmt 0 view .LVU197
 663 0004 08AC     		add	r4, sp, #32
 664 0006 3022     		movs	r2, #48
 665 0008 0021     		movs	r1, #0
 666 000a 2000     		movs	r0, r4
 667 000c FFF7FEFF 		bl	memset
 668              	.LVL36:
 143:Core/Src/main.c ****   RCC_PeriphCLKInitTypeDef PeriphClkInit = {0};
 669              		.loc 1 143 3 is_stmt 1 view .LVU198
 143:Core/Src/main.c ****   RCC_PeriphCLKInitTypeDef PeriphClkInit = {0};
 670              		.loc 1 143 22 is_stmt 0 view .LVU199
 671 0010 1022     		movs	r2, #16
 672 0012 0021     		movs	r1, #0
 673 0014 04A8     		add	r0, sp, #16
 674 0016 FFF7FEFF 		bl	memset
 675              	.LVL37:
 144:Core/Src/main.c **** 
 676              		.loc 1 144 3 is_stmt 1 view .LVU200
 144:Core/Src/main.c **** 
 677              		.loc 1 144 28 is_stmt 0 view .LVU201
 678 001a 1022     		movs	r2, #16
 679 001c 0021     		movs	r1, #0
 680 001e 6846     		mov	r0, sp
 681 0020 FFF7FEFF 		bl	memset
 682              	.LVL38:
 149:Core/Src/main.c ****   RCC_OscInitStruct.HSIState = RCC_HSI_ON;
 683              		.loc 1 149 3 is_stmt 1 view .LVU202
 149:Core/Src/main.c ****   RCC_OscInitStruct.HSIState = RCC_HSI_ON;
 684              		.loc 1 149 36 is_stmt 0 view .LVU203
 685 0024 0223     		movs	r3, #2
 686 0026 0893     		str	r3, [sp, #32]
 150:Core/Src/main.c ****   RCC_OscInitStruct.HSICalibrationValue = RCC_HSICALIBRATION_DEFAULT;
 687              		.loc 1 150 3 is_stmt 1 view .LVU204
 150:Core/Src/main.c ****   RCC_OscInitStruct.HSICalibrationValue = RCC_HSICALIBRATION_DEFAULT;
 688              		.loc 1 150 30 is_stmt 0 view .LVU205
 689 0028 013B     		subs	r3, r3, #1
 690 002a 0B93     		str	r3, [sp, #44]
 151:Core/Src/main.c ****   RCC_OscInitStruct.PLL.PLLState = RCC_PLL_NONE;
 691              		.loc 1 151 3 is_stmt 1 view .LVU206
ARM GAS  /var/folders/bp/ytvqs5756l50d7lg2fzmjpcr0000gn/T//ccf7b8g3.s 			page 25


 151:Core/Src/main.c ****   RCC_OscInitStruct.PLL.PLLState = RCC_PLL_NONE;
 692              		.loc 1 151 41 is_stmt 0 view .LVU207
 693 002c 0F33     		adds	r3, r3, #15
 694 002e 0C93     		str	r3, [sp, #48]
 152:Core/Src/main.c ****   if (HAL_RCC_OscConfig(&RCC_OscInitStruct) != HAL_OK)
 695              		.loc 1 152 3 is_stmt 1 view .LVU208
 153:Core/Src/main.c ****   {
 696              		.loc 1 153 3 view .LVU209
 153:Core/Src/main.c ****   {
 697              		.loc 1 153 7 is_stmt 0 view .LVU210
 698 0030 2000     		movs	r0, r4
 699 0032 FFF7FEFF 		bl	HAL_RCC_OscConfig
 700              	.LVL39:
 153:Core/Src/main.c ****   {
 701              		.loc 1 153 6 discriminator 1 view .LVU211
 702 0036 0028     		cmp	r0, #0
 703 0038 17D1     		bne	.L42
 160:Core/Src/main.c ****                               |RCC_CLOCKTYPE_PCLK1;
 704              		.loc 1 160 3 is_stmt 1 view .LVU212
 160:Core/Src/main.c ****                               |RCC_CLOCKTYPE_PCLK1;
 705              		.loc 1 160 31 is_stmt 0 view .LVU213
 706 003a 04A8     		add	r0, sp, #16
 707 003c 0723     		movs	r3, #7
 708 003e 0493     		str	r3, [sp, #16]
 162:Core/Src/main.c ****   RCC_ClkInitStruct.AHBCLKDivider = RCC_SYSCLK_DIV1;
 709              		.loc 1 162 3 is_stmt 1 view .LVU214
 162:Core/Src/main.c ****   RCC_ClkInitStruct.AHBCLKDivider = RCC_SYSCLK_DIV1;
 710              		.loc 1 162 34 is_stmt 0 view .LVU215
 711 0040 0023     		movs	r3, #0
 712 0042 4360     		str	r3, [r0, #4]
 163:Core/Src/main.c ****   RCC_ClkInitStruct.APB1CLKDivider = RCC_HCLK_DIV1;
 713              		.loc 1 163 3 is_stmt 1 view .LVU216
 163:Core/Src/main.c ****   RCC_ClkInitStruct.APB1CLKDivider = RCC_HCLK_DIV1;
 714              		.loc 1 163 35 is_stmt 0 view .LVU217
 715 0044 8360     		str	r3, [r0, #8]
 164:Core/Src/main.c **** 
 716              		.loc 1 164 3 is_stmt 1 view .LVU218
 164:Core/Src/main.c **** 
 717              		.loc 1 164 36 is_stmt 0 view .LVU219
 718 0046 C360     		str	r3, [r0, #12]
 166:Core/Src/main.c ****   {
 719              		.loc 1 166 3 is_stmt 1 view .LVU220
 166:Core/Src/main.c ****   {
 720              		.loc 1 166 7 is_stmt 0 view .LVU221
 721 0048 0021     		movs	r1, #0
 722 004a FFF7FEFF 		bl	HAL_RCC_ClockConfig
 723              	.LVL40:
 166:Core/Src/main.c ****   {
 724              		.loc 1 166 6 discriminator 1 view .LVU222
 725 004e 0028     		cmp	r0, #0
 726 0050 0DD1     		bne	.L43
 170:Core/Src/main.c ****   PeriphClkInit.Usart1ClockSelection = RCC_USART1CLKSOURCE_PCLK1;
 727              		.loc 1 170 3 is_stmt 1 view .LVU223
 170:Core/Src/main.c ****   PeriphClkInit.Usart1ClockSelection = RCC_USART1CLKSOURCE_PCLK1;
 728              		.loc 1 170 38 is_stmt 0 view .LVU224
 729 0052 6846     		mov	r0, sp
 730 0054 2123     		movs	r3, #33
ARM GAS  /var/folders/bp/ytvqs5756l50d7lg2fzmjpcr0000gn/T//ccf7b8g3.s 			page 26


 731 0056 0093     		str	r3, [sp]
 171:Core/Src/main.c ****   PeriphClkInit.I2c1ClockSelection = RCC_I2C1CLKSOURCE_HSI;
 732              		.loc 1 171 3 is_stmt 1 view .LVU225
 171:Core/Src/main.c ****   PeriphClkInit.I2c1ClockSelection = RCC_I2C1CLKSOURCE_HSI;
 733              		.loc 1 171 38 is_stmt 0 view .LVU226
 734 0058 0023     		movs	r3, #0
 735 005a 0293     		str	r3, [sp, #8]
 172:Core/Src/main.c ****   if (HAL_RCCEx_PeriphCLKConfig(&PeriphClkInit) != HAL_OK)
 736              		.loc 1 172 3 is_stmt 1 view .LVU227
 172:Core/Src/main.c ****   if (HAL_RCCEx_PeriphCLKConfig(&PeriphClkInit) != HAL_OK)
 737              		.loc 1 172 36 is_stmt 0 view .LVU228
 738 005c 0393     		str	r3, [sp, #12]
 173:Core/Src/main.c ****   {
 739              		.loc 1 173 3 is_stmt 1 view .LVU229
 173:Core/Src/main.c ****   {
 740              		.loc 1 173 7 is_stmt 0 view .LVU230
 741 005e FFF7FEFF 		bl	HAL_RCCEx_PeriphCLKConfig
 742              	.LVL41:
 173:Core/Src/main.c ****   {
 743              		.loc 1 173 6 discriminator 1 view .LVU231
 744 0062 0028     		cmp	r0, #0
 745 0064 05D1     		bne	.L44
 177:Core/Src/main.c **** 
 746              		.loc 1 177 1 view .LVU232
 747 0066 14B0     		add	sp, sp, #80
 748              		@ sp needed
 749 0068 10BD     		pop	{r4, pc}
 750              	.L42:
 155:Core/Src/main.c ****   }
 751              		.loc 1 155 5 is_stmt 1 view .LVU233
 752 006a FFF7FEFF 		bl	Error_Handler
 753              	.LVL42:
 754              	.L43:
 168:Core/Src/main.c ****   }
 755              		.loc 1 168 5 view .LVU234
 756 006e FFF7FEFF 		bl	Error_Handler
 757              	.LVL43:
 758              	.L44:
 175:Core/Src/main.c ****   }
 759              		.loc 1 175 5 view .LVU235
 760 0072 FFF7FEFF 		bl	Error_Handler
 761              	.LVL44:
 762              		.cfi_endproc
 763              	.LFE44:
 765              		.section	.text.main,"ax",%progbits
 766              		.align	1
 767              		.global	main
 768              		.syntax unified
 769              		.code	16
 770              		.thumb_func
 772              	main:
 773              	.LFB43:
  60:Core/Src/main.c **** 
 774              		.loc 1 60 1 view -0
 775              		.cfi_startproc
 776              		@ args = 0, pretend = 0, frame = 0
 777              		@ frame_needed = 0, uses_anonymous_args = 0
ARM GAS  /var/folders/bp/ytvqs5756l50d7lg2fzmjpcr0000gn/T//ccf7b8g3.s 			page 27


 778 0000 10B5     		push	{r4, lr}
 779              	.LCFI9:
 780              		.cfi_def_cfa_offset 8
 781              		.cfi_offset 4, -8
 782              		.cfi_offset 14, -4
  69:Core/Src/main.c **** 
 783              		.loc 1 69 3 view .LVU237
 784 0002 FFF7FEFF 		bl	HAL_Init
 785              	.LVL45:
  76:Core/Src/main.c **** 
 786              		.loc 1 76 3 view .LVU238
 787 0006 FFF7FEFF 		bl	SystemClock_Config
 788              	.LVL46:
  83:Core/Src/main.c ****   MX_I2C1_Init();
 789              		.loc 1 83 3 view .LVU239
 790 000a FFF7FEFF 		bl	MX_GPIO_Init
 791              	.LVL47:
  84:Core/Src/main.c ****   MX_TIM16_Init();
 792              		.loc 1 84 3 view .LVU240
 793 000e FFF7FEFF 		bl	MX_I2C1_Init
 794              	.LVL48:
  85:Core/Src/main.c ****   MX_USART1_UART_Init();
 795              		.loc 1 85 3 view .LVU241
 796 0012 FFF7FEFF 		bl	MX_TIM16_Init
 797              	.LVL49:
  86:Core/Src/main.c ****   /* USER CODE BEGIN 2 */
 798              		.loc 1 86 3 view .LVU242
 799 0016 FFF7FEFF 		bl	MX_USART1_UART_Init
 800              	.LVL50:
  88:Core/Src/main.c **** 
 801              		.loc 1 88 3 view .LVU243
 802 001a 6420     		movs	r0, #100
 803 001c FFF7FEFF 		bl	HAL_Delay
 804              	.LVL51:
  90:Core/Src/main.c ****   haptic_feedback_controller_initialize();
 805              		.loc 1 90 3 view .LVU244
 806 0020 FFF7FEFF 		bl	accelerometer_controller_initialize
 807              	.LVL52:
  91:Core/Src/main.c ****   led_controller_initialize();
 808              		.loc 1 91 3 view .LVU245
 809 0024 FFF7FEFF 		bl	haptic_feedback_controller_initialize
 810              	.LVL53:
  92:Core/Src/main.c ****   button_controller_initialize();
 811              		.loc 1 92 3 view .LVU246
 812 0028 FFF7FEFF 		bl	led_controller_initialize
 813              	.LVL54:
  93:Core/Src/main.c ****   posture_controller_initialize();
 814              		.loc 1 93 3 view .LVU247
 815 002c FFF7FEFF 		bl	button_controller_initialize
 816              	.LVL55:
  94:Core/Src/main.c **** 
 817              		.loc 1 94 3 view .LVU248
 818 0030 FFF7FEFF 		bl	posture_controller_initialize
 819              	.LVL56:
  96:Core/Src/main.c ****   /* USER CODE END 2 */
 820              		.loc 1 96 3 view .LVU249
 821 0034 0120     		movs	r0, #1
ARM GAS  /var/folders/bp/ytvqs5756l50d7lg2fzmjpcr0000gn/T//ccf7b8g3.s 			page 28


 822 0036 FFF7FEFF 		bl	led_execute_sequence
 823              	.LVL57:
 824 003a 0EE0     		b	.L49
 825              	.LVL58:
 826              	.L46:
 827              	.LBB9:
 114:Core/Src/main.c ****         led_controller_update();
 828              		.loc 1 114 5 view .LVU250
 114:Core/Src/main.c ****         led_controller_update();
 829              		.loc 1 114 14 is_stmt 0 view .LVU251
 830 003c 154B     		ldr	r3, .L54
 831 003e 1B68     		ldr	r3, [r3]
 832 0040 E31A     		subs	r3, r4, r3
 114:Core/Src/main.c ****         led_controller_update();
 833              		.loc 1 114 8 view .LVU252
 834 0042 092B     		cmp	r3, #9
 835 0044 16D8     		bhi	.L51
 836              	.L47:
 119:Core/Src/main.c ****         button_controller_update();
 837              		.loc 1 119 5 is_stmt 1 view .LVU253
 119:Core/Src/main.c ****         button_controller_update();
 838              		.loc 1 119 14 is_stmt 0 view .LVU254
 839 0046 144B     		ldr	r3, .L54+4
 840 0048 1B68     		ldr	r3, [r3]
 841 004a E31A     		subs	r3, r4, r3
 119:Core/Src/main.c ****         button_controller_update();
 842              		.loc 1 119 8 view .LVU255
 843 004c 092B     		cmp	r3, #9
 844 004e 16D8     		bhi	.L52
 845              	.L48:
 124:Core/Src/main.c ****         posture_controller_update();
 846              		.loc 1 124 5 is_stmt 1 view .LVU256
 124:Core/Src/main.c ****         posture_controller_update();
 847              		.loc 1 124 14 is_stmt 0 view .LVU257
 848 0050 124B     		ldr	r3, .L54+8
 849 0052 1B68     		ldr	r3, [r3]
 850 0054 E31A     		subs	r3, r4, r3
 124:Core/Src/main.c ****         posture_controller_update();
 851              		.loc 1 124 8 view .LVU258
 852 0056 132B     		cmp	r3, #19
 853 0058 16D8     		bhi	.L53
 854              	.LVL59:
 855              	.L49:
 124:Core/Src/main.c ****         posture_controller_update();
 856              		.loc 1 124 8 view .LVU259
 857              	.LBE9:
 101:Core/Src/main.c ****   {
 858              		.loc 1 101 3 is_stmt 1 view .LVU260
 859              	.LBB10:
 103:Core/Src/main.c ****     static uint32_t last_acc_update = 0;
 860              		.loc 1 103 5 view .LVU261
 103:Core/Src/main.c ****     static uint32_t last_acc_update = 0;
 861              		.loc 1 103 20 is_stmt 0 view .LVU262
 862 005a FFF7FEFF 		bl	HAL_GetTick
 863              	.LVL60:
 864 005e 0400     		movs	r4, r0
 865              	.LVL61:
ARM GAS  /var/folders/bp/ytvqs5756l50d7lg2fzmjpcr0000gn/T//ccf7b8g3.s 			page 29


 104:Core/Src/main.c ****     static uint32_t last_led_update = 0;
 866              		.loc 1 104 5 is_stmt 1 view .LVU263
 105:Core/Src/main.c ****     static uint32_t last_button_update = 0;
 867              		.loc 1 105 5 view .LVU264
 106:Core/Src/main.c ****     static uint32_t last_posture_update = 0;
 868              		.loc 1 106 5 view .LVU265
 107:Core/Src/main.c **** 
 869              		.loc 1 107 5 view .LVU266
 109:Core/Src/main.c ****         accelerometer_controller_update();
 870              		.loc 1 109 5 view .LVU267
 109:Core/Src/main.c ****         accelerometer_controller_update();
 871              		.loc 1 109 14 is_stmt 0 view .LVU268
 872 0060 0F4B     		ldr	r3, .L54+12
 873 0062 1B68     		ldr	r3, [r3]
 874 0064 C31A     		subs	r3, r0, r3
 109:Core/Src/main.c ****         accelerometer_controller_update();
 875              		.loc 1 109 8 view .LVU269
 876 0066 132B     		cmp	r3, #19
 877 0068 E8D9     		bls	.L46
 110:Core/Src/main.c ****         last_acc_update = now;
 878              		.loc 1 110 9 is_stmt 1 view .LVU270
 879 006a FFF7FEFF 		bl	accelerometer_controller_update
 880              	.LVL62:
 111:Core/Src/main.c ****     }
 881              		.loc 1 111 9 view .LVU271
 111:Core/Src/main.c ****     }
 882              		.loc 1 111 25 is_stmt 0 view .LVU272
 883 006e 0C4B     		ldr	r3, .L54+12
 884 0070 1C60     		str	r4, [r3]
 885 0072 E3E7     		b	.L46
 886              	.L51:
 115:Core/Src/main.c ****         last_led_update = now;
 887              		.loc 1 115 9 is_stmt 1 view .LVU273
 888 0074 FFF7FEFF 		bl	led_controller_update
 889              	.LVL63:
 116:Core/Src/main.c ****     }
 890              		.loc 1 116 9 view .LVU274
 116:Core/Src/main.c ****     }
 891              		.loc 1 116 25 is_stmt 0 view .LVU275
 892 0078 064B     		ldr	r3, .L54
 893 007a 1C60     		str	r4, [r3]
 894 007c E3E7     		b	.L47
 895              	.L52:
 120:Core/Src/main.c ****         last_button_update = now;
 896              		.loc 1 120 9 is_stmt 1 view .LVU276
 897 007e FFF7FEFF 		bl	button_controller_update
 898              	.LVL64:
 121:Core/Src/main.c ****     }
 899              		.loc 1 121 9 view .LVU277
 121:Core/Src/main.c ****     }
 900              		.loc 1 121 28 is_stmt 0 view .LVU278
 901 0082 054B     		ldr	r3, .L54+4
 902 0084 1C60     		str	r4, [r3]
 903 0086 E3E7     		b	.L48
 904              	.L53:
 125:Core/Src/main.c ****         last_posture_update = now;
 905              		.loc 1 125 9 is_stmt 1 view .LVU279
ARM GAS  /var/folders/bp/ytvqs5756l50d7lg2fzmjpcr0000gn/T//ccf7b8g3.s 			page 30


 906 0088 FFF7FEFF 		bl	posture_controller_update
 907              	.LVL65:
 126:Core/Src/main.c ****     }
 908              		.loc 1 126 9 view .LVU280
 126:Core/Src/main.c ****     }
 909              		.loc 1 126 29 is_stmt 0 view .LVU281
 910 008c 034B     		ldr	r3, .L54+8
 911 008e 1C60     		str	r4, [r3]
 912 0090 E3E7     		b	.L49
 913              	.L55:
 914 0092 C046     		.align	2
 915              	.L54:
 916 0094 00000000 		.word	last_led_update.2
 917 0098 00000000 		.word	last_button_update.1
 918 009c 00000000 		.word	last_posture_update.0
 919 00a0 00000000 		.word	last_acc_update.3
 920              	.LBE10:
 921              		.cfi_endproc
 922              	.LFE43:
 924              		.section	.bss.last_posture_update.0,"aw",%nobits
 925              		.align	2
 928              	last_posture_update.0:
 929 0000 00000000 		.space	4
 930              		.section	.bss.last_button_update.1,"aw",%nobits
 931              		.align	2
 934              	last_button_update.1:
 935 0000 00000000 		.space	4
 936              		.section	.bss.last_led_update.2,"aw",%nobits
 937              		.align	2
 940              	last_led_update.2:
 941 0000 00000000 		.space	4
 942              		.section	.bss.last_acc_update.3,"aw",%nobits
 943              		.align	2
 946              	last_acc_update.3:
 947 0000 00000000 		.space	4
 948              		.global	huart1
 949              		.section	.bss.huart1,"aw",%nobits
 950              		.align	2
 953              	huart1:
 954 0000 00000000 		.space	136
 954      00000000 
 954      00000000 
 954      00000000 
 954      00000000 
 955              		.global	htim16
 956              		.section	.bss.htim16,"aw",%nobits
 957              		.align	2
 960              	htim16:
 961 0000 00000000 		.space	72
 961      00000000 
 961      00000000 
 961      00000000 
 961      00000000 
 962              		.global	hi2c1
 963              		.section	.bss.hi2c1,"aw",%nobits
 964              		.align	2
 967              	hi2c1:
ARM GAS  /var/folders/bp/ytvqs5756l50d7lg2fzmjpcr0000gn/T//ccf7b8g3.s 			page 31


 968 0000 00000000 		.space	84
 968      00000000 
 968      00000000 
 968      00000000 
 968      00000000 
 969              		.text
 970              	.Letext0:
 971              		.file 3 "Drivers/CMSIS/Device/ST/STM32F0xx/Include/stm32f030x8.h"
 972              		.file 4 "/Applications/ArmGNUToolchain/14.2.rel1/arm-none-eabi/arm-none-eabi/include/machine/_defa
 973              		.file 5 "/Applications/ArmGNUToolchain/14.2.rel1/arm-none-eabi/arm-none-eabi/include/sys/_stdint.h
 974              		.file 6 "Drivers/STM32F0xx_HAL_Driver/Inc/stm32f0xx_hal_def.h"
 975              		.file 7 "Drivers/STM32F0xx_HAL_Driver/Inc/stm32f0xx_hal_rcc.h"
 976              		.file 8 "Drivers/STM32F0xx_HAL_Driver/Inc/stm32f0xx_hal_rcc_ex.h"
 977              		.file 9 "Drivers/STM32F0xx_HAL_Driver/Inc/stm32f0xx_hal_gpio.h"
 978              		.file 10 "Drivers/STM32F0xx_HAL_Driver/Inc/stm32f0xx_hal_dma.h"
 979              		.file 11 "Drivers/STM32F0xx_HAL_Driver/Inc/stm32f0xx_hal_i2c.h"
 980              		.file 12 "Drivers/STM32F0xx_HAL_Driver/Inc/stm32f0xx_hal_tim.h"
 981              		.file 13 "Drivers/STM32F0xx_HAL_Driver/Inc/stm32f0xx_hal_uart.h"
 982              		.file 14 "Core/Inc/led_controller.h"
 983              		.file 15 "Core/Inc/accelerometer_controller.h"
 984              		.file 16 "Core/Inc/sleep_controller.h"
 985              		.file 17 "Drivers/STM32F0xx_HAL_Driver/Inc/stm32f0xx_hal_tim_ex.h"
 986              		.file 18 "Drivers/STM32F0xx_HAL_Driver/Inc/stm32f0xx_hal_i2c_ex.h"
 987              		.file 19 "Core/Inc/main.h"
 988              		.file 20 "Drivers/STM32F0xx_HAL_Driver/Inc/stm32f0xx_hal_cortex.h"
 989              		.file 21 "Core/Inc/posture_controller.h"
 990              		.file 22 "Core/Inc/button_controller.h"
 991              		.file 23 "Core/Inc/haptic_feedback_controller.h"
 992              		.file 24 "Drivers/STM32F0xx_HAL_Driver/Inc/stm32f0xx_hal.h"
 993              		.file 25 "<built-in>"
ARM GAS  /var/folders/bp/ytvqs5756l50d7lg2fzmjpcr0000gn/T//ccf7b8g3.s 			page 32


DEFINED SYMBOLS
                            *ABS*:00000000 main.c
/var/folders/bp/ytvqs5756l50d7lg2fzmjpcr0000gn/T//ccf7b8g3.s:19     .text.MX_GPIO_Init:00000000 $t
/var/folders/bp/ytvqs5756l50d7lg2fzmjpcr0000gn/T//ccf7b8g3.s:24     .text.MX_GPIO_Init:00000000 MX_GPIO_Init
/var/folders/bp/ytvqs5756l50d7lg2fzmjpcr0000gn/T//ccf7b8g3.s:191    .text.MX_GPIO_Init:000000bc $d
/var/folders/bp/ytvqs5756l50d7lg2fzmjpcr0000gn/T//ccf7b8g3.s:197    .text.HAL_GPIO_EXTI_Callback:00000000 $t
/var/folders/bp/ytvqs5756l50d7lg2fzmjpcr0000gn/T//ccf7b8g3.s:203    .text.HAL_GPIO_EXTI_Callback:00000000 HAL_GPIO_EXTI_Callback
/var/folders/bp/ytvqs5756l50d7lg2fzmjpcr0000gn/T//ccf7b8g3.s:258    .text.Error_Handler:00000000 $t
/var/folders/bp/ytvqs5756l50d7lg2fzmjpcr0000gn/T//ccf7b8g3.s:264    .text.Error_Handler:00000000 Error_Handler
/var/folders/bp/ytvqs5756l50d7lg2fzmjpcr0000gn/T//ccf7b8g3.s:296    .text.MX_I2C1_Init:00000000 $t
/var/folders/bp/ytvqs5756l50d7lg2fzmjpcr0000gn/T//ccf7b8g3.s:301    .text.MX_I2C1_Init:00000000 MX_I2C1_Init
/var/folders/bp/ytvqs5756l50d7lg2fzmjpcr0000gn/T//ccf7b8g3.s:387    .text.MX_I2C1_Init:0000004c $d
/var/folders/bp/ytvqs5756l50d7lg2fzmjpcr0000gn/T//ccf7b8g3.s:967    .bss.hi2c1:00000000 hi2c1
/var/folders/bp/ytvqs5756l50d7lg2fzmjpcr0000gn/T//ccf7b8g3.s:394    .text.MX_TIM16_Init:00000000 $t
/var/folders/bp/ytvqs5756l50d7lg2fzmjpcr0000gn/T//ccf7b8g3.s:399    .text.MX_TIM16_Init:00000000 MX_TIM16_Init
/var/folders/bp/ytvqs5756l50d7lg2fzmjpcr0000gn/T//ccf7b8g3.s:559    .text.MX_TIM16_Init:0000009c $d
/var/folders/bp/ytvqs5756l50d7lg2fzmjpcr0000gn/T//ccf7b8g3.s:960    .bss.htim16:00000000 htim16
/var/folders/bp/ytvqs5756l50d7lg2fzmjpcr0000gn/T//ccf7b8g3.s:566    .text.MX_USART1_UART_Init:00000000 $t
/var/folders/bp/ytvqs5756l50d7lg2fzmjpcr0000gn/T//ccf7b8g3.s:571    .text.MX_USART1_UART_Init:00000000 MX_USART1_UART_Init
/var/folders/bp/ytvqs5756l50d7lg2fzmjpcr0000gn/T//ccf7b8g3.s:635    .text.MX_USART1_UART_Init:00000030 $d
/var/folders/bp/ytvqs5756l50d7lg2fzmjpcr0000gn/T//ccf7b8g3.s:953    .bss.huart1:00000000 huart1
/var/folders/bp/ytvqs5756l50d7lg2fzmjpcr0000gn/T//ccf7b8g3.s:641    .text.SystemClock_Config:00000000 $t
/var/folders/bp/ytvqs5756l50d7lg2fzmjpcr0000gn/T//ccf7b8g3.s:647    .text.SystemClock_Config:00000000 SystemClock_Config
/var/folders/bp/ytvqs5756l50d7lg2fzmjpcr0000gn/T//ccf7b8g3.s:766    .text.main:00000000 $t
/var/folders/bp/ytvqs5756l50d7lg2fzmjpcr0000gn/T//ccf7b8g3.s:772    .text.main:00000000 main
/var/folders/bp/ytvqs5756l50d7lg2fzmjpcr0000gn/T//ccf7b8g3.s:916    .text.main:00000094 $d
/var/folders/bp/ytvqs5756l50d7lg2fzmjpcr0000gn/T//ccf7b8g3.s:940    .bss.last_led_update.2:00000000 last_led_update.2
/var/folders/bp/ytvqs5756l50d7lg2fzmjpcr0000gn/T//ccf7b8g3.s:934    .bss.last_button_update.1:00000000 last_button_update.1
/var/folders/bp/ytvqs5756l50d7lg2fzmjpcr0000gn/T//ccf7b8g3.s:928    .bss.last_posture_update.0:00000000 last_posture_update.0
/var/folders/bp/ytvqs5756l50d7lg2fzmjpcr0000gn/T//ccf7b8g3.s:946    .bss.last_acc_update.3:00000000 last_acc_update.3
/var/folders/bp/ytvqs5756l50d7lg2fzmjpcr0000gn/T//ccf7b8g3.s:925    .bss.last_posture_update.0:00000000 $d
/var/folders/bp/ytvqs5756l50d7lg2fzmjpcr0000gn/T//ccf7b8g3.s:931    .bss.last_button_update.1:00000000 $d
/var/folders/bp/ytvqs5756l50d7lg2fzmjpcr0000gn/T//ccf7b8g3.s:937    .bss.last_led_update.2:00000000 $d
/var/folders/bp/ytvqs5756l50d7lg2fzmjpcr0000gn/T//ccf7b8g3.s:943    .bss.last_acc_update.3:00000000 $d
/var/folders/bp/ytvqs5756l50d7lg2fzmjpcr0000gn/T//ccf7b8g3.s:950    .bss.huart1:00000000 $d
/var/folders/bp/ytvqs5756l50d7lg2fzmjpcr0000gn/T//ccf7b8g3.s:957    .bss.htim16:00000000 $d
/var/folders/bp/ytvqs5756l50d7lg2fzmjpcr0000gn/T//ccf7b8g3.s:964    .bss.hi2c1:00000000 $d

UNDEFINED SYMBOLS
memset
HAL_GPIO_WritePin
HAL_GPIO_Init
HAL_NVIC_SetPriority
HAL_NVIC_EnableIRQ
sleep_controller_wake_device
accelerometer_handle_int2
accelerometer_handle_int1
HAL_I2C_Init
HAL_I2CEx_ConfigAnalogFilter
HAL_I2CEx_ConfigDigitalFilter
HAL_TIM_Base_Init
HAL_TIM_PWM_Init
HAL_TIM_PWM_ConfigChannel
HAL_TIMEx_ConfigBreakDeadTime
HAL_TIM_MspPostInit
HAL_UART_Init
HAL_RCC_OscConfig
ARM GAS  /var/folders/bp/ytvqs5756l50d7lg2fzmjpcr0000gn/T//ccf7b8g3.s 			page 33


HAL_RCC_ClockConfig
HAL_RCCEx_PeriphCLKConfig
HAL_Init
HAL_Delay
accelerometer_controller_initialize
haptic_feedback_controller_initialize
led_controller_initialize
button_controller_initialize
posture_controller_initialize
led_execute_sequence
HAL_GetTick
accelerometer_controller_update
led_controller_update
button_controller_update
posture_controller_update
