ARM GAS  /var/folders/bp/ytvqs5756l50d7lg2fzmjpcr0000gn/T//ccce4gav.s 			page 1


   1              		.cpu cortex-m0
   2              		.arch armv6s-m
   3              		.fpu softvfp
   4              		.eabi_attribute 20, 1
   5              		.eabi_attribute 21, 1
   6              		.eabi_attribute 23, 3
   7              		.eabi_attribute 24, 1
   8              		.eabi_attribute 25, 1
   9              		.eabi_attribute 26, 1
  10              		.eabi_attribute 30, 1
  11              		.eabi_attribute 34, 0
  12              		.eabi_attribute 18, 4
  13              		.file	"sleep_controller.c"
  14              		.text
  15              	.Ltext0:
  16              		.cfi_sections	.debug_frame
  17              		.file 1 "Core/Src/sleep_controller.c"
  18              		.section	.text.sleep_controller_activate_sleep_mode,"ax",%progbits
  19              		.align	1
  20              		.global	sleep_controller_activate_sleep_mode
  21              		.syntax unified
  22              		.code	16
  23              		.thumb_func
  25              	sleep_controller_activate_sleep_mode:
  26              	.LFB40:
   1:Core/Src/sleep_controller.c **** #include "sleep_controller.h"
   2:Core/Src/sleep_controller.c **** #include "accelerometer_controller.h"
   3:Core/Src/sleep_controller.c **** #include "haptic_feedback_controller.h"
   4:Core/Src/sleep_controller.c **** #include "stm32f0xx_hal.h"
   5:Core/Src/sleep_controller.c **** 
   6:Core/Src/sleep_controller.c **** /* Optional flag to track sleep state */
   7:Core/Src/sleep_controller.c **** static volatile bool sleep_mode_active = false;
   8:Core/Src/sleep_controller.c **** /* Track wake-up source */
   9:Core/Src/sleep_controller.c **** static volatile bool wakeup_by_button = false;
  10:Core/Src/sleep_controller.c **** 
  11:Core/Src/sleep_controller.c **** // Add external reference to device_is_off flag
  12:Core/Src/sleep_controller.c **** extern bool device_is_off;
  13:Core/Src/sleep_controller.c **** 
  14:Core/Src/sleep_controller.c **** void sleep_controller_activate_sleep_mode(void)
  15:Core/Src/sleep_controller.c **** {
  27              		.loc 1 15 1 view -0
  28              		.cfi_startproc
  29              		@ args = 0, pretend = 0, frame = 0
  30              		@ frame_needed = 0, uses_anonymous_args = 0
  31 0000 70B5     		push	{r4, r5, r6, lr}
  32              	.LCFI0:
  33              		.cfi_def_cfa_offset 16
  34              		.cfi_offset 4, -16
  35              		.cfi_offset 5, -12
  36              		.cfi_offset 6, -8
  37              		.cfi_offset 14, -4
  16:Core/Src/sleep_controller.c ****     // Ensure that the interrupt pin (GPIO_PIN_1 on GPIOA) is low before sleeping.
  17:Core/Src/sleep_controller.c ****     // If it is high, wait until it clears.
  18:Core/Src/sleep_controller.c ****     clear_accelerometer_interrupts();
  38              		.loc 1 18 5 view .LVU1
  39 0002 FFF7FEFF 		bl	clear_accelerometer_interrupts
  40              	.LVL0:
ARM GAS  /var/folders/bp/ytvqs5756l50d7lg2fzmjpcr0000gn/T//ccce4gav.s 			page 2


  19:Core/Src/sleep_controller.c ****     if (HAL_GPIO_ReadPin(GPIOA, GPIO_PIN_1) == GPIO_PIN_SET)
  41              		.loc 1 19 5 view .LVU2
  42              		.loc 1 19 9 is_stmt 0 view .LVU3
  43 0006 9020     		movs	r0, #144
  44 0008 0221     		movs	r1, #2
  45 000a C005     		lsls	r0, r0, #23
  46 000c FFF7FEFF 		bl	HAL_GPIO_ReadPin
  47              	.LVL1:
  48              		.loc 1 19 8 discriminator 1 view .LVU4
  49 0010 0128     		cmp	r0, #1
  50 0012 1AD0     		beq	.L1
  20:Core/Src/sleep_controller.c ****     {
  21:Core/Src/sleep_controller.c ****         return;
  22:Core/Src/sleep_controller.c ****     }
  23:Core/Src/sleep_controller.c **** 
  24:Core/Src/sleep_controller.c ****     // Reset wake-up flag before sleeping
  25:Core/Src/sleep_controller.c ****     wakeup_by_button = false;
  51              		.loc 1 25 5 is_stmt 1 view .LVU5
  52              		.loc 1 25 22 is_stmt 0 view .LVU6
  53 0014 0D4C     		ldr	r4, .L3
  54 0016 0026     		movs	r6, #0
  55 0018 2670     		strb	r6, [r4]
  26:Core/Src/sleep_controller.c **** 
  27:Core/Src/sleep_controller.c ****     haptic_feedback_disable();
  56              		.loc 1 27 5 is_stmt 1 view .LVU7
  57 001a FFF7FEFF 		bl	haptic_feedback_disable
  58              	.LVL2:
  28:Core/Src/sleep_controller.c **** 
  29:Core/Src/sleep_controller.c ****     /* Mark that we are about to sleep */
  30:Core/Src/sleep_controller.c ****     sleep_mode_active = true;
  59              		.loc 1 30 5 view .LVU8
  60              		.loc 1 30 23 is_stmt 0 view .LVU9
  61 001e 0C4D     		ldr	r5, .L3+4
  62 0020 0123     		movs	r3, #1
  63 0022 2B70     		strb	r3, [r5]
  31:Core/Src/sleep_controller.c **** 
  32:Core/Src/sleep_controller.c ****     /* Optional: Perform any pre-sleep tasks here, like disabling nonessential peripherals */
  33:Core/Src/sleep_controller.c **** 
  34:Core/Src/sleep_controller.c ****     /* Suspend the SysTick interrupt to avoid unwanted wake-ups */
  35:Core/Src/sleep_controller.c ****     HAL_SuspendTick();
  64              		.loc 1 35 5 is_stmt 1 view .LVU10
  65 0024 FFF7FEFF 		bl	HAL_SuspendTick
  66              	.LVL3:
  36:Core/Src/sleep_controller.c **** 
  37:Core/Src/sleep_controller.c ****     /* Enter Sleep mode.
  38:Core/Src/sleep_controller.c ****        PWR_MAINREGULATOR_ON: keep the main regulator on.
  39:Core/Src/sleep_controller.c ****        PWR_SLEEPENTRY_WFI: use the Wait For Interrupt instruction to enter sleep.
  40:Core/Src/sleep_controller.c ****        In this mode, the CPU stops until any enabled interrupt (e.g. from GPIO_PIN_0) occurs.
  41:Core/Src/sleep_controller.c ****     */
  42:Core/Src/sleep_controller.c ****     HAL_PWR_EnterSLEEPMode(PWR_MAINREGULATOR_ON, PWR_SLEEPENTRY_WFI);
  67              		.loc 1 42 5 view .LVU11
  68 0028 0121     		movs	r1, #1
  69 002a 0020     		movs	r0, #0
  70 002c FFF7FEFF 		bl	HAL_PWR_EnterSLEEPMode
  71              	.LVL4:
  43:Core/Src/sleep_controller.c **** 
  44:Core/Src/sleep_controller.c ****     /* When an interrupt wakes the MCU, execution resumes here */
ARM GAS  /var/folders/bp/ytvqs5756l50d7lg2fzmjpcr0000gn/T//ccce4gav.s 			page 3


  45:Core/Src/sleep_controller.c **** 
  46:Core/Src/sleep_controller.c ****     /* Resume the SysTick interrupt */
  47:Core/Src/sleep_controller.c ****     HAL_ResumeTick();
  72              		.loc 1 47 5 view .LVU12
  73 0030 FFF7FEFF 		bl	HAL_ResumeTick
  74              	.LVL5:
  48:Core/Src/sleep_controller.c **** 
  49:Core/Src/sleep_controller.c ****     haptic_feedback_enable();
  75              		.loc 1 49 5 view .LVU13
  76 0034 FFF7FEFF 		bl	haptic_feedback_enable
  77              	.LVL6:
  50:Core/Src/sleep_controller.c ****     haptic_feedback_controller_initialize();
  78              		.loc 1 50 5 view .LVU14
  79 0038 FFF7FEFF 		bl	haptic_feedback_controller_initialize
  80              	.LVL7:
  51:Core/Src/sleep_controller.c **** 
  52:Core/Src/sleep_controller.c ****     /* Mark that sleep is no longer active */
  53:Core/Src/sleep_controller.c ****     sleep_mode_active = false;
  81              		.loc 1 53 5 view .LVU15
  82              		.loc 1 53 23 is_stmt 0 view .LVU16
  83 003c 2E70     		strb	r6, [r5]
  54:Core/Src/sleep_controller.c ****     
  55:Core/Src/sleep_controller.c ****     /* Reset device_is_off flag when waking from sleep by button press */
  56:Core/Src/sleep_controller.c ****     if (wakeup_by_button) {
  84              		.loc 1 56 5 is_stmt 1 view .LVU17
  85              		.loc 1 56 9 is_stmt 0 view .LVU18
  86 003e 2378     		ldrb	r3, [r4]
  87              		.loc 1 56 8 view .LVU19
  88 0040 002B     		cmp	r3, #0
  89 0042 02D0     		beq	.L1
  57:Core/Src/sleep_controller.c ****         device_is_off = false;
  90              		.loc 1 57 9 is_stmt 1 view .LVU20
  91              		.loc 1 57 23 is_stmt 0 view .LVU21
  92 0044 034B     		ldr	r3, .L3+8
  93 0046 0022     		movs	r2, #0
  94 0048 1A70     		strb	r2, [r3]
  95              	.L1:
  58:Core/Src/sleep_controller.c ****     }
  59:Core/Src/sleep_controller.c **** }
  96              		.loc 1 59 1 view .LVU22
  97              		@ sp needed
  98 004a 70BD     		pop	{r4, r5, r6, pc}
  99              	.L4:
 100              		.align	2
 101              	.L3:
 102 004c 00000000 		.word	wakeup_by_button
 103 0050 00000000 		.word	sleep_mode_active
 104 0054 00000000 		.word	device_is_off
 105              		.cfi_endproc
 106              	.LFE40:
 108              		.section	.text.sleep_controller_wake_device,"ax",%progbits
 109              		.align	1
 110              		.global	sleep_controller_wake_device
 111              		.syntax unified
 112              		.code	16
 113              		.thumb_func
 115              	sleep_controller_wake_device:
ARM GAS  /var/folders/bp/ytvqs5756l50d7lg2fzmjpcr0000gn/T//ccce4gav.s 			page 4


 116              	.LFB41:
  60:Core/Src/sleep_controller.c **** 
  61:Core/Src/sleep_controller.c **** void sleep_controller_wake_device(void)
  62:Core/Src/sleep_controller.c **** {
 117              		.loc 1 62 1 is_stmt 1 view -0
 118              		.cfi_startproc
 119              		@ args = 0, pretend = 0, frame = 0
 120              		@ frame_needed = 0, uses_anonymous_args = 0
 121              		@ link register save eliminated.
  63:Core/Src/sleep_controller.c ****     /* 
  64:Core/Src/sleep_controller.c ****        This function is intended to be called from an interrupt callback (for example, when GPIO_PI
  65:Core/Src/sleep_controller.c ****        For the simple Sleep mode entered via HAL_PWR_EnterSLEEPMode, the wake-up happens automatica
  66:Core/Src/sleep_controller.c ****        an interrupt occurs. This function is a placeholder where you can add any extra post-wake-up
  67:Core/Src/sleep_controller.c ****        such as reinitializing clocks, peripherals, or clearing flags.
  68:Core/Src/sleep_controller.c ****     */
  69:Core/Src/sleep_controller.c **** 
  70:Core/Src/sleep_controller.c ****     /* Set flag indicating wake-up was triggered by button */
  71:Core/Src/sleep_controller.c ****     wakeup_by_button = true;
 122              		.loc 1 71 5 view .LVU24
 123              		.loc 1 71 22 is_stmt 0 view .LVU25
 124 0000 014B     		ldr	r3, .L6
 125 0002 0122     		movs	r2, #1
 126 0004 1A70     		strb	r2, [r3]
  72:Core/Src/sleep_controller.c **** }
 127              		.loc 1 72 1 view .LVU26
 128              		@ sp needed
 129 0006 7047     		bx	lr
 130              	.L7:
 131              		.align	2
 132              	.L6:
 133 0008 00000000 		.word	wakeup_by_button
 134              		.cfi_endproc
 135              	.LFE41:
 137              		.section	.text.sleep_controller_was_woken_by_button,"ax",%progbits
 138              		.align	1
 139              		.global	sleep_controller_was_woken_by_button
 140              		.syntax unified
 141              		.code	16
 142              		.thumb_func
 144              	sleep_controller_was_woken_by_button:
 145              	.LFB42:
  73:Core/Src/sleep_controller.c **** 
  74:Core/Src/sleep_controller.c **** /* Returns true if wake-up was caused by button, false otherwise */
  75:Core/Src/sleep_controller.c **** bool sleep_controller_was_woken_by_button(void)
  76:Core/Src/sleep_controller.c **** {
 146              		.loc 1 76 1 is_stmt 1 view -0
 147              		.cfi_startproc
 148              		@ args = 0, pretend = 0, frame = 0
 149              		@ frame_needed = 0, uses_anonymous_args = 0
 150              		@ link register save eliminated.
  77:Core/Src/sleep_controller.c ****     bool result = wakeup_by_button;
 151              		.loc 1 77 5 view .LVU28
 152              		.loc 1 77 10 is_stmt 0 view .LVU29
 153 0000 024B     		ldr	r3, .L9
 154 0002 1878     		ldrb	r0, [r3]
 155 0004 C0B2     		uxtb	r0, r0
 156              	.LVL8:
ARM GAS  /var/folders/bp/ytvqs5756l50d7lg2fzmjpcr0000gn/T//ccce4gav.s 			page 5


  78:Core/Src/sleep_controller.c ****     // Reset flag after reading
  79:Core/Src/sleep_controller.c ****     wakeup_by_button = false;
 157              		.loc 1 79 5 is_stmt 1 view .LVU30
 158              		.loc 1 79 22 is_stmt 0 view .LVU31
 159 0006 0022     		movs	r2, #0
 160 0008 1A70     		strb	r2, [r3]
  80:Core/Src/sleep_controller.c ****     return result;
 161              		.loc 1 80 5 is_stmt 1 view .LVU32
  81:Core/Src/sleep_controller.c **** }...
 162              		.loc 1 81 1 is_stmt 0 view .LVU33
 163              		@ sp needed
 164 000a 7047     		bx	lr
 165              	.L10:
 166              		.align	2
 167              	.L9:
 168 000c 00000000 		.word	wakeup_by_button
 169              		.cfi_endproc
 170              	.LFE42:
 172              		.section	.bss.wakeup_by_button,"aw",%nobits
 175              	wakeup_by_button:
 176 0000 00       		.space	1
 177              		.section	.bss.sleep_mode_active,"aw",%nobits
 180              	sleep_mode_active:
 181 0000 00       		.space	1
 182              		.text
 183              	.Letext0:
 184              		.file 2 "/Applications/ArmGNUToolchain/14.2.rel1/arm-none-eabi/arm-none-eabi/include/machine/_defa
 185              		.file 3 "/Applications/ArmGNUToolchain/14.2.rel1/arm-none-eabi/arm-none-eabi/include/sys/_stdint.h
 186              		.file 4 "Drivers/CMSIS/Device/ST/STM32F0xx/Include/stm32f030x8.h"
 187              		.file 5 "Drivers/STM32F0xx_HAL_Driver/Inc/stm32f0xx_hal_gpio.h"
 188              		.file 6 "Core/Inc/haptic_feedback_controller.h"
 189              		.file 7 "Drivers/STM32F0xx_HAL_Driver/Inc/stm32f0xx_hal.h"
 190              		.file 8 "Core/Inc/accelerometer_controller.h"
 191              		.file 9 "Drivers/STM32F0xx_HAL_Driver/Inc/stm32f0xx_hal_pwr.h"
ARM GAS  /var/folders/bp/ytvqs5756l50d7lg2fzmjpcr0000gn/T//ccce4gav.s 			page 6


DEFINED SYMBOLS
                            *ABS*:00000000 sleep_controller.c
/var/folders/bp/ytvqs5756l50d7lg2fzmjpcr0000gn/T//ccce4gav.s:19     .text.sleep_controller_activate_sleep_mode:00000000 $t
/var/folders/bp/ytvqs5756l50d7lg2fzmjpcr0000gn/T//ccce4gav.s:25     .text.sleep_controller_activate_sleep_mode:00000000 sleep_controller_activate_sleep_mode
/var/folders/bp/ytvqs5756l50d7lg2fzmjpcr0000gn/T//ccce4gav.s:102    .text.sleep_controller_activate_sleep_mode:0000004c $d
/var/folders/bp/ytvqs5756l50d7lg2fzmjpcr0000gn/T//ccce4gav.s:175    .bss.wakeup_by_button:00000000 wakeup_by_button
/var/folders/bp/ytvqs5756l50d7lg2fzmjpcr0000gn/T//ccce4gav.s:180    .bss.sleep_mode_active:00000000 sleep_mode_active
/var/folders/bp/ytvqs5756l50d7lg2fzmjpcr0000gn/T//ccce4gav.s:109    .text.sleep_controller_wake_device:00000000 $t
/var/folders/bp/ytvqs5756l50d7lg2fzmjpcr0000gn/T//ccce4gav.s:115    .text.sleep_controller_wake_device:00000000 sleep_controller_wake_device
/var/folders/bp/ytvqs5756l50d7lg2fzmjpcr0000gn/T//ccce4gav.s:133    .text.sleep_controller_wake_device:00000008 $d
/var/folders/bp/ytvqs5756l50d7lg2fzmjpcr0000gn/T//ccce4gav.s:138    .text.sleep_controller_was_woken_by_button:00000000 $t
/var/folders/bp/ytvqs5756l50d7lg2fzmjpcr0000gn/T//ccce4gav.s:144    .text.sleep_controller_was_woken_by_button:00000000 sleep_controller_was_woken_by_button
/var/folders/bp/ytvqs5756l50d7lg2fzmjpcr0000gn/T//ccce4gav.s:168    .text.sleep_controller_was_woken_by_button:0000000c $d
/var/folders/bp/ytvqs5756l50d7lg2fzmjpcr0000gn/T//ccce4gav.s:176    .bss.wakeup_by_button:00000000 $d
/var/folders/bp/ytvqs5756l50d7lg2fzmjpcr0000gn/T//ccce4gav.s:181    .bss.sleep_mode_active:00000000 $d

UNDEFINED SYMBOLS
clear_accelerometer_interrupts
HAL_GPIO_ReadPin
haptic_feedback_disable
HAL_SuspendTick
HAL_PWR_EnterSLEEPMode
HAL_ResumeTick
haptic_feedback_enable
haptic_feedback_controller_initialize
device_is_off
