Archive member included to satisfy reference by file (symbol)

/Applications/ArmGNUToolchain/14.2.rel1/arm-none-eabi/bin/../lib/gcc/arm-none-eabi/14.2.1/../../../../arm-none-eabi/lib/thumb/v6-m/nofp/libc_nano.a(libc_a-exit.o)
                              /Applications/ArmGNUToolchain/14.2.rel1/arm-none-eabi/bin/../lib/gcc/arm-none-eabi/14.2.1/../../../../arm-none-eabi/lib/thumb/v6-m/nofp/crt0.o (exit)
/Applications/ArmGNUToolchain/14.2.rel1/arm-none-eabi/bin/../lib/gcc/arm-none-eabi/14.2.1/../../../../arm-none-eabi/lib/thumb/v6-m/nofp/libc_nano.a(libc_a-findfp.o)
                              /Applications/ArmGNUToolchain/14.2.rel1/arm-none-eabi/bin/../lib/gcc/arm-none-eabi/14.2.1/../../../../arm-none-eabi/lib/thumb/v6-m/nofp/libc_nano.a(libc_a-exit.o) (__stdio_exit_handler)
/Applications/ArmGNUToolchain/14.2.rel1/arm-none-eabi/bin/../lib/gcc/arm-none-eabi/14.2.1/../../../../arm-none-eabi/lib/thumb/v6-m/nofp/libc_nano.a(libc_a-fwalk.o)
                              /Applications/ArmGNUToolchain/14.2.rel1/arm-none-eabi/bin/../lib/gcc/arm-none-eabi/14.2.1/../../../../arm-none-eabi/lib/thumb/v6-m/nofp/libc_nano.a(libc_a-findfp.o) (_fwalk_sglue)
/Applications/ArmGNUToolchain/14.2.rel1/arm-none-eabi/bin/../lib/gcc/arm-none-eabi/14.2.1/../../../../arm-none-eabi/lib/thumb/v6-m/nofp/libc_nano.a(libc_a-memset.o)
                              /Applications/ArmGNUToolchain/14.2.rel1/arm-none-eabi/bin/../lib/gcc/arm-none-eabi/14.2.1/../../../../arm-none-eabi/lib/thumb/v6-m/nofp/crt0.o (memset)
/Applications/ArmGNUToolchain/14.2.rel1/arm-none-eabi/bin/../lib/gcc/arm-none-eabi/14.2.1/../../../../arm-none-eabi/lib/thumb/v6-m/nofp/libc_nano.a(libc_a-errno.o)
                              build/sysmem.o (__errno)
/Applications/ArmGNUToolchain/14.2.rel1/arm-none-eabi/bin/../lib/gcc/arm-none-eabi/14.2.1/../../../../arm-none-eabi/lib/thumb/v6-m/nofp/libc_nano.a(libc_a-init.o)
                              /Applications/ArmGNUToolchain/14.2.rel1/arm-none-eabi/bin/../lib/gcc/arm-none-eabi/14.2.1/../../../../arm-none-eabi/lib/thumb/v6-m/nofp/crt0.o (__libc_init_array)
/Applications/ArmGNUToolchain/14.2.rel1/arm-none-eabi/bin/../lib/gcc/arm-none-eabi/14.2.1/../../../../arm-none-eabi/lib/thumb/v6-m/nofp/libc_nano.a(libc_a-lock.o)
                              /Applications/ArmGNUToolchain/14.2.rel1/arm-none-eabi/bin/../lib/gcc/arm-none-eabi/14.2.1/../../../../arm-none-eabi/lib/thumb/v6-m/nofp/libc_nano.a(libc_a-findfp.o) (__retarget_lock_init_recursive)
/Applications/ArmGNUToolchain/14.2.rel1/arm-none-eabi/bin/../lib/gcc/arm-none-eabi/14.2.1/../../../../arm-none-eabi/lib/thumb/v6-m/nofp/libc_nano.a(libc_a-impure.o)
                              /Applications/ArmGNUToolchain/14.2.rel1/arm-none-eabi/bin/../lib/gcc/arm-none-eabi/14.2.1/../../../../arm-none-eabi/lib/thumb/v6-m/nofp/libc_nano.a(libc_a-errno.o) (_impure_ptr)
/Applications/ArmGNUToolchain/14.2.rel1/arm-none-eabi/bin/../lib/gcc/arm-none-eabi/14.2.1/../../../../arm-none-eabi/lib/thumb/v6-m/nofp/libc_nano.a(libc_a-mallocr.o)
                              /Applications/ArmGNUToolchain/14.2.rel1/arm-none-eabi/bin/../lib/gcc/arm-none-eabi/14.2.1/../../../../arm-none-eabi/lib/thumb/v6-m/nofp/libc_nano.a(libc_a-findfp.o) (_malloc_r)
/Applications/ArmGNUToolchain/14.2.rel1/arm-none-eabi/bin/../lib/gcc/arm-none-eabi/14.2.1/../../../../arm-none-eabi/lib/thumb/v6-m/nofp/libc_nano.a(libc_a-fflush.o)
                              /Applications/ArmGNUToolchain/14.2.rel1/arm-none-eabi/bin/../lib/gcc/arm-none-eabi/14.2.1/../../../../arm-none-eabi/lib/thumb/v6-m/nofp/libc_nano.a(libc_a-findfp.o) (_fflush_r)
/Applications/ArmGNUToolchain/14.2.rel1/arm-none-eabi/bin/../lib/gcc/arm-none-eabi/14.2.1/../../../../arm-none-eabi/lib/thumb/v6-m/nofp/libc_nano.a(libc_a-mlock.o)
                              /Applications/ArmGNUToolchain/14.2.rel1/arm-none-eabi/bin/../lib/gcc/arm-none-eabi/14.2.1/../../../../arm-none-eabi/lib/thumb/v6-m/nofp/libc_nano.a(libc_a-mallocr.o) (__malloc_lock)
/Applications/ArmGNUToolchain/14.2.rel1/arm-none-eabi/bin/../lib/gcc/arm-none-eabi/14.2.1/../../../../arm-none-eabi/lib/thumb/v6-m/nofp/libc_nano.a(libc_a-stdio.o)
                              /Applications/ArmGNUToolchain/14.2.rel1/arm-none-eabi/bin/../lib/gcc/arm-none-eabi/14.2.1/../../../../arm-none-eabi/lib/thumb/v6-m/nofp/libc_nano.a(libc_a-findfp.o) (__sread)
/Applications/ArmGNUToolchain/14.2.rel1/arm-none-eabi/bin/../lib/gcc/arm-none-eabi/14.2.1/../../../../arm-none-eabi/lib/thumb/v6-m/nofp/libc_nano.a(libc_a-lseekr.o)
                              /Applications/ArmGNUToolchain/14.2.rel1/arm-none-eabi/bin/../lib/gcc/arm-none-eabi/14.2.1/../../../../arm-none-eabi/lib/thumb/v6-m/nofp/libc_nano.a(libc_a-stdio.o) (_lseek_r)
/Applications/ArmGNUToolchain/14.2.rel1/arm-none-eabi/bin/../lib/gcc/arm-none-eabi/14.2.1/../../../../arm-none-eabi/lib/thumb/v6-m/nofp/libc_nano.a(libc_a-readr.o)
[...]
Memory Configuration

Name             Origin             Length             Attributes
RAM              0x20000000         0x00002000         xrw
FLASH            0x08000000         0x00010000         xr
*default*        0x00000000         0xffffffff

Linker script and memory map

LOAD /Applications/ArmGNUToolchain/14.2.rel1/arm-none-eabi/bin/../lib/gcc/arm-none-eabi/14.2.1/thumb/v6-m/nofp/crti.o
LOAD /Applications/ArmGNUToolchain/14.2.rel1/arm-none-eabi/bin/../lib/gcc/arm-none-eabi/14.2.1/thumb/v6-m/nofp/crtbegin.o
LOAD /Applications/ArmGNUToolchain/14.2.rel1/arm-none-eabi/bin/../lib/gcc/arm-none-eabi/14.2.1/../../../../arm-none-eabi/lib/thumb/v6-m/nofp/crt0.o
LOAD build/main.o
LOAD build/posture_controller.o
LOAD build/posture_math.o
LOAD build/accelerometer_controller.o
LOAD build/button_controller.o
LOAD build/haptic_feedback_controller.o
LOAD build/led_controller.o
LOAD build/sleep_controller.o
LOAD build/stm32f0xx_it.o
LOAD build/stm32f0xx_hal_msp.o
LOAD build/stm32f0xx_hal_rcc.o
LOAD build/stm32f0xx_hal_rcc_ex.o
LOAD build/stm32f0xx_hal.o
LOAD build/stm32f0xx_hal_i2c.o
LOAD build/stm32f0xx_hal_i2c_ex.o
LOAD build/stm32f0xx_hal_gpio.o
LOAD build/stm32f0xx_hal_dma.o
LOAD build/stm32f0xx_hal_cortex.o
LOAD build/stm32f0xx_hal_pwr.o
LOAD build/stm32f0xx_hal_pwr_ex.o
LOAD build/stm32f0xx_hal_flash.o
LOAD build/stm32f0xx_hal_flash_ex.o
LOAD build/stm32f0xx_hal_exti.o
LOAD build/system_stm32f0xx.o
LOAD build/sysmem.o
LOAD build/syscalls.o
LOAD build/stm32f0xx_hal_tim.o
LOAD build/stm32f0xx_hal_tim_ex.o
LOAD build/stm32f0xx_hal_uart.o
LOAD build/stm32f0xx_hal_uart_ex.o
LOAD build/startup_stm32f030x8.o
LOAD /Applications/ArmGNUToolchain/14.2.rel1/arm-none-eabi/bin/../lib/gcc/arm-none-eabi/14.2.1/../../../../arm-none-eabi/lib/thumb/v6-m/nofp/libc_nano.a
LOAD /Applications/ArmGNUToolchain/14.2.rel1/arm-none-eabi/bin/../lib/gcc/arm-none-eabi/14.2.1/../../../../arm-none-eabi/lib/thumb/v6-m/nofp/libm.a
LOAD /Applications/ArmGNUToolchain/14.2.rel1/arm-none-eabi/bin/../lib/gcc/arm-none-eabi/14.2.1/../../../../arm-none-eabi/lib/thumb/v6-m/nofp/libnosys.a
START GROUP
LOAD /Applications/ArmGNUToolchain/14.2.rel1/arm-none-eabi/bin/../lib/gcc/arm-none-eabi/14.2.1/thumb/v6-m/nofp/libgcc.a
LOAD /Applications/ArmGNUToolchain/14.2.rel1/arm-none-eabi/bin/../lib/gcc/arm-none-eabi/14.2.1/../../../../arm-none-eabi/lib/thumb/v6-m/nofp/libc_nano.a
END GROUP
START GROUP
LOAD /Applications/ArmGNUToolchain/14.2.rel1/arm-none-eabi/bin/../lib/gcc/arm-none-eabi/14.2.1/thumb/v6-m/nofp/libgcc.a
LOAD /Applications/ArmGNUToolchain/14.2.rel1/arm-none-eabi/bin/../lib/gcc/arm-none-eabi/14.2.1/../../../../arm-none-eabi/lib/thumb/v6-m/nofp/libc_nano.a
END GROUP
LOAD /Applications/ArmGNUToolchain/14.2.rel1/arm-none-eabi/bin/../lib/gcc/arm-none-eabi/14.2.1/thumb/v6-m/nofp/crtend.o
LOAD /Applications/ArmGNUToolchain/14.2.rel1/arm-none-eabi/bin/../lib/gcc/arm-none-eabi/14.2.1/thumb/v6-m/nofp/crtn.o
                0x20002000                        _estack = (ORIGIN (RAM) + LENGTH (RAM))
                0x00000200                        _Min_Heap_Size = 0x200
                0x00000400                        _Min_Stack_Size = 0x400

.isr_vector     0x08000000       0xc0
                0x08000000                        . = ALIGN (0x4)
 *(.isr_vector)
 .isr_vector    0x08000000       0xc0 build/startup_stm32f030x8.o
                0x08000000                g_pfnVectors
                0x080000c0                        . = ALIGN (0x4)

.text           0x080000c0     0x67c0
                0x080000c0                        . = ALIGN (0x4)
 *(.text)
 .text          0x080000c0      0x114 /Applications/ArmGNUToolchain/14.2.rel1/arm-none-eabi/bin/../lib/gcc/arm-none-eabi/14.2.1/thumb/v6-m/nofp/libgcc.a(_udivsi3.o)
                0x080000c0                __udivsi3
                0x080000c0                __aeabi_uidiv
                0x080001cc                __aeabi_uidivmod
 .text          0x080001d4      0x1d4 /Applications/ArmGNUToolchain/14.2.rel1/arm-none-eabi/bin/../lib/gcc/arm-none-eabi/14.2.1/thumb/v6-m/nofp/libgcc.a(_divsi3.o)
                0x080001d4                __aeabi_idiv
                0x080001d4                __divsi3
                0x080003a0                __aeabi_idivmod
 .text          0x080003a8        0x4 /Applications/ArmGNUToolchain/14.2.rel1/arm-none-eabi/bin/../lib/gcc/arm-none-eabi/14.2.1/thumb/v6-m/nofp/libgcc.a(_dvmd_tls.o)
                0x080003a8                __aeabi_ldiv0
                0x080003a8                __aeabi_idiv0
 .text          0x080003ac       0x7c /Applications/ArmGNUToolchain/14.2.rel1/arm-none-eabi/bin/../lib/gcc/arm-none-eabi/14.2.1/thumb/v6-m/nofp/libgcc.a(_arm_cmpdf2.o)
                0x080003ac                __aeabi_cdrcmple
                0x080003bc                __aeabi_cdcmple
                0x080003bc                __aeabi_cdcmpeq
                0x080003cc                __aeabi_dcmpeq
                0x080003d8                __aeabi_dcmplt
                0x080003ec                __aeabi_dcmple
                0x08000400                __aeabi_dcmpgt
                0x08000414                __aeabi_dcmpge
 .text          0x08000428       0x74 /Applications/ArmGNUToolchain/14.2.rel1/arm-none-eabi/bin/../lib/gcc/arm-none-eabi/14.2.1/thumb/v6-m/nofp/libgcc.a(_arm_cmpsf2.o)
                0x08000428                __aeabi_cfrcmple
                0x08000430                __aeabi_cfcmple
                0x08000430                __aeabi_cfcmpeq
                0x08000440                __aeabi_fcmpeq
                0x0800044c                __aeabi_fcmplt
                0x08000460                __aeabi_fcmple
                0x08000474                __aeabi_fcmpgt
                0x08000488                __aeabi_fcmpge
 .text          0x0800049c       0x3c /Applications/ArmGNUToolchain/14.2.rel1/arm-none-eabi/bin/../lib/gcc/arm-none-eabi/14.2.1/thumb/v6-m/nofp/libgcc.a(_clzsi2.o)
                0x0800049c                __clzsi2
 *(.text*)
 .text.deregister_tm_clones
                0x080004d8       0x20 /Applications/ArmGNUToolchain/14.2.rel1/arm-none-eabi/bin/../lib/gcc/arm-none-eabi/14.2.1/thumb/v6-m/nofp/crtbegin.o
 .text.register_tm_clones
                0x080004f8       0x28 /Applications/ArmGNUToolchain/14.2.rel1/arm-none-eabi/bin/../lib/gcc/arm-none-eabi/14.2.1/thumb/v6-m/nofp/crtbegin.o
 .text.__do_global_dtors_aux
                0x08000520       0x2c /Applications/ArmGNUToolchain/14.2.rel1/arm-none-eabi/bin/../lib/gcc/arm-none-eabi/14.2.1/thumb/v6-m/nofp/crtbegin.o
 .text.frame_dummy
                0x0800054c       0x24 /Applications/ArmGNUToolchain/14.2.rel1/arm-none-eabi/bin/../lib/gcc/arm-none-eabi/14.2.1/thumb/v6-m/nofp/crtbegin.o
 .text.MX_GPIO_Init
                0x08000570       0xc4 build/main.o
 .text.HAL_GPIO_EXTI_Callback
                0x08000634       0x18 build/main.o
                0x08000634                HAL_GPIO_EXTI_Callback
 .text.Error_Handler
                0x0800064c        0x4 build/main.o
                0x0800064c                Error_Handler
 .text.MX_I2C1_Init
                0x08000650       0x58 build/main.o
 .text.MX_TIM16_Init
                0x080006a8       0xa8 build/main.o
 .text.MX_USART1_UART_Init
                0x08000750       0x38 build/main.o
 .text.SystemClock_Config
                0x08000788       0x76 build/main.o
                0x08000788                SystemClock_Config
 *fill*         0x080007fe        0x2 
 .text.main     0x08000800       0xa0 build/main.o
                0x08000800                main
 .text.handle_bad_posture
                0x080008a0       0x30 build/posture_controller.o
                0x080008a0                handle_bad_posture
 .text.notify_posture_correct
                0x080008d0       0x14 build/posture_controller.o
                0x080008d0                notify_posture_correct
 .text.reset_good_posture_vector
                0x080008e4       0x1c build/posture_controller.o
                0x080008e4                reset_good_posture_vector
 .text.update_good_posture_vector
                0x08000900       0x8c build/posture_controller.o
                0x08000900                update_good_posture_vector
 .text.update_good_posture_history
                0x0800098c       0x48 build/posture_controller.o
                0x0800098c                update_good_posture_history
 .text.start_calibration_procedure
                0x080009d4       0x5c build/posture_controller.o
                0x080009d4                start_calibration_procedure
 .text.reset_good_posture_history
                0x08000a30       0x3c build/posture_controller.o
                0x08000a30                reset_good_posture_history
 .text.posture_controller_update
                0x08000a6c      0x160 build/posture_controller.o
                0x08000a6c                posture_controller_update
 .text.dot_product
                0x08000bcc       0x34 build/posture_math.o
                0x08000bcc                dot_product
 .text.normalize_vector
                0x08000c00       0x70 build/posture_math.o
                0x08000c00                normalize_vector
 .text.get_angle_between_vectors
                0x08000c70       0x64 build/posture_math.o
                0x08000c70                get_angle_between_vectors
 .text.get_magnitude_of_vector
                0x08000cd4       0x36 build/posture_math.o
                0x08000cd4                get_magnitude_of_vector
 *fill*         0x08000d0a        0x2 
 .text.accelerometer_read_reg
                0x08000d0c       0x24 build/accelerometer_controller.o
 .text.accelerometer_read_regs
                0x08000d30       0x24 build/accelerometer_controller.o
 .text.accelerometer_write_reg
                0x08000d54       0x2c build/accelerometer_controller.o
 .text.accel_goto_standby
                0x08000d80       0x28 build/accelerometer_controller.o
 .text.accel_goto_active
                0x08000da8       0x2a build/accelerometer_controller.o
 .text.accelerometer_controller_initialize
                0x08000dd2       0xcc build/accelerometer_controller.o
                0x08000dd2                accelerometer_controller_initialize
 *fill*         0x08000e9e        0x2 
 .text.accelerometer_read_mps2
                0x08000ea0      0x120 build/accelerometer_controller.o
                0x08000ea0                accelerometer_read_mps2
 .text.accelerometer_controller_update
                0x08000fc0      0x2e8 build/accelerometer_controller.o
                0x08000fc0                accelerometer_controller_update
 .text.clear_accelerometer_interrupts
                0x080012a8       0x80 build/accelerometer_controller.o
                0x080012a8                clear_accelerometer_interrupts
 .text.accelerometer_handle_int1
                0x08001328        0xc build/accelerometer_controller.o
                0x08001328                accelerometer_handle_int1
 .text.accelerometer_handle_int2
                0x08001334        0xc build/accelerometer_controller.o
                0x08001334                accelerometer_handle_int2
 .text.accelerometer_controller_get_latest_data
                0x08001340       0x10 build/accelerometer_controller.o
                0x08001340                accelerometer_controller_get_latest_data
 .text.accelerometer_controller_get_mode
                0x08001350        0xc build/accelerometer_controller.o
                0x08001350                accelerometer_controller_get_mode
 .text.accelerometer_controller_is_last_measurements_history_full
                0x0800135c        0xc build/accelerometer_controller.o
                0x0800135c                accelerometer_controller_is_last_measurements_history_full
 .text.accelerometer_controller_get_last_measurements_history_max_angle_from_mean
                0x08001368        0xc build/accelerometer_controller.o
                0x08001368                accelerometer_controller_get_last_measurements_history_max_angle_from_mean
 .text.read_raw_button_state
                0x08001374       0x18 build/button_controller.o
 .text.button_controller_initialize
                0x0800138c       0x3c build/button_controller.o
                0x0800138c                button_controller_initialize
 .text.button_controller_update
                0x080013c8       0xfc build/button_controller.o
                0x080013c8                button_controller_update
 .text.button_controller_get_event
                0x080014c4       0x10 build/button_controller.o
                0x080014c4                button_controller_get_event
 .text.haptic_feedback_modify_register
                0x080014d4       0x74 build/haptic_feedback_controller.o
 .text.haptic_feedback_enable
                0x08001548       0x14 build/haptic_feedback_controller.o
                0x08001548                haptic_feedback_enable
 .text.haptic_feedback_disable
                0x0800155c       0x14 build/haptic_feedback_controller.o
                0x0800155c                haptic_feedback_disable
 .text.haptic_feedback_set_actuator_type
                0x08001570       0x16 build/haptic_feedback_controller.o
                0x08001570                haptic_feedback_set_actuator_type
 *fill*         0x08001586        0x2 
 .text.haptic_feedback_set_od_clamp
                0x08001588       0x24 build/haptic_feedback_controller.o
                0x08001588                haptic_feedback_set_od_clamp
 .text.haptic_feedback_set_open_loop
                0x080015ac        0xe build/haptic_feedback_controller.o
                0x080015ac                haptic_feedback_set_open_loop
 *fill*         0x080015ba        0x2 
 .text.haptic_feedback_set_ol_lra_period
                0x080015bc       0x38 build/haptic_feedback_controller.o
                0x080015bc                haptic_feedback_set_ol_lra_period
 .text.haptic_feedback_set_mode
                0x080015f4       0x24 build/haptic_feedback_controller.o
                0x080015f4                haptic_feedback_set_mode
 .text.haptic_feedback_init_for_wideband_LRA
                0x08001618       0x44 build/haptic_feedback_controller.o
                0x08001618                haptic_feedback_init_for_wideband_LRA
 .text.haptic_feedback_controller_initialize
                0x0800165c       0x1e build/haptic_feedback_controller.o
                0x0800165c                haptic_feedback_controller_initialize
 *fill*         0x0800167a        0x2 
 .text.haptic_feedback_start
                0x0800167c       0x24 build/haptic_feedback_controller.o
                0x0800167c                haptic_feedback_start
 .text.haptic_feedback_play_waveform
                0x080016a0       0x30 build/haptic_feedback_controller.o
                0x080016a0                haptic_feedback_play_waveform
 .text.update_pwm
                0x080016d0       0x24 build/led_controller.o
 .text.led_controller_initialize
                0x080016f4       0x28 build/led_controller.o
                0x080016f4                led_controller_initialize
 .text.led_on   0x0800171c        0x8 build/led_controller.o
                0x0800171c                led_on
 .text.led_off  0x08001724        0xa build/led_controller.o
                0x08001724                led_off
 *fill*         0x0800172e        0x2 
 .text.led_execute_sequence
                0x08001730       0x2c build/led_controller.o
                0x08001730                led_execute_sequence
 .text.led_controller_update
                0x0800175c      0x114 build/led_controller.o
                0x0800175c                led_controller_update
 .text.sleep_controller_activate_sleep_mode
                0x08001870       0x40 build/sleep_controller.o
                0x08001870                sleep_controller_activate_sleep_mode
 .text.NMI_Handler
                0x080018b0        0x2 build/stm32f0xx_it.o
                0x080018b0                NMI_Handler
 .text.HardFault_Handler
                0x080018b2        0x2 build/stm32f0xx_it.o
                0x080018b2                HardFault_Handler
 .text.SVC_Handler
                0x080018b4        0x2 build/stm32f0xx_it.o
                0x080018b4                SVC_Handler
 .text.PendSV_Handler
                0x080018b6        0x2 build/stm32f0xx_it.o
                0x080018b6                PendSV_Handler
 .text.SysTick_Handler
                0x080018b8        0x8 build/stm32f0xx_it.o
                0x080018b8                SysTick_Handler
 .text.EXTI0_1_IRQHandler
                0x080018c0       0x10 build/stm32f0xx_it.o
                0x080018c0                EXTI0_1_IRQHandler
 .text.EXTI4_15_IRQHandler
                0x080018d0        0xa build/stm32f0xx_it.o
                0x080018d0                EXTI4_15_IRQHandler
 *fill*         0x080018da        0x2 
 .text.HAL_MspInit
                0x080018dc       0x30 build/stm32f0xx_hal_msp.o
                0x080018dc                HAL_MspInit
 .text.HAL_I2C_MspInit
                0x0800190c       0x68 build/stm32f0xx_hal_msp.o
                0x0800190c                HAL_I2C_MspInit
 .text.HAL_TIM_Base_MspInit
                0x08001974       0x2c build/stm32f0xx_hal_msp.o
                0x08001974                HAL_TIM_Base_MspInit
 .text.HAL_TIM_MspPostInit
                0x080019a0       0x54 build/stm32f0xx_hal_msp.o
                0x080019a0                HAL_TIM_MspPostInit
 .text.HAL_UART_MspInit
                0x080019f4       0x68 build/stm32f0xx_hal_msp.o
                0x080019f4                HAL_UART_MspInit
 .text.HAL_RCC_OscConfig
                0x08001a5c      0x49c build/stm32f0xx_hal_rcc.o
                0x08001a5c                HAL_RCC_OscConfig
 .text.HAL_RCC_GetSysClockFreq
                0x08001ef8       0x60 build/stm32f0xx_hal_rcc.o
                0x08001ef8                HAL_RCC_GetSysClockFreq
 .text.HAL_RCC_ClockConfig
                0x08001f58      0x134 build/stm32f0xx_hal_rcc.o
                0x08001f58                HAL_RCC_ClockConfig
 .text.HAL_RCC_GetHCLKFreq
                0x0800208c        0xc build/stm32f0xx_hal_rcc.o
                0x0800208c                HAL_RCC_GetHCLKFreq
 .text.HAL_RCC_GetPCLK1Freq
                0x08002098       0x20 build/stm32f0xx_hal_rcc.o
                0x08002098                HAL_RCC_GetPCLK1Freq
 .text.HAL_RCCEx_PeriphCLKConfig
                0x080020b8      0x120 build/stm32f0xx_hal_rcc_ex.o
                0x080020b8                HAL_RCCEx_PeriphCLKConfig
 .text.HAL_InitTick
                0x080021d8       0x50 build/stm32f0xx_hal.o
                0x080021d8                HAL_InitTick
 .text.HAL_Init
                0x08002228       0x20 build/stm32f0xx_hal.o
                0x08002228                HAL_Init
 .text.HAL_IncTick
                0x08002248       0x18 build/stm32f0xx_hal.o
                0x08002248                HAL_IncTick
 .text.HAL_GetTick
                0x08002260        0xc build/stm32f0xx_hal.o
                0x08002260                HAL_GetTick
 .text.HAL_Delay
                0x0800226c       0x24 build/stm32f0xx_hal.o
                0x0800226c                HAL_Delay
 .text.HAL_SuspendTick
                0x08002290       0x10 build/stm32f0xx_hal.o
                0x08002290                HAL_SuspendTick
 .text.HAL_ResumeTick
                0x080022a0       0x10 build/stm32f0xx_hal.o
                0x080022a0                HAL_ResumeTick
 .text.I2C_Flush_TXDR
                0x080022b0       0x1e build/stm32f0xx_hal_i2c.o
 *fill*         0x080022ce        0x2 
 .text.I2C_TransferConfig
                0x080022d0       0x34 build/stm32f0xx_hal_i2c.o
 .text.I2C_IsErrorOccurred
                0x08002304      0x118 build/stm32f0xx_hal_i2c.o
 .text.I2C_WaitOnTXISFlagUntilTimeout
                0x0800241c       0x5a build/stm32f0xx_hal_i2c.o
 .text.I2C_WaitOnFlagUntilTimeout
                0x08002476       0x8a build/stm32f0xx_hal_i2c.o
 .text.I2C_RequestMemoryWrite
                0x08002500       0x78 build/stm32f0xx_hal_i2c.o
 .text.I2C_RequestMemoryRead
                0x08002578       0x74 build/stm32f0xx_hal_i2c.o
 .text.I2C_WaitOnSTOPFlagUntilTimeout
                0x080025ec       0x5a build/stm32f0xx_hal_i2c.o
 *fill*         0x08002646        0x2 
 .text.I2C_WaitOnRXNEFlagUntilTimeout
                0x08002648       0xa0 build/stm32f0xx_hal_i2c.o
 .text.HAL_I2C_Init
                0x080026e8       0xdc build/stm32f0xx_hal_i2c.o
                0x080026e8                HAL_I2C_Init
 .text.HAL_I2C_Master_Transmit
                0x080027c4      0x190 build/stm32f0xx_hal_i2c.o
                0x080027c4                HAL_I2C_Master_Transmit
 .text.HAL_I2C_Master_Receive
                0x08002954      0x16c build/stm32f0xx_hal_i2c.o
                0x08002954                HAL_I2C_Master_Receive
 .text.HAL_I2C_Mem_Write
                0x08002ac0      0x198 build/stm32f0xx_hal_i2c.o
                0x08002ac0                HAL_I2C_Mem_Write
 .text.HAL_I2C_Mem_Read
                0x08002c58      0x1a0 build/stm32f0xx_hal_i2c.o
                0x08002c58                HAL_I2C_Mem_Read
 .text.HAL_I2CEx_ConfigAnalogFilter
                0x08002df8       0x58 build/stm32f0xx_hal_i2c_ex.o
                0x08002df8                HAL_I2CEx_ConfigAnalogFilter
 .text.HAL_I2CEx_ConfigDigitalFilter
                0x08002e50       0x54 build/stm32f0xx_hal_i2c_ex.o
                0x08002e50                HAL_I2CEx_ConfigDigitalFilter
 .text.HAL_GPIO_Init
                0x08002ea4      0x188 build/stm32f0xx_hal_gpio.o
                0x08002ea4                HAL_GPIO_Init
 .text.HAL_GPIO_ReadPin
                0x0800302c        0xe build/stm32f0xx_hal_gpio.o
                0x0800302c                HAL_GPIO_ReadPin
 .text.HAL_GPIO_WritePin
                0x0800303a        0xc build/stm32f0xx_hal_gpio.o
                0x0800303a                HAL_GPIO_WritePin
 *fill*         0x08003046        0x2 
 .text.HAL_GPIO_EXTI_IRQHandler
                0x08003048       0x1c build/stm32f0xx_hal_gpio.o
                0x08003048                HAL_GPIO_EXTI_IRQHandler
 .text.__NVIC_SetPriority
                0x08003064       0x60 build/stm32f0xx_hal_cortex.o
 .text.SysTick_Config
                0x080030c4       0x38 build/stm32f0xx_hal_cortex.o
 .text.HAL_NVIC_SetPriority
                0x080030fc        0x8 build/stm32f0xx_hal_cortex.o
                0x080030fc                HAL_NVIC_SetPriority
 .text.HAL_NVIC_EnableIRQ
                0x08003104       0x18 build/stm32f0xx_hal_cortex.o
                0x08003104                HAL_NVIC_EnableIRQ
 .text.HAL_SYSTICK_Config
                0x0800311c        0x8 build/stm32f0xx_hal_cortex.o
                0x0800311c                HAL_SYSTICK_Config
 .text.HAL_PWR_EnterSLEEPMode
                0x08003124       0x20 build/stm32f0xx_hal_pwr.o
                0x08003124                HAL_PWR_EnterSLEEPMode
 .text.SystemInit
                0x08003144        0x2 build/system_stm32f0xx.o
                0x08003144                SystemInit
 *fill*         0x08003146        0x2 
 .text.TIM_OC1_SetConfig
                0x08003148       0x8c build/stm32f0xx_hal_tim.o
 .text.TIM_OC3_SetConfig
                0x080031d4       0x8c build/stm32f0xx_hal_tim.o
 .text.TIM_OC4_SetConfig
                0x08003260       0x74 build/stm32f0xx_hal_tim.o
 .text.HAL_TIM_PWM_MspInit
                0x080032d4        0x2 build/stm32f0xx_hal_tim.o
                0x080032d4                HAL_TIM_PWM_MspInit
 *fill*         0x080032d6        0x2 
 .text.TIM_Base_SetConfig
                0x080032d8       0xa0 build/stm32f0xx_hal_tim.o
                0x080032d8                TIM_Base_SetConfig
 .text.HAL_TIM_Base_Init
                0x08003378       0x58 build/stm32f0xx_hal_tim.o
                0x08003378                HAL_TIM_Base_Init
 .text.HAL_TIM_PWM_Init
                0x080033d0       0x58 build/stm32f0xx_hal_tim.o
                0x080033d0                HAL_TIM_PWM_Init
 .text.TIM_OC2_SetConfig
                0x08003428       0x84 build/stm32f0xx_hal_tim.o
                0x08003428                TIM_OC2_SetConfig
 .text.HAL_TIM_PWM_ConfigChannel
                0x080034ac       0xf0 build/stm32f0xx_hal_tim.o
                0x080034ac                HAL_TIM_PWM_ConfigChannel
 .text.TIM_CCxChannelCmd
                0x0800359c       0x1a build/stm32f0xx_hal_tim.o
                0x0800359c                TIM_CCxChannelCmd
 *fill*         0x080035b6        0x2 
 .text.HAL_TIM_PWM_Start
                0x080035b8       0xf4 build/stm32f0xx_hal_tim.o
                0x080035b8                HAL_TIM_PWM_Start
 .text.HAL_TIMEx_ConfigBreakDeadTime
                0x080036ac       0x6c build/stm32f0xx_hal_tim_ex.o
                0x080036ac                HAL_TIMEx_ConfigBreakDeadTime
 .text.UART_EndRxTransfer
                0x08003718       0x60 build/stm32f0xx_hal_uart.o
 .text.UART_SetConfig
                0x08003778      0x170 build/stm32f0xx_hal_uart.o
                0x08003778                UART_SetConfig
 .text.UART_AdvFeatureConfig
                0x080038e8       0xe0 build/stm32f0xx_hal_uart.o
                0x080038e8                UART_AdvFeatureConfig
 .text.UART_WaitOnFlagUntilTimeout
                0x080039c8       0x9e build/stm32f0xx_hal_uart.o
                0x080039c8                UART_WaitOnFlagUntilTimeout
 *fill*         0x08003a66        0x2 
 .text.UART_CheckIdleState
                0x08003a68       0xd0 build/stm32f0xx_hal_uart.o
                0x08003a68                UART_CheckIdleState
 .text.HAL_UART_Init
                0x08003b38       0x6c build/stm32f0xx_hal_uart.o
                0x08003b38                HAL_UART_Init
 .text.Reset_Handler
                0x08003ba4       0x50 build/startup_stm32f030x8.o
                0x08003ba4                Reset_Handler
 .text.Default_Handler
                0x08003bf4        0x2 build/startup_stm32f030x8.o
                0x08003bf4                TIM1_BRK_UP_TRG_COM_IRQHandler
                0x08003bf4                TIM6_IRQHandler
                0x08003bf4                I2C1_IRQHandler
                0x08003bf4                SPI1_IRQHandler
                0x08003bf4                EXTI2_3_IRQHandler
                0x08003bf4                ADC1_IRQHandler
                0x08003bf4                I2C2_IRQHandler
                0x08003bf4                TIM17_IRQHandler
                0x08003bf4                RTC_IRQHandler
                0x08003bf4                TIM16_IRQHandler
                0x08003bf4                TIM3_IRQHandler
                0x08003bf4                RCC_IRQHandler
                0x08003bf4                DMA1_Channel1_IRQHandler
                0x08003bf4                Default_Handler
                0x08003bf4                TIM14_IRQHandler
                0x08003bf4                DMA1_Channel4_5_IRQHandler
                0x08003bf4                TIM15_IRQHandler
                0x08003bf4                SPI2_IRQHandler
                0x08003bf4                WWDG_IRQHandler
                0x08003bf4                DMA1_Channel2_3_IRQHandler
                0x08003bf4                USART2_IRQHandler
                0x08003bf4                FLASH_IRQHandler
                0x08003bf4                USART1_IRQHandler
                0x08003bf4                TIM1_CC_IRQHandler
 .text.memset   0x08003bf6       0x10 /Applications/ArmGNUToolchain/14.2.rel1/arm-none-eabi/bin/../lib/gcc/arm-none-eabi/14.2.1/../../../../arm-none-eabi/lib/thumb/v6-m/nofp/libc_nano.a(libc_a-memset.o)
                0x08003bf6                memset
 *fill*         0x08003c06        0x2 
 .text.__errno  0x08003c08        0xc /Applications/ArmGNUToolchain/14.2.rel1/arm-none-eabi/bin/../lib/gcc/arm-none-eabi/14.2.1/../../../../arm-none-eabi/lib/thumb/v6-m/nofp/libc_nano.a(libc_a-errno.o)
                0x08003c08                __errno
 .text.__libc_init_array
                0x08003c14       0x48 /Applications/ArmGNUToolchain/14.2.rel1/arm-none-eabi/bin/../lib/gcc/arm-none-eabi/14.2.1/../../../../arm-none-eabi/lib/thumb/v6-m/nofp/libc_nano.a(libc_a-init.o)
                0x08003c14                __libc_init_array
 .text.acosf    0x08003c5c       0x40 /Applications/ArmGNUToolchain/14.2.rel1/arm-none-eabi/bin/../lib/gcc/arm-none-eabi/14.2.1/../../../../arm-none-eabi/lib/thumb/v6-m/nofp/libm.a(libm_a-wf_acos.o)
                0x08003c5c                acosf
 .text.sqrtf    0x08003c9c       0x3c /Applications/ArmGNUToolchain/14.2.rel1/arm-none-eabi/bin/../lib/gcc/arm-none-eabi/14.2.1/../../../../arm-none-eabi/lib/thumb/v6-m/nofp/libm.a(libm_a-wf_sqrt.o)
                0x08003c9c                sqrtf
 .text.fabsf    0x08003cd8        0x8 /Applications/ArmGNUToolchain/14.2.rel1/arm-none-eabi/bin/../lib/gcc/arm-none-eabi/14.2.1/../../../../arm-none-eabi/lib/thumb/v6-m/nofp/libm.a(libm_a-sf_fabs.o)
                0x08003cd8                fabsf
 .text.nanf     0x08003ce0        0x8 /Applications/ArmGNUToolchain/14.2.rel1/arm-none-eabi/bin/../lib/gcc/arm-none-eabi/14.2.1/../../../../arm-none-eabi/lib/thumb/v6-m/nofp/libm.a(libm_a-sf_nan.o)
                0x08003ce0                nanf
 .text.__ieee754_acosf
                0x08003ce8      0x2c4 /Applications/ArmGNUToolchain/14.2.rel1/arm-none-eabi/bin/../lib/gcc/arm-none-eabi/14.2.1/../../../../arm-none-eabi/lib/thumb/v6-m/nofp/libm.a(libm_a-ef_acos.o)
                0x08003ce8                __ieee754_acosf
 .text.__ieee754_sqrtf
                0x08003fac       0xec /Applications/ArmGNUToolchain/14.2.rel1/arm-none-eabi/bin/../lib/gcc/arm-none-eabi/14.2.1/../../../../arm-none-eabi/lib/thumb/v6-m/nofp/libm.a(libm_a-ef_sqrt.o)
                0x08003fac                __ieee754_sqrtf
 .text.__fixunsdfsi
                0x08004098       0x3c /Applications/ArmGNUToolchain/14.2.rel1/arm-none-eabi/bin/../lib/gcc/arm-none-eabi/14.2.1/thumb/v6-m/nofp/libgcc.a(_fixunsdfsi.o)
                0x08004098                __fixunsdfsi
                0x08004098                __aeabi_d2uiz
 .text.__aeabi_fadd
                0x080040d4      0x41c /Applications/ArmGNUToolchain/14.2.rel1/arm-none-eabi/bin/../lib/gcc/arm-none-eabi/14.2.1/thumb/v6-m/nofp/libgcc.a(addsf3.o)
                0x080040d4                __aeabi_fadd
 .text.__aeabi_fdiv
                0x080044f0      0x22c /Applications/ArmGNUToolchain/14.2.rel1/arm-none-eabi/bin/../lib/gcc/arm-none-eabi/14.2.1/thumb/v6-m/nofp/libgcc.a(divsf3.o)
                0x080044f0                __aeabi_fdiv
 .text.__eqsf2  0x0800471c       0x50 /Applications/ArmGNUToolchain/14.2.rel1/arm-none-eabi/bin/../lib/gcc/arm-none-eabi/14.2.1/thumb/v6-m/nofp/libgcc.a(eqsf2.o)
                0x0800471c                __nesf2
                0x0800471c                __eqsf2
 .text.__gesf2  0x0800476c       0x90 /Applications/ArmGNUToolchain/14.2.rel1/arm-none-eabi/bin/../lib/gcc/arm-none-eabi/14.2.1/thumb/v6-m/nofp/libgcc.a(gesf2.o)
                0x0800476c                __gtsf2
                0x0800476c                __gesf2
 .text.__lesf2  0x080047fc       0x90 /Applications/ArmGNUToolchain/14.2.rel1/arm-none-eabi/bin/../lib/gcc/arm-none-eabi/14.2.1/thumb/v6-m/nofp/libgcc.a(lesf2.o)
                0x080047fc                __lesf2
                0x080047fc                __ltsf2
 .text.__aeabi_fmul
                0x0800488c      0x2a4 /Applications/ArmGNUToolchain/14.2.rel1/arm-none-eabi/bin/../lib/gcc/arm-none-eabi/14.2.1/thumb/v6-m/nofp/libgcc.a(mulsf3.o)
                0x0800488c                __aeabi_fmul
 .text.__aeabi_fsub
                0x08004b30      0x484 /Applications/ArmGNUToolchain/14.2.rel1/arm-none-eabi/bin/../lib/gcc/arm-none-eabi/14.2.1/thumb/v6-m/nofp/libgcc.a(subsf3.o)
                0x08004b30                __aeabi_fsub
 .text.__aeabi_fcmpun
                0x08004fb4       0x2c /Applications/ArmGNUToolchain/14.2.rel1/arm-none-eabi/bin/../lib/gcc/arm-none-eabi/14.2.1/thumb/v6-m/nofp/libgcc.a(unordsf2.o)
                0x08004fb4                __aeabi_fcmpun
 .text.__aeabi_i2f
                0x08004fe0       0xa0 /Applications/ArmGNUToolchain/14.2.rel1/arm-none-eabi/bin/../lib/gcc/arm-none-eabi/14.2.1/thumb/v6-m/nofp/libgcc.a(floatsisf.o)
                0x08004fe0                __aeabi_i2f
 .text.__aeabi_ddiv
                0x08005080      0x63c /Applications/ArmGNUToolchain/14.2.rel1/arm-none-eabi/bin/../lib/gcc/arm-none-eabi/14.2.1/thumb/v6-m/nofp/libgcc.a(divdf3.o)
                0x08005080                __aeabi_ddiv
 .text.__eqdf2  0x080056bc       0x8c /Applications/ArmGNUToolchain/14.2.rel1/arm-none-eabi/bin/../lib/gcc/arm-none-eabi/14.2.1/thumb/v6-m/nofp/libgcc.a(eqdf2.o)
                0x080056bc                __eqdf2
                0x080056bc                __nedf2
 .text.__gedf2  0x08005748       0xe0 /Applications/ArmGNUToolchain/14.2.rel1/arm-none-eabi/bin/../lib/gcc/arm-none-eabi/14.2.1/thumb/v6-m/nofp/libgcc.a(gedf2.o)
                0x08005748                __gtdf2
                0x08005748                __gedf2
 .text.__ledf2  0x08005828       0xdc /Applications/ArmGNUToolchain/14.2.rel1/arm-none-eabi/bin/../lib/gcc/arm-none-eabi/14.2.1/thumb/v6-m/nofp/libgcc.a(ledf2.o)
                0x08005828                __ltdf2
                0x08005828                __ledf2
 .text.__aeabi_dmul
                0x08005904      0x590 /Applications/ArmGNUToolchain/14.2.rel1/arm-none-eabi/bin/../lib/gcc/arm-none-eabi/14.2.1/thumb/v6-m/nofp/libgcc.a(muldf3.o)
                0x08005904                __aeabi_dmul
 .text.__aeabi_dsub
                0x08005e94      0x870 /Applications/ArmGNUToolchain/14.2.rel1/arm-none-eabi/bin/../lib/gcc/arm-none-eabi/14.2.1/thumb/v6-m/nofp/libgcc.a(subdf3.o)
                0x08005e94                __aeabi_dsub
 .text.__aeabi_d2iz
                0x08006704       0x78 /Applications/ArmGNUToolchain/14.2.rel1/arm-none-eabi/bin/../lib/gcc/arm-none-eabi/14.2.1/thumb/v6-m/nofp/libgcc.a(fixdfsi.o)
                0x08006704                __aeabi_d2iz
 .text.__aeabi_i2d
                0x0800677c       0x5c /Applications/ArmGNUToolchain/14.2.rel1/arm-none-eabi/bin/../lib/gcc/arm-none-eabi/14.2.1/thumb/v6-m/nofp/libgcc.a(floatsidf.o)
                0x0800677c                __aeabi_i2d
 .text.__aeabi_f2d
                0x080067d8       0x90 /Applications/ArmGNUToolchain/14.2.rel1/arm-none-eabi/bin/../lib/gcc/arm-none-eabi/14.2.1/thumb/v6-m/nofp/libgcc.a(extendsfdf2.o)
                0x080067d8                __aeabi_f2d
 *(.glue_7)
 .glue_7        0x08006868        0x0 linker stubs
 *(.glue_7t)
 .glue_7t       0x08006868        0x0 linker stubs
 *(.eh_frame)
 .eh_frame      0x08006868        0x0 /Applications/ArmGNUToolchain/14.2.rel1/arm-none-eabi/bin/../lib/gcc/arm-none-eabi/14.2.1/thumb/v6-m/nofp/crtbegin.o
 *(.init)
 .init          0x08006868        0x4 /Applications/ArmGNUToolchain/14.2.rel1/arm-none-eabi/bin/../lib/gcc/arm-none-eabi/14.2.1/thumb/v6-m/nofp/crti.o
                0x08006868                _init
 .init          0x0800686c        0x8 /Applications/ArmGNUToolchain/14.2.rel1/arm-none-eabi/bin/../lib/gcc/arm-none-eabi/14.2.1/thumb/v6-m/nofp/crtn.o
 *(.fini)
 .fini          0x08006874        0x4 /Applications/ArmGNUToolchain/14.2.rel1/arm-none-eabi/bin/../lib/gcc/arm-none-eabi/14.2.1/thumb/v6-m/nofp/crti.o
                0x08006874                _fini
 .fini          0x08006878        0x8 /Applications/ArmGNUToolchain/14.2.rel1/arm-none-eabi/bin/../lib/gcc/arm-none-eabi/14.2.1/thumb/v6-m/nofp/crtn.o
                0x08006880                        . = ALIGN (0x4)
                0x08006880                        _etext = .

.vfp11_veneer   0x08006880        0x0
 .vfp11_veneer  0x08006880        0x0 linker stubs

.v4_bx          0x08006880        0x0
 .v4_bx         0x08006880        0x0 linker stubs

.iplt           0x08006880        0x0
 .iplt          0x08006880        0x0 /Applications/ArmGNUToolchain/14.2.rel1/arm-none-eabi/bin/../lib/gcc/arm-none-eabi/14.2.1/thumb/v6-m/nofp/crtbegin.o

.rodata         0x08006880      0x100
                0x08006880                        . = ALIGN (0x4)
 *(.rodata)
 *(.rodata*)
 .rodata.aPredivFactorTable.0
                0x08006880       0x10 build/stm32f0xx_hal_rcc.o
 .rodata.aPLLMULFactorTable.1
                0x08006890       0x10 build/stm32f0xx_hal_rcc.o
 .rodata.APBPrescTable
                0x080068a0        0x8 build/system_stm32f0xx.o
                0x080068a0                APBPrescTable
 .rodata.AHBPrescTable
                0x080068a8       0x10 build/system_stm32f0xx.o
                0x080068a8                AHBPrescTable
 .rodata.acosf.str1.4
                0x080068b8        0x1 /Applications/ArmGNUToolchain/14.2.rel1/arm-none-eabi/bin/../lib/gcc/arm-none-eabi/14.2.1/../../../../arm-none-eabi/lib/thumb/v6-m/nofp/libm.a(libm_a-wf_acos.o)
 *fill*         0x080068b9        0x3 
 .rodata.tiny   0x080068bc        0x4 /Applications/ArmGNUToolchain/14.2.rel1/arm-none-eabi/bin/../lib/gcc/arm-none-eabi/14.2.1/../../../../arm-none-eabi/lib/thumb/v6-m/nofp/libm.a(libm_a-ef_sqrt.o)
 .rodata.one    0x080068c0        0x4 /Applications/ArmGNUToolchain/14.2.rel1/arm-none-eabi/bin/../lib/gcc/arm-none-eabi/14.2.1/../../../../arm-none-eabi/lib/thumb/v6-m/nofp/libm.a(libm_a-ef_sqrt.o)
 .rodata.__aeabi_fdiv
                0x080068c4       0x7c /Applications/ArmGNUToolchain/14.2.rel1/arm-none-eabi/bin/../lib/gcc/arm-none-eabi/14.2.1/thumb/v6-m/nofp/libgcc.a(divsf3.o)
 .rodata.__aeabi_ddiv
                0x08006940       0x40 /Applications/ArmGNUToolchain/14.2.rel1/arm-none-eabi/bin/../lib/gcc/arm-none-eabi/14.2.1/thumb/v6-m/nofp/libgcc.a(divdf3.o)
                0x08006980                        . = ALIGN (0x4)

.rel.dyn        0x08006980        0x0
 .rel.iplt      0x08006980        0x0 /Applications/ArmGNUToolchain/14.2.rel1/arm-none-eabi/bin/../lib/gcc/arm-none-eabi/14.2.1/thumb/v6-m/nofp/crtbegin.o

.ARM.extab
 *(.ARM.extab* .gnu.linkonce.armextab.*)

.ARM            0x08006980        0x0
                0x08006980                        __exidx_start = .
 *(.ARM.exidx*)
                0x08006980                        __exidx_end = .

.preinit_array  0x08006980        0x0
                0x08006980                        PROVIDE (__preinit_array_start = .)
 *(.preinit_array*)
                0x08006980                        PROVIDE (__preinit_array_end = .)

.init_array     0x08006980        0x4
                0x08006980                        PROVIDE (__init_array_start = .)
 *(SORT_BY_NAME(.init_array.*))
 *(.init_array*)
 .init_array    0x08006980        0x4 /Applications/ArmGNUToolchain/14.2.rel1/arm-none-eabi/bin/../lib/gcc/arm-none-eabi/14.2.1/thumb/v6-m/nofp/crtbegin.o
                0x08006984                        PROVIDE (__init_array_end = .)

.fini_array     0x08006984        0x4
                [!provide]                        PROVIDE (__fini_array_start = .)
 *(SORT_BY_NAME(.fini_array.*))
 *(.fini_array*)
 .fini_array    0x08006984        0x4 /Applications/ArmGNUToolchain/14.2.rel1/arm-none-eabi/bin/../lib/gcc/arm-none-eabi/14.2.1/thumb/v6-m/nofp/crtbegin.o
                [!provide]                        PROVIDE (__fini_array_end = .)
                0x08006988                        _sidata = LOADADDR (.data)

.data           0x20000000       0x64 load address 0x08006988
                0x20000000                        . = ALIGN (0x4)
                0x20000000                        _sdata = .
 *(.data)
 *(.data*)
 .data.is_posture_correct
                0x20000000        0x1 build/posture_controller.o
                0x20000000                is_posture_correct
 *fill*         0x20000001        0x3 
 .data.threshold_angle
                0x20000004        0x4 build/posture_controller.o
                0x20000004                threshold_angle
 .data.accelerometer_mode
                0x20000008        0x1 build/accelerometer_controller.o
                0x20000008                accelerometer_mode
 .data.uwTickFreq
                0x20000009        0x1 build/stm32f0xx_hal.o
                0x20000009                uwTickFreq
 *fill*         0x2000000a        0x2 
 .data.uwTickPrio
                0x2000000c        0x4 build/stm32f0xx_hal.o
                0x2000000c                uwTickPrio
 .data.SystemCoreClock
                0x20000010        0x4 build/system_stm32f0xx.o
                0x20000010                SystemCoreClock
 .data._impure_ptr
                0x20000014        0x4 /Applications/ArmGNUToolchain/14.2.rel1/arm-none-eabi/bin/../lib/gcc/arm-none-eabi/14.2.1/../../../../arm-none-eabi/lib/thumb/v6-m/nofp/libc_nano.a(libc_a-impure.o)
                0x20000014                _impure_ptr
 .data._impure_data
                0x20000018       0x4c /Applications/ArmGNUToolchain/14.2.rel1/arm-none-eabi/bin/../lib/gcc/arm-none-eabi/14.2.1/../../../../arm-none-eabi/lib/thumb/v6-m/nofp/libc_nano.a(libc_a-impure.o)
                0x20000018                _impure_data
                0x20000064                        . = ALIGN (0x4)
                0x20000064                        _edata = .

.tm_clone_table
                0x20000064        0x0 load address 0x080069ec
 .tm_clone_table
                0x20000064        0x0 /Applications/ArmGNUToolchain/14.2.rel1/arm-none-eabi/bin/../lib/gcc/arm-none-eabi/14.2.1/thumb/v6-m/nofp/crtbegin.o
 .tm_clone_table
                0x20000064        0x0 /Applications/ArmGNUToolchain/14.2.rel1/arm-none-eabi/bin/../lib/gcc/arm-none-eabi/14.2.1/thumb/v6-m/nofp/crtend.o

.igot.plt       0x20000064        0x0 load address 0x080069ec
 .igot.plt      0x20000064        0x0 /Applications/ArmGNUToolchain/14.2.rel1/arm-none-eabi/bin/../lib/gcc/arm-none-eabi/14.2.1/thumb/v6-m/nofp/crtbegin.o
                0x20000064                        . = ALIGN (0x4)

.bss            0x20000064      0x480 load address 0x080069ec
                0x20000064                        _sbss = .
                0x20000064                        __bss_start__ = _sbss
 *(.bss)
 *(.bss*)
 .bss.completed.1
                0x20000064        0x1 /Applications/ArmGNUToolchain/14.2.rel1/arm-none-eabi/bin/../lib/gcc/arm-none-eabi/14.2.1/thumb/v6-m/nofp/crtbegin.o
 *fill*         0x20000065        0x3 
 .bss.object.0  0x20000068       0x18 /Applications/ArmGNUToolchain/14.2.rel1/arm-none-eabi/bin/../lib/gcc/arm-none-eabi/14.2.1/thumb/v6-m/nofp/crtbegin.o
 .bss.last_posture_update.0
                0x20000080        0x4 build/main.o
 .bss.last_button_update.1
                0x20000084        0x4 build/main.o
 .bss.last_led_update.2
                0x20000088        0x4 build/main.o
 .bss.last_acc_update.3
                0x2000008c        0x4 build/main.o
 .bss.huart1    0x20000090       0x88 build/main.o
                0x20000090                huart1
 .bss.htim16    0x20000118       0x48 build/main.o
                0x20000118                htim16
 .bss.hi2c1     0x20000160       0x54 build/main.o
                0x20000160                hi2c1
 .bss.good_posture_history_full
                0x200001b4        0x1 build/posture_controller.o
                0x200001b4                good_posture_history_full
 *fill*         0x200001b5        0x3 
 .bss.good_posture_history_index
                0x200001b8        0x4 build/posture_controller.o
                0x200001b8                good_posture_history_index
 .bss.good_posture_history
                0x200001bc       0x78 build/posture_controller.o
                0x200001bc                good_posture_history
 .bss.did_calibrate
                0x20000234        0x1 build/posture_controller.o
                0x20000234                did_calibrate
 *fill*         0x20000235        0x3 
 .bss.last_haptic_feedback_time
                0x20000238        0x4 build/posture_controller.o
                0x20000238                last_haptic_feedback_time
 .bss.last_good_posture_time
                0x2000023c        0x4 build/posture_controller.o
                0x2000023c                last_good_posture_time
 .bss.last_bad_posture_time
                0x20000240        0x4 build/posture_controller.o
                0x20000240                last_bad_posture_time
 .bss.good_posture_vector
                0x20000244        0xc build/posture_controller.o
                0x20000244                good_posture_vector
 .bss.current_accelerometer_vector
                0x20000250        0xc build/posture_controller.o
                0x20000250                current_accelerometer_vector
 .bss.activity_to_normal_start_time
                0x2000025c        0x4 build/accelerometer_controller.o
 .bss.activity_reset_start_time
                0x20000260        0x4 build/accelerometer_controller.o
 .bss.activity_start_time
                0x20000264        0x4 build/accelerometer_controller.o
 .bss.super_still_start_time
                0x20000268        0x4 build/accelerometer_controller.o
 .bss.last_measurements_history_mean_vector
                0x2000026c        0xc build/accelerometer_controller.o
                0x2000026c                last_measurements_history_mean_vector
 .bss.last_measurements_history_max_magnitude_from_mean
                0x20000278        0x4 build/accelerometer_controller.o
                0x20000278                last_measurements_history_max_magnitude_from_mean
 .bss.last_measurements_history_max_angle_from_mean
                0x2000027c        0x4 build/accelerometer_controller.o
                0x2000027c                last_measurements_history_max_angle_from_mean
 .bss.last_measurements_history_full
                0x20000280        0x1 build/accelerometer_controller.o
                0x20000280                last_measurements_history_full
 *fill*         0x20000281        0x3 
 .bss.last_measurements_history_index
                0x20000284        0x4 build/accelerometer_controller.o
                0x20000284                last_measurements_history_index
 .bss.last_measurements_history
                0x20000288       0xf0 build/accelerometer_controller.o
                0x20000288                last_measurements_history
 .bss.latest_accel_data
                0x20000378        0xc build/accelerometer_controller.o
                0x20000378                latest_accel_data
 .bss.int2_flag
                0x20000384        0x1 build/accelerometer_controller.o
                0x20000384                int2_flag
 .bss.int1_flag
                0x20000385        0x1 build/accelerometer_controller.o
                0x20000385                int1_flag
 .bss.latest_event
                0x20000386        0x1 build/button_controller.o
 .bss.long_press_reported
                0x20000387        0x1 build/button_controller.o
 .bss.press_count
                0x20000388        0x1 build/button_controller.o
 *fill*         0x20000389        0x3 
 .bss.last_release_time
                0x2000038c        0x4 build/button_controller.o
 .bss.press_start_time
                0x20000390        0x4 build/button_controller.o
 .bss.button_pressed
                0x20000394        0x1 build/button_controller.o
 *fill*         0x20000395        0x3 
 .bss.led_state
                0x20000398        0xc build/led_controller.o
 .bss.sleep_mode_active
                0x200003a4        0x1 build/sleep_controller.o
 *fill*         0x200003a5        0x3 
 .bss.uwTick    0x200003a8        0x4 build/stm32f0xx_hal.o
                0x200003a8                uwTick
 .bss.__sf      0x200003ac      0x138 /Applications/ArmGNUToolchain/14.2.rel1/arm-none-eabi/bin/../lib/gcc/arm-none-eabi/14.2.1/../../../../arm-none-eabi/lib/thumb/v6-m/nofp/libc_nano.a(libc_a-findfp.o)
                0x200003ac                __sf
 *(COMMON)
                0x200004e4                        . = ALIGN (0x4)
                0x200004e4                        _ebss = .
                0x200004e4                        __bss_end__ = _ebss

._user_heap_stack
                0x200004e4      0x604 load address 0x080069ec
                0x200004e8                        . = ALIGN (0x8)
 *fill*         0x200004e4        0x4 
                [!provide]                        PROVIDE (end = .)
                0x200004e8                        PROVIDE (_end = .)
                0x200006e8                        . = (. + _Min_Heap_Size)
 *fill*         0x200004e8      0x200 
                0x20000ae8                        . = (. + _Min_Stack_Size)
 *fill*         0x200006e8      0x400 
                0x20000ae8                        . = ALIGN (0x8)

/DISCARD/
 libc.a(*)
 libm.a(*)
 libgcc.a(*)
OUTPUT(build/vsarm_firmware.elf elf32-littlearm)
LOAD linker stubs
LOAD /Applications/ArmGNUToolchain/14.2.rel1/arm-none-eabi/bin/../lib/gcc/arm-none-eabi/14.2.1/../../../../arm-none-eabi/lib/thumb/v6-m/nofp/libc.a
LOAD /Applications/ArmGNUToolchain/14.2.rel1/arm-none-eabi/bin/../lib/gcc/arm-none-eabi/14.2.1/../../../../arm-none-eabi/lib/thumb/v6-m/nofp/libm.a
LOAD /Applications/ArmGNUToolchain/14.2.rel1/arm-none-eabi/bin/../lib/gcc/arm-none-eabi/14.2.1/thumb/v6-m/nofp/libgcc.a

.ARM.attributes
                0x00000000       0x28
 .ARM.attributes
                0x00000000       0x1e /Applications/ArmGNUToolchain/14.2.rel1/arm-none-eabi/bin/../lib/gcc/arm-none-eabi/14.2.1/thumb/v6-m/nofp/crti.o
 .ARM.attributes
                0x0000001e       0x2c /Applications/ArmGNUToolchain/14.2.rel1/arm-none-eabi/bin/../lib/gcc/arm-none-eabi/14.2.1/thumb/v6-m/nofp/crtbegin.o
 .ARM.attributes
                0x0000004a       0x2c build/main.o
 .ARM.attributes
                0x00000076       0x2c build/posture_controller.o
 .ARM.attributes
                0x000000a2       0x2c build/posture_math.o
 .ARM.attributes
                0x000000ce       0x2c build/accelerometer_controller.o
 .ARM.attributes
                0x000000fa       0x2c build/button_controller.o
 .ARM.attributes
                0x00000126       0x2c build/haptic_feedback_controller.o
 .ARM.attributes
                0x00000152       0x2c build/led_controller.o
 .ARM.attributes
                0x0000017e       0x2c build/sleep_controller.o
 .ARM.attributes
                0x000001aa       0x2c build/stm32f0xx_it.o
 .ARM.attributes
                0x000001d6       0x2c build/stm32f0xx_hal_msp.o
 .ARM.attributes
                0x00000202       0x2c build/stm32f0xx_hal_rcc.o
 .ARM.attributes
                0x0000022e       0x2c build/stm32f0xx_hal_rcc_ex.o
 .ARM.attributes
                0x0000025a       0x2c build/stm32f0xx_hal.o
 .ARM.attributes
                0x00000286       0x2c build/stm32f0xx_hal_i2c.o
 .ARM.attributes
                0x000002b2       0x2c build/stm32f0xx_hal_i2c_ex.o
 .ARM.attributes
                0x000002de       0x2c build/stm32f0xx_hal_gpio.o
 .ARM.attributes
                0x0000030a       0x2c build/stm32f0xx_hal_cortex.o
 .ARM.attributes
                0x00000336       0x2c build/stm32f0xx_hal_pwr.o
 .ARM.attributes
                0x00000362       0x2c build/system_stm32f0xx.o
 .ARM.attributes
                0x0000038e       0x2c build/stm32f0xx_hal_tim.o
 .ARM.attributes
                0x000003ba       0x2c build/stm32f0xx_hal_tim_ex.o
 .ARM.attributes
                0x000003e6       0x2c build/stm32f0xx_hal_uart.o
 .ARM.attributes
                0x00000412       0x21 build/startup_stm32f030x8.o
 .ARM.attributes
                0x00000433       0x2c /Applications/ArmGNUToolchain/14.2.rel1/arm-none-eabi/bin/../lib/gcc/arm-none-eabi/14.2.1/../../../../arm-none-eabi/lib/thumb/v6-m/nofp/libc_nano.a(libc_a-findfp.o)
 .ARM.attributes
                0x0000045f       0x2c /Applications/ArmGNUToolchain/14.2.rel1/arm-none-eabi/bin/../lib/gcc/arm-none-eabi/14.2.1/../../../../arm-none-eabi/lib/thumb/v6-m/nofp/libc_nano.a(libc_a-memset.o)
 .ARM.attributes
                0x0000048b       0x2c /Applications/ArmGNUToolchain/14.2.rel1/arm-none-eabi/bin/../lib/gcc/arm-none-eabi/14.2.1/../../../../arm-none-eabi/lib/thumb/v6-m/nofp/libc_nano.a(libc_a-errno.o)
 .ARM.attributes
                0x000004b7       0x2c /Applications/ArmGNUToolchain/14.2.rel1/arm-none-eabi/bin/../lib/gcc/arm-none-eabi/14.2.1/../../../../arm-none-eabi/lib/thumb/v6-m/nofp/libc_nano.a(libc_a-init.o)
 .ARM.attributes
                0x000004e3       0x2c /Applications/ArmGNUToolchain/14.2.rel1/arm-none-eabi/bin/../lib/gcc/arm-none-eabi/14.2.1/../../../../arm-none-eabi/lib/thumb/v6-m/nofp/libc_nano.a(libc_a-impure.o)
 .ARM.attributes
                0x0000050f       0x2c /Applications/ArmGNUToolchain/14.2.rel1/arm-none-eabi/bin/../lib/gcc/arm-none-eabi/14.2.1/../../../../arm-none-eabi/lib/thumb/v6-m/nofp/libm.a(libm_a-wf_acos.o)
 .ARM.attributes
                0x0000053b       0x2c /Applications/ArmGNUToolchain/14.2.rel1/arm-none-eabi/bin/../lib/gcc/arm-none-eabi/14.2.1/../../../../arm-none-eabi/lib/thumb/v6-m/nofp/libm.a(libm_a-wf_sqrt.o)
 .ARM.attributes
                0x00000567       0x2c /Applications/ArmGNUToolchain/14.2.rel1/arm-none-eabi/bin/../lib/gcc/arm-none-eabi/14.2.1/../../../../arm-none-eabi/lib/thumb/v6-m/nofp/libm.a(libm_a-sf_fabs.o)
 .ARM.attributes
                0x00000593       0x2c /Applications/ArmGNUToolchain/14.2.rel1/arm-none-eabi/bin/../lib/gcc/arm-none-eabi/14.2.1/../../../../arm-none-eabi/lib/thumb/v6-m/nofp/libm.a(libm_a-sf_nan.o)
 .ARM.attributes
                0x000005bf       0x2c /Applications/ArmGNUToolchain/14.2.rel1/arm-none-eabi/bin/../lib/gcc/arm-none-eabi/14.2.1/../../../../arm-none-eabi/lib/thumb/v6-m/nofp/libm.a(libm_a-ef_acos.o)
 .ARM.attributes
                0x000005eb       0x2c /Applications/ArmGNUToolchain/14.2.rel1/arm-none-eabi/bin/../lib/gcc/arm-none-eabi/14.2.1/../../../../arm-none-eabi/lib/thumb/v6-m/nofp/libm.a(libm_a-ef_sqrt.o)
 .ARM.attributes
                0x00000617       0x1e /Applications/ArmGNUToolchain/14.2.rel1/arm-none-eabi/bin/../lib/gcc/arm-none-eabi/14.2.1/thumb/v6-m/nofp/libgcc.a(_udivsi3.o)
 .ARM.attributes
                0x00000635       0x1e /Applications/ArmGNUToolchain/14.2.rel1/arm-none-eabi/bin/../lib/gcc/arm-none-eabi/14.2.1/thumb/v6-m/nofp/libgcc.a(_divsi3.o)
 .ARM.attributes
                0x00000653       0x1e /Applications/ArmGNUToolchain/14.2.rel1/arm-none-eabi/bin/../lib/gcc/arm-none-eabi/14.2.1/thumb/v6-m/nofp/libgcc.a(_dvmd_tls.o)
 .ARM.attributes
                0x00000671       0x1e /Applications/ArmGNUToolchain/14.2.rel1/arm-none-eabi/bin/../lib/gcc/arm-none-eabi/14.2.1/thumb/v6-m/nofp/libgcc.a(_arm_cmpdf2.o)
 .ARM.attributes
                0x0000068f       0x1e /Applications/ArmGNUToolchain/14.2.rel1/arm-none-eabi/bin/../lib/gcc/arm-none-eabi/14.2.1/thumb/v6-m/nofp/libgcc.a(_arm_cmpsf2.o)
 .ARM.attributes
                0x000006ad       0x2c /Applications/ArmGNUToolchain/14.2.rel1/arm-none-eabi/bin/../lib/gcc/arm-none-eabi/14.2.1/thumb/v6-m/nofp/libgcc.a(_fixunsdfsi.o)
 .ARM.attributes
                0x000006d9       0x2c /Applications/ArmGNUToolchain/14.2.rel1/arm-none-eabi/bin/../lib/gcc/arm-none-eabi/14.2.1/thumb/v6-m/nofp/libgcc.a(addsf3.o)
 .ARM.attributes
                0x00000705       0x2c /Applications/ArmGNUToolchain/14.2.rel1/arm-none-eabi/bin/../lib/gcc/arm-none-eabi/14.2.1/thumb/v6-m/nofp/libgcc.a(divsf3.o)
 .ARM.attributes
                0x00000731       0x2c /Applications/ArmGNUToolchain/14.2.rel1/arm-none-eabi/bin/../lib/gcc/arm-none-eabi/14.2.1/thumb/v6-m/nofp/libgcc.a(eqsf2.o)
 .ARM.attributes
                0x0000075d       0x2c /Applications/ArmGNUToolchain/14.2.rel1/arm-none-eabi/bin/../lib/gcc/arm-none-eabi/14.2.1/thumb/v6-m/nofp/libgcc.a(gesf2.o)
 .ARM.attributes
                0x00000789       0x2c /Applications/ArmGNUToolchain/14.2.rel1/arm-none-eabi/bin/../lib/gcc/arm-none-eabi/14.2.1/thumb/v6-m/nofp/libgcc.a(lesf2.o)
 .ARM.attributes
                0x000007b5       0x2c /Applications/ArmGNUToolchain/14.2.rel1/arm-none-eabi/bin/../lib/gcc/arm-none-eabi/14.2.1/thumb/v6-m/nofp/libgcc.a(mulsf3.o)
 .ARM.attributes
                0x000007e1       0x2c /Applications/ArmGNUToolchain/14.2.rel1/arm-none-eabi/bin/../lib/gcc/arm-none-eabi/14.2.1/thumb/v6-m/nofp/libgcc.a(subsf3.o)
 .ARM.attributes
                0x0000080d       0x2c /Applications/ArmGNUToolchain/14.2.rel1/arm-none-eabi/bin/../lib/gcc/arm-none-eabi/14.2.1/thumb/v6-m/nofp/libgcc.a(unordsf2.o)
 .ARM.attributes
                0x00000839       0x2c /Applications/ArmGNUToolchain/14.2.rel1/arm-none-eabi/bin/../lib/gcc/arm-none-eabi/14.2.1/thumb/v6-m/nofp/libgcc.a(floatsisf.o)
 .ARM.attributes
                0x00000865       0x2c /Applications/ArmGNUToolchain/14.2.rel1/arm-none-eabi/bin/../lib/gcc/arm-none-eabi/14.2.1/thumb/v6-m/nofp/libgcc.a(divdf3.o)
 .ARM.attributes
                0x00000891       0x2c /Applications/ArmGNUToolchain/14.2.rel1/arm-none-eabi/bin/../lib/gcc/arm-none-eabi/14.2.1/thumb/v6-m/nofp/libgcc.a(eqdf2.o)
 .ARM.attributes
                0x000008bd       0x2c /Applications/ArmGNUToolchain/14.2.rel1/arm-none-eabi/bin/../lib/gcc/arm-none-eabi/14.2.1/thumb/v6-m/nofp/libgcc.a(gedf2.o)
 .ARM.attributes
                0x000008e9       0x2c /Applications/ArmGNUToolchain/14.2.rel1/arm-none-eabi/bin/../lib/gcc/arm-none-eabi/14.2.1/thumb/v6-m/nofp/libgcc.a(ledf2.o)
 .ARM.attributes
                0x00000915       0x2c /Applications/ArmGNUToolchain/14.2.rel1/arm-none-eabi/bin/../lib/gcc/arm-none-eabi/14.2.1/thumb/v6-m/nofp/libgcc.a(muldf3.o)
 .ARM.attributes
                0x00000941       0x2c /Applications/ArmGNUToolchain/14.2.rel1/arm-none-eabi/bin/../lib/gcc/arm-none-eabi/14.2.1/thumb/v6-m/nofp/libgcc.a(subdf3.o)
 .ARM.attributes
                0x0000096d       0x2c /Applications/ArmGNUToolchain/14.2.rel1/arm-none-eabi/bin/../lib/gcc/arm-none-eabi/14.2.1/thumb/v6-m/nofp/libgcc.a(fixdfsi.o)
 .ARM.attributes
                0x00000999       0x2c /Applications/ArmGNUToolchain/14.2.rel1/arm-none-eabi/bin/../lib/gcc/arm-none-eabi/14.2.1/thumb/v6-m/nofp/libgcc.a(floatsidf.o)
 .ARM.attributes
                0x000009c5       0x2c /Applications/ArmGNUToolchain/14.2.rel1/arm-none-eabi/bin/../lib/gcc/arm-none-eabi/14.2.1/thumb/v6-m/nofp/libgcc.a(extendsfdf2.o)
 .ARM.attributes
                0x000009f1       0x1e /Applications/ArmGNUToolchain/14.2.rel1/arm-none-eabi/bin/../lib/gcc/arm-none-eabi/14.2.1/thumb/v6-m/nofp/libgcc.a(_clzsi2.o)
 .ARM.attributes
                0x00000a0f       0x2c /Applications/ArmGNUToolchain/14.2.rel1/arm-none-eabi/bin/../lib/gcc/arm-none-eabi/14.2.1/thumb/v6-m/nofp/crtend.o
 .ARM.attributes
                0x00000a3b       0x1e /Applications/ArmGNUToolchain/14.2.rel1/arm-none-eabi/bin/../lib/gcc/arm-none-eabi/14.2.1/thumb/v6-m/nofp/crtn.o

.comment        0x00000000       0x45
 .comment       0x00000000       0x45 build/main.o
                                 0x46 (size before relaxing)
 .comment       0x00000045       0x46 build/posture_controller.o
 .comment       0x00000045       0x46 build/posture_math.o
 .comment       0x00000045       0x46 build/accelerometer_controller.o
 .comment       0x00000045       0x46 build/button_controller.o
 .comment       0x00000045       0x46 build/haptic_feedback_controller.o
 .comment       0x00000045       0x46 build/led_controller.o
 .comment       0x00000045       0x46 build/sleep_controller.o
 .comment       0x00000045       0x46 build/stm32f0xx_it.o
 .comment       0x00000045       0x46 build/stm32f0xx_hal_msp.o
 .comment       0x00000045       0x46 build/stm32f0xx_hal_rcc.o
 .comment       0x00000045       0x46 build/stm32f0xx_hal_rcc_ex.o
 .comment       0x00000045       0x46 build/stm32f0xx_hal.o
 .comment       0x00000045       0x46 build/stm32f0xx_hal_i2c.o
 .comment       0x00000045       0x46 build/stm32f0xx_hal_i2c_ex.o
 .comment       0x00000045       0x46 build/stm32f0xx_hal_gpio.o
 .comment       0x00000045       0x46 build/stm32f0xx_hal_cortex.o
 .comment       0x00000045       0x46 build/stm32f0xx_hal_pwr.o
 .comment       0x00000045       0x46 build/system_stm32f0xx.o
 .comment       0x00000045       0x46 build/stm32f0xx_hal_tim.o
 .comment       0x00000045       0x46 build/stm32f0xx_hal_tim_ex.o
 .comment       0x00000045       0x46 build/stm32f0xx_hal_uart.o

.debug_info     0x00000000    0x1a7ad
 .debug_info    0x00000000     0x1cf4 build/main.o
 .debug_info    0x00001cf4      0x813 build/posture_controller.o
 .debug_info    0x00002507      0x370 build/posture_math.o
 .debug_info    0x00002877     0x13e5 build/accelerometer_controller.o
 .debug_info    0x00003c5c      0x40f build/button_controller.o
 .debug_info    0x0000406b     0x16eb build/haptic_feedback_controller.o
 .debug_info    0x00005756      0x9e8 build/led_controller.o
 .debug_info    0x0000613e      0x2f1 build/sleep_controller.o
 .debug_info    0x0000642f      0x1ad build/stm32f0xx_it.o
 .debug_info    0x000065dc     0x13c4 build/stm32f0xx_hal_msp.o
 .debug_info    0x000079a0      0xb4c build/stm32f0xx_hal_rcc.o
 .debug_info    0x000084ec      0x41b build/stm32f0xx_hal_rcc_ex.o
 .debug_info    0x00008907      0x810 build/stm32f0xx_hal.o
 .debug_info    0x00009117     0x4686 build/stm32f0xx_hal_i2c.o
 .debug_info    0x0000d79d      0x91c build/stm32f0xx_hal_i2c_ex.o
 .debug_info    0x0000e0b9      0x6c3 build/stm32f0xx_hal_gpio.o
 .debug_info    0x0000e77c      0x8d5 build/stm32f0xx_hal_cortex.o
 .debug_info    0x0000f051      0x43f build/stm32f0xx_hal_pwr.o
 .debug_info    0x0000f490      0x2bc build/system_stm32f0xx.o
 .debug_info    0x0000f74c     0x40e6 build/stm32f0xx_hal_tim.o
 .debug_info    0x00013832     0x1caf build/stm32f0xx_hal_tim_ex.o
 .debug_info    0x000154e1     0x529c build/stm32f0xx_hal_uart.o
 .debug_info    0x0001a77d       0x30 build/startup_stm32f030x8.o

.debug_abbrev   0x00000000     0x31a6
 .debug_abbrev  0x00000000      0x354 build/main.o
 .debug_abbrev  0x00000354      0x20a build/posture_controller.o
 .debug_abbrev  0x0000055e      0x125 build/posture_math.o
 .debug_abbrev  0x00000683      0x378 build/accelerometer_controller.o
 .debug_abbrev  0x000009fb      0x1bc build/button_controller.o
 .debug_abbrev  0x00000bb7      0x353 build/haptic_feedback_controller.o
 .debug_abbrev  0x00000f0a      0x224 build/led_controller.o
 .debug_abbrev  0x0000112e      0x16c build/sleep_controller.o
 .debug_abbrev  0x0000129a       0xcf build/stm32f0xx_it.o
 .debug_abbrev  0x00001369      0x234 build/stm32f0xx_hal_msp.o
 .debug_abbrev  0x0000159d      0x2b4 build/stm32f0xx_hal_rcc.o
 .debug_abbrev  0x00001851      0x1aa build/stm32f0xx_hal_rcc_ex.o
 .debug_abbrev  0x000019fb      0x268 build/stm32f0xx_hal.o
 .debug_abbrev  0x00001c63      0x2f5 build/stm32f0xx_hal_i2c.o
 .debug_abbrev  0x00001f58      0x1c6 build/stm32f0xx_hal_i2c_ex.o
 .debug_abbrev  0x0000211e      0x222 build/stm32f0xx_hal_gpio.o
 .debug_abbrev  0x00002340      0x2f4 build/stm32f0xx_hal_cortex.o
 .debug_abbrev  0x00002634      0x16d build/stm32f0xx_hal_pwr.o
 .debug_abbrev  0x000027a1      0x134 build/system_stm32f0xx.o
 .debug_abbrev  0x000028d5      0x2ce build/stm32f0xx_hal_tim.o
 .debug_abbrev  0x00002ba3      0x2ae build/stm32f0xx_hal_tim_ex.o
 .debug_abbrev  0x00002e51      0x338 build/stm32f0xx_hal_uart.o
 .debug_abbrev  0x00003189       0x1d build/startup_stm32f030x8.o

.debug_loc      0x00000000    0x175d6
 .debug_loc     0x00000000      0x1a6 build/main.o
 .debug_loc     0x000001a6      0x33f build/posture_controller.o
 .debug_loc     0x000004e5      0x22c build/posture_math.o
 .debug_loc     0x00000711      0x8a1 build/accelerometer_controller.o
 .debug_loc     0x00000fb2      0x135 build/button_controller.o
 .debug_loc     0x000010e7      0xc38 build/haptic_feedback_controller.o
 .debug_loc     0x00001d1f      0x253 build/led_controller.o
 .debug_loc     0x00001f72       0x20 build/sleep_controller.o
 .debug_loc     0x00001f92       0x60 build/stm32f0xx_it.o
 .debug_loc     0x00001ff2      0x285 build/stm32f0xx_hal_msp.o
 .debug_loc     0x00002277      0x793 build/stm32f0xx_hal_rcc.o
 .debug_loc     0x00002a0a      0x443 build/stm32f0xx_hal_rcc_ex.o
 .debug_loc     0x00002e4d      0x1f9 build/stm32f0xx_hal.o
 .debug_loc     0x00003046     0x6507 build/stm32f0xx_hal_i2c.o
 .debug_loc     0x0000954d      0x202 build/stm32f0xx_hal_i2c_ex.o
 .debug_loc     0x0000974f      0x47a build/stm32f0xx_hal_gpio.o
 .debug_loc     0x00009bc9      0x3d4 build/stm32f0xx_hal_cortex.o
 .debug_loc     0x00009f9d       0xe2 build/stm32f0xx_hal_pwr.o
 .debug_loc     0x0000a07f      0x19e build/system_stm32f0xx.o
 .debug_loc     0x0000a21d     0x68e3 build/stm32f0xx_hal_tim.o
 .debug_loc     0x00010b00     0x292c build/stm32f0xx_hal_tim_ex.o
 .debug_loc     0x0001342c     0x41aa build/stm32f0xx_hal_uart.o

.debug_aranges  0x00000000     0x1138
 .debug_aranges
                0x00000000       0x58 build/main.o
 .debug_aranges
                0x00000058       0x60 build/posture_controller.o
 .debug_aranges
                0x000000b8       0x38 build/posture_math.o
 .debug_aranges
                0x000000f0       0x90 build/accelerometer_controller.o
 .debug_aranges
                0x00000180       0x40 build/button_controller.o
 .debug_aranges
                0x000001c0      0x100 build/haptic_feedback_controller.o
 .debug_aranges
                0x000002c0       0x48 build/led_controller.o
 .debug_aranges
                0x00000308       0x28 build/sleep_controller.o
 .debug_aranges
                0x00000330       0x50 build/stm32f0xx_it.o
 .debug_aranges
                0x00000380       0x58 build/stm32f0xx_hal_msp.o
 .debug_aranges
                0x000003d8       0x80 build/stm32f0xx_hal_rcc.o
 .debug_aranges
                0x00000458       0x30 build/stm32f0xx_hal_rcc_ex.o
 .debug_aranges
                0x00000488       0xd0 build/stm32f0xx_hal.o
 .debug_aranges
                0x00000558      0x2a0 build/stm32f0xx_hal_i2c.o
 .debug_aranges
                0x000007f8       0x38 build/stm32f0xx_hal_i2c_ex.o
 .debug_aranges
                0x00000830       0x58 build/stm32f0xx_hal_gpio.o
 .debug_aranges
                0x00000888       0x98 build/stm32f0xx_hal_cortex.o
 .debug_aranges
                0x00000920       0x78 build/stm32f0xx_hal_pwr.o
 .debug_aranges
                0x00000998       0x28 build/system_stm32f0xx.o
 .debug_aranges
                0x000009c0      0x3d0 build/stm32f0xx_hal_tim.o
 .debug_aranges
                0x00000d90      0x168 build/stm32f0xx_hal_tim_ex.o
 .debug_aranges
                0x00000ef8      0x218 build/stm32f0xx_hal_uart.o
 .debug_aranges
                0x00001110       0x28 build/startup_stm32f030x8.o

.debug_ranges   0x00000000     0x1108
 .debug_ranges  0x00000000       0x60 build/main.o
 .debug_ranges  0x00000060       0x98 build/posture_controller.o
 .debug_ranges  0x000000f8       0x28 build/posture_math.o
 .debug_ranges  0x00000120       0x80 build/accelerometer_controller.o
 .debug_ranges  0x000001a0       0x48 build/button_controller.o
 .debug_ranges  0x000001e8      0x108 build/haptic_feedback_controller.o
 .debug_ranges  0x000002f0       0x38 build/led_controller.o
 .debug_ranges  0x00000328       0x18 build/sleep_controller.o
 .debug_ranges  0x00000340       0x40 build/stm32f0xx_it.o
 .debug_ranges  0x00000380       0x48 build/stm32f0xx_hal_msp.o
 .debug_ranges  0x000003c8       0x88 build/stm32f0xx_hal_rcc.o
 .debug_ranges  0x00000450       0x38 build/stm32f0xx_hal_rcc_ex.o
 .debug_ranges  0x00000488       0xc0 build/stm32f0xx_hal.o
 .debug_ranges  0x00000548      0x290 build/stm32f0xx_hal_i2c.o
 .debug_ranges  0x000007d8       0x28 build/stm32f0xx_hal_i2c_ex.o
 .debug_ranges  0x00000800       0x48 build/stm32f0xx_hal_gpio.o
 .debug_ranges  0x00000848       0xa0 build/stm32f0xx_hal_cortex.o
 .debug_ranges  0x000008e8       0x68 build/stm32f0xx_hal_pwr.o
 .debug_ranges  0x00000950       0x18 build/system_stm32f0xx.o
 .debug_ranges  0x00000968      0x3c0 build/stm32f0xx_hal_tim.o
 .debug_ranges  0x00000d28      0x158 build/stm32f0xx_hal_tim_ex.o
 .debug_ranges  0x00000e80      0x268 build/stm32f0xx_hal_uart.o
 .debug_ranges  0x000010e8       0x20 build/startup_stm32f030x8.o

.debug_line     0x00000000    0x14b06
 .debug_line    0x00000000      0x77f build/main.o
 .debug_line    0x0000077f      0x58f build/posture_controller.o
 .debug_line    0x00000d0e      0x1bc build/posture_math.o
 .debug_line    0x00000eca      0x944 build/accelerometer_controller.o
 .debug_line    0x0000180e      0x3b2 build/button_controller.o
 .debug_line    0x00001bc0      0x81c build/haptic_feedback_controller.o
 .debug_line    0x000023dc      0x45c build/led_controller.o
 .debug_line    0x00002838      0x233 build/sleep_controller.o
 .debug_line    0x00002a6b      0x1ef build/stm32f0xx_it.o
 .debug_line    0x00002c5a      0x409 build/stm32f0xx_hal_msp.o
 .debug_line    0x00003063      0xc35 build/stm32f0xx_hal_rcc.o
 .debug_line    0x00003c98      0x48f build/stm32f0xx_hal_rcc_ex.o
 .debug_line    0x00004127      0x513 build/stm32f0xx_hal.o
 .debug_line    0x0000463a     0x4f69 build/stm32f0xx_hal_i2c.o
 .debug_line    0x000095a3      0x303 build/stm32f0xx_hal_i2c_ex.o
 .debug_line    0x000098a6      0x69a build/stm32f0xx_hal_gpio.o
 .debug_line    0x00009f40      0x524 build/stm32f0xx_hal_cortex.o
 .debug_line    0x0000a464      0x331 build/stm32f0xx_hal_pwr.o
 .debug_line    0x0000a795      0x216 build/system_stm32f0xx.o
 .debug_line    0x0000a9ab     0x4913 build/stm32f0xx_hal_tim.o
 .debug_line    0x0000f2be     0x1a46 build/stm32f0xx_hal_tim_ex.o
 .debug_line    0x00010d04     0x3d8e build/stm32f0xx_hal_uart.o
 .debug_line    0x00014a92       0x74 build/startup_stm32f030x8.o

.debug_str      0x00000000     0x5088
 .debug_str     0x00000000     0x5088 build/main.o
                               0x1441 (size before relaxing)
 .debug_str     0x00005088      0x719 build/posture_controller.o
 .debug_str     0x00005088      0x21c build/posture_math.o
 .debug_str     0x00005088      0xc1e build/accelerometer_controller.o
 .debug_str     0x00005088      0x39e build/button_controller.o
 .debug_str     0x00005088      0xbd9 build/haptic_feedback_controller.o
 .debug_str     0x00005088      0x805 build/led_controller.o
 .debug_str     0x00005088      0x30e build/sleep_controller.o
 .debug_str     0x00005088      0x20e build/stm32f0xx_it.o
 .debug_str     0x00005088      0xcea build/stm32f0xx_hal_msp.o
 .debug_str     0x00005088      0x62e build/stm32f0xx_hal_rcc.o
 .debug_str     0x00005088      0x385 build/stm32f0xx_hal_rcc_ex.o
 .debug_str     0x00005088      0x680 build/stm32f0xx_hal.o
 .debug_str     0x00005088      0xf99 build/stm32f0xx_hal_i2c.o
 .debug_str     0x00005088      0x76b build/stm32f0xx_hal_i2c_ex.o
 .debug_str     0x00005088      0x3cd build/stm32f0xx_hal_gpio.o
 .debug_str     0x00005088      0x5c1 build/stm32f0xx_hal_cortex.o
 .debug_str     0x00005088      0x379 build/stm32f0xx_hal_pwr.o
 .debug_str     0x00005088      0x24a build/system_stm32f0xx.o
 .debug_str     0x00005088     0x1652 build/stm32f0xx_hal_tim.o
 .debug_str     0x00005088      0xe5e build/stm32f0xx_hal_tim_ex.o
 .debug_str     0x00005088      0xe6b build/stm32f0xx_hal_uart.o
 .debug_str     0x00005088       0x57 build/startup_stm32f030x8.o

.debug_frame    0x00000000     0x3488
 .debug_frame   0x00000000       0xd4 build/main.o
 .debug_frame   0x000000d4       0xf8 build/posture_controller.o
 .debug_frame   0x000001cc       0x88 build/posture_math.o
 .debug_frame   0x00000254      0x180 build/accelerometer_controller.o
 .debug_frame   0x000003d4       0x7c build/button_controller.o
 .debug_frame   0x00000450      0x2dc build/haptic_feedback_controller.o
 .debug_frame   0x0000072c       0xa4 build/led_controller.o
 .debug_frame   0x000007d0       0x38 build/sleep_controller.o
 .debug_frame   0x00000808       0x98 build/stm32f0xx_it.o
 .debug_frame   0x000008a0       0xcc build/stm32f0xx_hal_msp.o
 .debug_frame   0x0000096c      0x134 build/stm32f0xx_hal_rcc.o
 .debug_frame   0x00000aa0       0x58 build/stm32f0xx_hal_rcc_ex.o
 .debug_frame   0x00000af8      0x1ac build/stm32f0xx_hal.o
 .debug_frame   0x00000ca4      0x8b8 build/stm32f0xx_hal_i2c.o
 .debug_frame   0x0000155c       0x78 build/stm32f0xx_hal_i2c_ex.o
 .debug_frame   0x000015d4       0xc0 build/stm32f0xx_hal_gpio.o
 .debug_frame   0x00001694      0x144 build/stm32f0xx_hal_cortex.o
 .debug_frame   0x000017d8       0xd8 build/stm32f0xx_hal_pwr.o
 .debug_frame   0x000018b0       0x38 build/system_stm32f0xx.o
 .debug_frame   0x000018e8      0xae0 build/stm32f0xx_hal_tim.o
 .debug_frame   0x000023c8      0x420 build/stm32f0xx_hal_tim_ex.o
 .debug_frame   0x000027e8      0x5f8 build/stm32f0xx_hal_uart.o
 .debug_frame   0x00002de0      0x138 /Applications/ArmGNUToolchain/14.2.rel1/arm-none-eabi/bin/../lib/gcc/arm-none-eabi/14.2.1/../../../../arm-none-eabi/lib/thumb/v6-m/nofp/libc_nano.a(libc_a-findfp.o)
 .debug_frame   0x00002f18       0x20 /Applications/ArmGNUToolchain/14.2.rel1/arm-none-eabi/bin/../lib/gcc/arm-none-eabi/14.2.1/../../../../arm-none-eabi/lib/thumb/v6-m/nofp/libc_nano.a(libc_a-memset.o)
 .debug_frame   0x00002f38       0x20 /Applications/ArmGNUToolchain/14.2.rel1/arm-none-eabi/bin/../lib/gcc/arm-none-eabi/14.2.1/../../../../arm-none-eabi/lib/thumb/v6-m/nofp/libc_nano.a(libc_a-errno.o)
 .debug_frame   0x00002f58       0x2c /Applications/ArmGNUToolchain/14.2.rel1/arm-none-eabi/bin/../lib/gcc/arm-none-eabi/14.2.1/../../../../arm-none-eabi/lib/thumb/v6-m/nofp/libc_nano.a(libc_a-init.o)
 .debug_frame   0x00002f84       0x2c /Applications/ArmGNUToolchain/14.2.rel1/arm-none-eabi/bin/../lib/gcc/arm-none-eabi/14.2.1/../../../../arm-none-eabi/lib/thumb/v6-m/nofp/libm.a(libm_a-wf_acos.o)
 .debug_frame   0x00002fb0       0x2c /Applications/ArmGNUToolchain/14.2.rel1/arm-none-eabi/bin/../lib/gcc/arm-none-eabi/14.2.1/../../../../arm-none-eabi/lib/thumb/v6-m/nofp/libm.a(libm_a-wf_sqrt.o)
 .debug_frame   0x00002fdc       0x20 /Applications/ArmGNUToolchain/14.2.rel1/arm-none-eabi/bin/../lib/gcc/arm-none-eabi/14.2.1/../../../../arm-none-eabi/lib/thumb/v6-m/nofp/libm.a(libm_a-sf_fabs.o)
 .debug_frame   0x00002ffc       0x20 /Applications/ArmGNUToolchain/14.2.rel1/arm-none-eabi/bin/../lib/gcc/arm-none-eabi/14.2.1/../../../../arm-none-eabi/lib/thumb/v6-m/nofp/libm.a(libm_a-sf_nan.o)
 .debug_frame   0x0000301c       0x30 /Applications/ArmGNUToolchain/14.2.rel1/arm-none-eabi/bin/../lib/gcc/arm-none-eabi/14.2.1/../../../../arm-none-eabi/lib/thumb/v6-m/nofp/libm.a(libm_a-ef_acos.o)
 .debug_frame   0x0000304c       0x34 /Applications/ArmGNUToolchain/14.2.rel1/arm-none-eabi/bin/../lib/gcc/arm-none-eabi/14.2.1/../../../../arm-none-eabi/lib/thumb/v6-m/nofp/libm.a(libm_a-ef_sqrt.o)
 .debug_frame   0x00003080       0x20 /Applications/ArmGNUToolchain/14.2.rel1/arm-none-eabi/bin/../lib/gcc/arm-none-eabi/14.2.1/thumb/v6-m/nofp/libgcc.a(_udivsi3.o)
 .debug_frame   0x000030a0       0x20 /Applications/ArmGNUToolchain/14.2.rel1/arm-none-eabi/bin/../lib/gcc/arm-none-eabi/14.2.1/thumb/v6-m/nofp/libgcc.a(_divsi3.o)
 .debug_frame   0x000030c0       0x2c /Applications/ArmGNUToolchain/14.2.rel1/arm-none-eabi/bin/../lib/gcc/arm-none-eabi/14.2.1/thumb/v6-m/nofp/libgcc.a(_fixunsdfsi.o)
 .debug_frame   0x000030ec       0x38 /Applications/ArmGNUToolchain/14.2.rel1/arm-none-eabi/bin/../lib/gcc/arm-none-eabi/14.2.1/thumb/v6-m/nofp/libgcc.a(addsf3.o)
 .debug_frame   0x00003124       0x38 /Applications/ArmGNUToolchain/14.2.rel1/arm-none-eabi/bin/../lib/gcc/arm-none-eabi/14.2.1/thumb/v6-m/nofp/libgcc.a(divsf3.o)
 .debug_frame   0x0000315c       0x2c /Applications/ArmGNUToolchain/14.2.rel1/arm-none-eabi/bin/../lib/gcc/arm-none-eabi/14.2.1/thumb/v6-m/nofp/libgcc.a(eqsf2.o)
 .debug_frame   0x00003188       0x2c /Applications/ArmGNUToolchain/14.2.rel1/arm-none-eabi/bin/../lib/gcc/arm-none-eabi/14.2.1/thumb/v6-m/nofp/libgcc.a(gesf2.o)
 .debug_frame   0x000031b4       0x2c /Applications/ArmGNUToolchain/14.2.rel1/arm-none-eabi/bin/../lib/gcc/arm-none-eabi/14.2.1/thumb/v6-m/nofp/libgcc.a(lesf2.o)
 .debug_frame   0x000031e0       0x38 /Applications/ArmGNUToolchain/14.2.rel1/arm-none-eabi/bin/../lib/gcc/arm-none-eabi/14.2.1/thumb/v6-m/nofp/libgcc.a(mulsf3.o)
 .debug_frame   0x00003218       0x38 /Applications/ArmGNUToolchain/14.2.rel1/arm-none-eabi/bin/../lib/gcc/arm-none-eabi/14.2.1/thumb/v6-m/nofp/libgcc.a(subsf3.o)
 .debug_frame   0x00003250       0x20 /Applications/ArmGNUToolchain/14.2.rel1/arm-none-eabi/bin/../lib/gcc/arm-none-eabi/14.2.1/thumb/v6-m/nofp/libgcc.a(unordsf2.o)
 .debug_frame   0x00003270       0x2c /Applications/ArmGNUToolchain/14.2.rel1/arm-none-eabi/bin/../lib/gcc/arm-none-eabi/14.2.1/thumb/v6-m/nofp/libgcc.a(floatsisf.o)
 .debug_frame   0x0000329c       0x3c /Applications/ArmGNUToolchain/14.2.rel1/arm-none-eabi/bin/../lib/gcc/arm-none-eabi/14.2.1/thumb/v6-m/nofp/libgcc.a(divdf3.o)
 .debug_frame   0x000032d8       0x38 /Applications/ArmGNUToolchain/14.2.rel1/arm-none-eabi/bin/../lib/gcc/arm-none-eabi/14.2.1/thumb/v6-m/nofp/libgcc.a(eqdf2.o)
 .debug_frame   0x00003310       0x3c /Applications/ArmGNUToolchain/14.2.rel1/arm-none-eabi/bin/../lib/gcc/arm-none-eabi/14.2.1/thumb/v6-m/nofp/libgcc.a(gedf2.o)
 .debug_frame   0x0000334c       0x3c /Applications/ArmGNUToolchain/14.2.rel1/arm-none-eabi/bin/../lib/gcc/arm-none-eabi/14.2.1/thumb/v6-m/nofp/libgcc.a(ledf2.o)
 .debug_frame   0x00003388       0x3c /Applications/ArmGNUToolchain/14.2.rel1/arm-none-eabi/bin/../lib/gcc/arm-none-eabi/14.2.1/thumb/v6-m/nofp/libgcc.a(muldf3.o)
 .debug_frame   0x000033c4       0x3c /Applications/ArmGNUToolchain/14.2.rel1/arm-none-eabi/bin/../lib/gcc/arm-none-eabi/14.2.1/thumb/v6-m/nofp/libgcc.a(subdf3.o)
 .debug_frame   0x00003400       0x30 /Applications/ArmGNUToolchain/14.2.rel1/arm-none-eabi/bin/../lib/gcc/arm-none-eabi/14.2.1/thumb/v6-m/nofp/libgcc.a(fixdfsi.o)
 .debug_frame   0x00003430       0x2c /Applications/ArmGNUToolchain/14.2.rel1/arm-none-eabi/bin/../lib/gcc/arm-none-eabi/14.2.1/thumb/v6-m/nofp/libgcc.a(floatsidf.o)
 .debug_frame   0x0000345c       0x2c /Applications/ArmGNUToolchain/14.2.rel1/arm-none-eabi/bin/../lib/gcc/arm-none-eabi/14.2.1/thumb/v6-m/nofp/libgcc.a(extendsfdf2.o)

.debug_line_str
                0x00000000       0xde
 .debug_line_str
                0x00000000       0xde /Applications/ArmGNUToolchain/14.2.rel1/arm-none-eabi/bin/../lib/gcc/arm-none-eabi/14.2.1/thumb/v6-m/nofp/libgcc.a(_udivsi3.o)
                                 0xd2 (size before relaxing)
 .debug_line_str
                0x000000de       0xd2 /Applications/ArmGNUToolchain/14.2.rel1/arm-none-eabi/bin/../lib/gcc/arm-none-eabi/14.2.1/thumb/v6-m/nofp/libgcc.a(_divsi3.o)
 .debug_line_str
                0x000000de       0xd2 /Applications/ArmGNUToolchain/14.2.rel1/arm-none-eabi/bin/../lib/gcc/arm-none-eabi/14.2.1/thumb/v6-m/nofp/libgcc.a(_dvmd_tls.o)
 .debug_line_str
                0x000000de       0xd2 /Applications/ArmGNUToolchain/14.2.rel1/arm-none-eabi/bin/../lib/gcc/arm-none-eabi/14.2.1/thumb/v6-m/nofp/libgcc.a(_arm_cmpdf2.o)
 .debug_line_str
                0x000000de       0xd2 /Applications/ArmGNUToolchain/14.2.rel1/arm-none-eabi/bin/../lib/gcc/arm-none-eabi/14.2.1/thumb/v6-m/nofp/libgcc.a(_arm_cmpsf2.o)
 .debug_line_str
                0x000000de       0xd2 /Applications/ArmGNUToolchain/14.2.rel1/arm-none-eabi/bin/../lib/gcc/arm-none-eabi/14.2.1/thumb/v6-m/nofp/libgcc.a(_clzsi2.o)

Cross Reference Table

Symbol                                            File
ADC1_IRQHandler                                   build/startup_stm32f030x8.o
AHBPrescTable                                     build/system_stm32f0xx.o
                                                  build/stm32f0xx_hal_rcc.o
APBPrescTable                                     build/system_stm32f0xx.o
                                                  build/stm32f0xx_hal_rcc.o
DMA1_Channel1_IRQHandler                          build/startup_stm32f030x8.o
DMA1_Channel2_3_IRQHandler                        build/startup_stm32f030x8.o
DMA1_Channel4_5_IRQHandler                        build/startup_stm32f030x8.o
Default_Handler                                   build/startup_stm32f030x8.o
EXTI0_1_IRQHandler                                build/stm32f0xx_it.o
EXTI2_3_IRQHandler                                build/startup_stm32f030x8.o
EXTI4_15_IRQHandler                               build/stm32f0xx_it.o
Error_Handler                                     build/main.o
FLASH_IRQHandler                                  build/startup_stm32f030x8.o
FLASH_PageErase                                   build/stm32f0xx_hal_flash_ex.o
                                                  build/stm32f0xx_hal_flash.o
FLASH_WaitForLastOperation                        build/stm32f0xx_hal_flash.o
                                                  build/stm32f0xx_hal_flash_ex.o
HAL_DBGMCU_DisableDBGStandbyMode                  build/stm32f0xx_hal.o
HAL_DBGMCU_DisableDBGStopMode                     build/stm32f0xx_hal.o
HAL_DBGMCU_EnableDBGStandbyMode                   build/stm32f0xx_hal.o
HAL_DBGMCU_EnableDBGStopMode                      build/stm32f0xx_hal.o
HAL_DMA_Abort                                     build/stm32f0xx_hal_dma.o
                                                  build/stm32f0xx_hal_uart.o
HAL_DMA_Abort_IT                                  build/stm32f0xx_hal_dma.o
                                                  build/stm32f0xx_hal_uart.o
                                                  build/stm32f0xx_hal_tim_ex.o
                                                  build/stm32f0xx_hal_tim.o
                                                  build/stm32f0xx_hal_i2c.o
HAL_DMA_DeInit                                    build/stm32f0xx_hal_dma.o
HAL_DMA_GetError                                  build/stm32f0xx_hal_dma.o
                                                  build/stm32f0xx_hal_uart.o
HAL_DMA_GetState                                  build/stm32f0xx_hal_dma.o
                                                  build/stm32f0xx_hal_i2c.o
HAL_DMA_IRQHandler                                build/stm32f0xx_hal_dma.o
HAL_DMA_Init                                      build/stm32f0xx_hal_dma.o
HAL_DMA_PollForTransfer                           build/stm32f0xx_hal_dma.o
HAL_DMA_RegisterCallback                          build/stm32f0xx_hal_dma.o
HAL_DMA_Start                                     build/stm32f0xx_hal_dma.o
HAL_DMA_Start_IT                                  build/stm32f0xx_hal_dma.o
                                                  build/stm32f0xx_hal_uart.o
                                                  build/stm32f0xx_hal_tim_ex.o
                                                  build/stm32f0xx_hal_tim.o
                                                  build/stm32f0xx_hal_i2c.o
HAL_DMA_UnRegisterCallback                        build/stm32f0xx_hal_dma.o
HAL_DeInit                                        build/stm32f0xx_hal.o
HAL_Delay                                         build/stm32f0xx_hal.o
                                                  build/haptic_feedback_controller.o
                                                  build/main.o
HAL_EXTI_ClearConfigLine                          build/stm32f0xx_hal_exti.o
HAL_EXTI_ClearPending                             build/stm32f0xx_hal_exti.o
HAL_EXTI_GenerateSWI                              build/stm32f0xx_hal_exti.o
HAL_EXTI_GetConfigLine                            build/stm32f0xx_hal_exti.o
HAL_EXTI_GetHandle                                build/stm32f0xx_hal_exti.o
HAL_EXTI_GetPending                               build/stm32f0xx_hal_exti.o
HAL_EXTI_IRQHandler                               build/stm32f0xx_hal_exti.o
HAL_EXTI_RegisterCallback                         build/stm32f0xx_hal_exti.o
HAL_EXTI_SetConfigLine                            build/stm32f0xx_hal_exti.o
HAL_FLASHEx_Erase                                 build/stm32f0xx_hal_flash_ex.o
HAL_FLASHEx_Erase_IT                              build/stm32f0xx_hal_flash_ex.o
HAL_FLASHEx_OBErase                               build/stm32f0xx_hal_flash_ex.o
HAL_FLASHEx_OBGetConfig                           build/stm32f0xx_hal_flash_ex.o
HAL_FLASHEx_OBGetUserData                         build/stm32f0xx_hal_flash_ex.o
HAL_FLASHEx_OBProgram                             build/stm32f0xx_hal_flash_ex.o
HAL_FLASH_EndOfOperationCallback                  build/stm32f0xx_hal_flash.o
HAL_FLASH_GetError                                build/stm32f0xx_hal_flash.o
HAL_FLASH_IRQHandler                              build/stm32f0xx_hal_flash.o
HAL_FLASH_Lock                                    build/stm32f0xx_hal_flash.o
HAL_FLASH_OB_Launch                               build/stm32f0xx_hal_flash.o
HAL_FLASH_OB_Lock                                 build/stm32f0xx_hal_flash.o
HAL_FLASH_OB_Unlock                               build/stm32f0xx_hal_flash.o
HAL_FLASH_OperationErrorCallback                  build/stm32f0xx_hal_flash.o
HAL_FLASH_Program                                 build/stm32f0xx_hal_flash.o
HAL_FLASH_Program_IT                              build/stm32f0xx_hal_flash.o
HAL_FLASH_Unlock                                  build/stm32f0xx_hal_flash.o
HAL_GPIO_DeInit                                   build/stm32f0xx_hal_gpio.o
                                                  build/stm32f0xx_hal_msp.o
HAL_GPIO_EXTI_Callback                            build/main.o
HAL_GPIO_EXTI_IRQHandler                          build/stm32f0xx_hal_gpio.o
                                                  build/stm32f0xx_it.o
HAL_GPIO_Init                                     build/stm32f0xx_hal_gpio.o
                                                  build/stm32f0xx_hal_rcc.o
                                                  build/stm32f0xx_hal_msp.o
                                                  build/main.o
HAL_GPIO_LockPin                                  build/stm32f0xx_hal_gpio.o
HAL_GPIO_ReadPin                                  build/stm32f0xx_hal_gpio.o
                                                  build/sleep_controller.o
                                                  build/button_controller.o
HAL_GPIO_TogglePin                                build/stm32f0xx_hal_gpio.o
HAL_GPIO_WritePin                                 build/stm32f0xx_hal_gpio.o
                                                  build/haptic_feedback_controller.o
                                                  build/main.o
HAL_GetDEVID                                      build/stm32f0xx_hal.o
HAL_GetHalVersion                                 build/stm32f0xx_hal.o
HAL_GetREVID                                      build/stm32f0xx_hal.o
HAL_GetTick                                       build/stm32f0xx_hal.o
                                                  build/stm32f0xx_hal_uart_ex.o
                                                  build/stm32f0xx_hal_uart.o
                                                  build/stm32f0xx_hal_flash.o
                                                  build/stm32f0xx_hal_dma.o
                                                  build/stm32f0xx_hal_i2c.o
                                                  build/stm32f0xx_hal_rcc_ex.o
                                                  build/stm32f0xx_hal_rcc.o
                                                  build/led_controller.o
                                                  build/button_controller.o
                                                  build/accelerometer_controller.o
                                                  build/posture_controller.o
                                                  build/main.o
HAL_GetTickFreq                                   build/stm32f0xx_hal.o
HAL_GetTickPrio                                   build/stm32f0xx_hal.o
HAL_GetUIDw0                                      build/stm32f0xx_hal.o
HAL_GetUIDw1                                      build/stm32f0xx_hal.o
HAL_GetUIDw2                                      build/stm32f0xx_hal.o
HAL_HalfDuplex_EnableReceiver                     build/stm32f0xx_hal_uart.o
HAL_HalfDuplex_EnableTransmitter                  build/stm32f0xx_hal_uart.o
HAL_HalfDuplex_Init                               build/stm32f0xx_hal_uart.o
HAL_I2CEx_ConfigAnalogFilter                      build/stm32f0xx_hal_i2c_ex.o
                                                  build/main.o
HAL_I2CEx_ConfigDigitalFilter                     build/stm32f0xx_hal_i2c_ex.o
                                                  build/main.o
HAL_I2CEx_DisableFastModePlus                     build/stm32f0xx_hal_i2c_ex.o
HAL_I2CEx_EnableFastModePlus                      build/stm32f0xx_hal_i2c_ex.o
HAL_I2C_AbortCpltCallback                         build/stm32f0xx_hal_i2c.o
HAL_I2C_AddrCallback                              build/stm32f0xx_hal_i2c.o
HAL_I2C_DeInit                                    build/stm32f0xx_hal_i2c.o
HAL_I2C_DisableListen_IT                          build/stm32f0xx_hal_i2c.o
HAL_I2C_ER_IRQHandler                             build/stm32f0xx_hal_i2c.o
HAL_I2C_EV_IRQHandler                             build/stm32f0xx_hal_i2c.o
HAL_I2C_EnableListen_IT                           build/stm32f0xx_hal_i2c.o
HAL_I2C_ErrorCallback                             build/stm32f0xx_hal_i2c.o
HAL_I2C_GetError                                  build/stm32f0xx_hal_i2c.o
HAL_I2C_GetMode                                   build/stm32f0xx_hal_i2c.o
HAL_I2C_GetState                                  build/stm32f0xx_hal_i2c.o
HAL_I2C_Init                                      build/stm32f0xx_hal_i2c.o
                                                  build/main.o
HAL_I2C_IsDeviceReady                             build/stm32f0xx_hal_i2c.o
HAL_I2C_ListenCpltCallback                        build/stm32f0xx_hal_i2c.o
HAL_I2C_MasterRxCpltCallback                      build/stm32f0xx_hal_i2c.o
HAL_I2C_MasterTxCpltCallback                      build/stm32f0xx_hal_i2c.o
HAL_I2C_Master_Abort_IT                           build/stm32f0xx_hal_i2c.o
HAL_I2C_Master_Receive                            build/stm32f0xx_hal_i2c.o
                                                  build/haptic_feedback_controller.o
HAL_I2C_Master_Receive_DMA                        build/stm32f0xx_hal_i2c.o
HAL_I2C_Master_Receive_IT                         build/stm32f0xx_hal_i2c.o
HAL_I2C_Master_Seq_Receive_DMA                    build/stm32f0xx_hal_i2c.o
HAL_I2C_Master_Seq_Receive_IT                     build/stm32f0xx_hal_i2c.o
HAL_I2C_Master_Seq_Transmit_DMA                   build/stm32f0xx_hal_i2c.o
HAL_I2C_Master_Seq_Transmit_IT                    build/stm32f0xx_hal_i2c.o
HAL_I2C_Master_Transmit                           build/stm32f0xx_hal_i2c.o
                                                  build/haptic_feedback_controller.o
HAL_I2C_Master_Transmit_DMA                       build/stm32f0xx_hal_i2c.o
HAL_I2C_Master_Transmit_IT                        build/stm32f0xx_hal_i2c.o
HAL_I2C_MemRxCpltCallback                         build/stm32f0xx_hal_i2c.o
HAL_I2C_MemTxCpltCallback                         build/stm32f0xx_hal_i2c.o
HAL_I2C_Mem_Read                                  build/stm32f0xx_hal_i2c.o
                                                  build/accelerometer_controller.o
HAL_I2C_Mem_Read_DMA                              build/stm32f0xx_hal_i2c.o
HAL_I2C_Mem_Read_IT                               build/stm32f0xx_hal_i2c.o
HAL_I2C_Mem_Write                                 build/stm32f0xx_hal_i2c.o
                                                  build/accelerometer_controller.o
HAL_I2C_Mem_Write_DMA                             build/stm32f0xx_hal_i2c.o
HAL_I2C_Mem_Write_IT                              build/stm32f0xx_hal_i2c.o
HAL_I2C_MspDeInit                                 build/stm32f0xx_hal_msp.o
HAL_I2C_MspInit                                   build/stm32f0xx_hal_msp.o
HAL_I2C_SlaveRxCpltCallback                       build/stm32f0xx_hal_i2c.o
HAL_I2C_SlaveTxCpltCallback                       build/stm32f0xx_hal_i2c.o
HAL_I2C_Slave_Receive                             build/stm32f0xx_hal_i2c.o
HAL_I2C_Slave_Receive_DMA                         build/stm32f0xx_hal_i2c.o
HAL_I2C_Slave_Receive_IT                          build/stm32f0xx_hal_i2c.o
HAL_I2C_Slave_Seq_Receive_DMA                     build/stm32f0xx_hal_i2c.o
HAL_I2C_Slave_Seq_Receive_IT                      build/stm32f0xx_hal_i2c.o
HAL_I2C_Slave_Seq_Transmit_DMA                    build/stm32f0xx_hal_i2c.o
HAL_I2C_Slave_Seq_Transmit_IT                     build/stm32f0xx_hal_i2c.o
HAL_I2C_Slave_Transmit                            build/stm32f0xx_hal_i2c.o
HAL_I2C_Slave_Transmit_DMA                        build/stm32f0xx_hal_i2c.o
HAL_I2C_Slave_Transmit_IT                         build/stm32f0xx_hal_i2c.o
HAL_IncTick                                       build/stm32f0xx_hal.o
                                                  build/stm32f0xx_it.o
HAL_Init                                          build/stm32f0xx_hal.o
                                                  build/main.o
HAL_InitTick                                      build/stm32f0xx_hal.o
                                                  build/stm32f0xx_hal_rcc.o
HAL_MspDeInit                                     build/stm32f0xx_hal.o
HAL_MspInit                                       build/stm32f0xx_hal_msp.o
HAL_MultiProcessorEx_AddressLength_Set            build/stm32f0xx_hal_uart_ex.o
HAL_MultiProcessor_DisableMuteMode                build/stm32f0xx_hal_uart.o
HAL_MultiProcessor_EnableMuteMode                 build/stm32f0xx_hal_uart.o
HAL_MultiProcessor_EnterMuteMode                  build/stm32f0xx_hal_uart.o
HAL_MultiProcessor_Init                           build/stm32f0xx_hal_uart.o
HAL_NVIC_ClearPendingIRQ                          build/stm32f0xx_hal_cortex.o
HAL_NVIC_DisableIRQ                               build/stm32f0xx_hal_cortex.o
HAL_NVIC_EnableIRQ                                build/stm32f0xx_hal_cortex.o
                                                  build/main.o
HAL_NVIC_GetPendingIRQ                            build/stm32f0xx_hal_cortex.o
HAL_NVIC_GetPriority                              build/stm32f0xx_hal_cortex.o
HAL_NVIC_SetPendingIRQ                            build/stm32f0xx_hal_cortex.o
HAL_NVIC_SetPriority                              build/stm32f0xx_hal_cortex.o
                                                  build/stm32f0xx_hal.o
                                                  build/main.o
HAL_NVIC_SystemReset                              build/stm32f0xx_hal_cortex.o
HAL_PWR_DeInit                                    build/stm32f0xx_hal_pwr.o
HAL_PWR_DisableBkUpAccess                         build/stm32f0xx_hal_pwr.o
HAL_PWR_DisableSEVOnPend                          build/stm32f0xx_hal_pwr.o
HAL_PWR_DisableSleepOnExit                        build/stm32f0xx_hal_pwr.o
HAL_PWR_DisableWakeUpPin                          build/stm32f0xx_hal_pwr.o
HAL_PWR_EnableBkUpAccess                          build/stm32f0xx_hal_pwr.o
HAL_PWR_EnableSEVOnPend                           build/stm32f0xx_hal_pwr.o