Archive member included to satisfy reference by file (symbol)

/Applications/ArmGNUToolchain/14.2.rel1/arm-none-eabi/bin/../lib/gcc/arm-none-eabi/14.2.1/../../../../arm-none-eabi/lib/thumb/v6-m/nofp/libc_nano.a(libc_a-exit.o)
                              /Applications/ArmGNUToolchain/14.2.rel1/arm-none-eabi/bin/../lib/gcc/arm-none-eabi/14.2.1/../../../../arm-none-eabi/lib/thumb/v6-m/nofp/crt0.o (exit)
/Applications/ArmGNUToolchain/14.2.rel1/arm-none-eabi/bin/../lib/gcc/arm-none-eabi/14.2.1/../../../../arm-none-eabi/lib/thumb/v6-m/nofp/libc_nano.a(libc_a-snprintf.o)
                              build/main.o (snprintf)
/Applications/ArmGNUToolchain/14.2.rel1/arm-none-eabi/bin/../lib/gcc/arm-none-eabi/14.2.1/../../../../arm-none-eabi/lib/thumb/v6-m/nofp/libc_nano.a(libc_a-findfp.o)
                              /Applications/ArmGNUToolchain/14.2.rel1/arm-none-eabi/bin/../lib/gcc/arm-none-eabi/14.2.1/../../../../arm-none-eabi/lib/thumb/v6-m/nofp/libc_nano.a(libc_a-exit.o) (__stdio_exit_handler)
/Applications/ArmGNUToolchain/14.2.rel1/arm-none-eabi/bin/../lib/gcc/arm-none-eabi/14.2.1/../../../../arm-none-eabi/lib/thumb/v6-m/nofp/libc_nano.a(libc_a-fwalk.o)
                              /Applications/ArmGNUToolchain/14.2.rel1/arm-none-eabi/bin/../lib/gcc/arm-none-eabi/14.2.1/../../../../arm-none-eabi/lib/thumb/v6-m/nofp/libc_nano.a(libc_a-findfp.o) (_fwalk_sglue)
/Applications/ArmGNUToolchain/14.2.rel1/arm-none-eabi/bin/../lib/gcc/arm-none-eabi/14.2.1/../../../../arm-none-eabi/lib/thumb/v6-m/nofp/libc_nano.a(libc_a-memset.o)
                              /Applications/ArmGNUToolchain/14.2.rel1/arm-none-eabi/bin/../lib/gcc/arm-none-eabi/14.2.1/../../../../arm-none-eabi/lib/thumb/v6-m/nofp/crt0.o (memset)
/Applications/ArmGNUToolchain/14.2.rel1/arm-none-eabi/bin/../lib/gcc/arm-none-eabi/14.2.1/../../../../arm-none-eabi/lib/thumb/v6-m/nofp/libc_nano.a(libc_a-errno.o)
                              build/sysmem.o (__errno)
/Applications/ArmGNUToolchain/14.2.rel1/arm-none-eabi/bin/../lib/gcc/arm-none-eabi/14.2.1/../../../../arm-none-eabi/lib/thumb/v6-m/nofp/libc_nano.a(libc_a-init.o)
                              /Applications/ArmGNUToolchain/14.2.rel1/arm-none-eabi/bin/../lib/gcc/arm-none-eabi/14.2.1/../../../../arm-none-eabi/lib/thumb/v6-m/nofp/crt0.o (__libc_init_array)
/Applications/ArmGNUToolchain/14.2.rel1/arm-none-eabi/bin/../lib/gcc/arm-none-eabi/14.2.1/../../../../arm-none-eabi/lib/thumb/v6-m/nofp/libc_nano.a(libc_a-lock.o)
                              /Applications/ArmGNUToolchain/14.2.rel1/arm-none-eabi/bin/../lib/gcc/arm-none-eabi/14.2.1/../../../../arm-none-eabi/lib/thumb/v6-m/nofp/libc_nano.a(libc_a-findfp.o) (__retarget_lock_init_recursive)
/Applications/ArmGNUToolchain/14.2.rel1/arm-none-eabi/bin/../lib/gcc/arm-none-eabi/14.2.1/../../../../arm-none-eabi/lib/thumb/v6-m/nofp/libc_nano.a(libc_a-impure.o)
                              /Applications/ArmGNUToolchain/14.2.rel1/arm-none-eabi/bin/../lib/gcc/arm-none-eabi/14.2.1/../../../../arm-none-eabi/lib/thumb/v6-m/nofp/libc_nano.a(libc_a-snprintf.o) (_impure_ptr)
/Applications/ArmGNUToolchain/14.2.rel1/arm-none-eabi/bin/../lib/gcc/arm-none-eabi/14.2.1/../../../../arm-none-eabi/lib/thumb/v6-m/nofp/libc_nano.a(libc_a-strlen.o)
                              build/main.o (strlen)
/Applications/ArmGNUToolchain/14.2.rel1/arm-none-eabi/bin/../lib/gcc/arm-none-eabi/14.2.1/../../../../arm-none-eabi/lib/thumb/v6-m/nofp/libc_nano.a(libc_a-nano-svfprintf.o)
                              /Applications/ArmGNUToolchain/14.2.rel1/arm-none-eabi/bin/../lib/gcc/arm-none-eabi/14.2.1/../../../../arm-none-eabi/lib/thumb/v6-m/nofp/libc_nano.a(libc_a-snprintf.o) (_svfprintf_r)
/Applications/ArmGNUToolchain/14.2.rel1/arm-none-eabi/bin/../lib/gcc/arm-none-eabi/14.2.1/../../../../arm-none-eabi/lib/thumb/v6-m/nofp/libc_nano.a(libc_a-mallocr.o)
                              /Applications/ArmGNUToolchain/14.2.rel1/arm-none-eabi/bin/../lib/gcc/arm-none-eabi/14.2.1/../../../../arm-none-eabi/lib/thumb/v6-m/nofp/libc_nano.a(libc_a-findfp.o) (_malloc_r)
/Applications/ArmGNUToolchain/14.2.rel1/arm-none-eabi/bin/../lib/gcc/arm-none-eabi/14.2.1/../../../../arm-none-eabi/lib/thumb/v6-m/nofp/libc_nano.a(libc_a-nano-vfprintf_i.o)
                              /Applications/ArmGNUToolchain/14.2.rel1/arm-none-eabi/bin/../lib/gcc/arm-none-eabi/14.2.1/../../../../arm-none-eabi/lib/thumb/v6-m/nofp/libc_nano.a(libc_a-nano-svfprintf.o) (_printf_i)
/Applications/ArmGNUToolchain/14.2.rel1/arm-none-eabi/bin/../lib/gcc/arm-none-eabi/14.2.1/../../../../arm-none-eabi/lib/thumb/v6-m/nofp/libc_nano.a(libc_a-fflush.o)
                              /Applications/ArmGNUToolchain/14.2.rel1/arm-none-eabi/bin/../lib/gcc/arm-none-eabi/14.2.1/../../../../arm-none-eabi/lib/thumb/v6-m/nofp/libc_nano.a(libc_a-findfp.o) (_fflush_r)
/Applications/ArmGNUToolchain/14.2.rel1/arm-none-eabi/bin/../lib/gcc/arm-none-eabi/14.2.1/../../../../arm-none-eabi/lib/thumb/v6-m/nofp/libc_nano.a(libc_a-mlock.o)
[...]
Memory Configuration

Name             Origin             Length             Attributes
RAM              0x20000000         0x00002000         xrw
FLASH            0x08000000         0x00010000         xr
*default*        0x00000000         0xffffffff

Linker script and memory map

LOAD /Applications/ArmGNUToolchain/14.2.rel1/arm-none-eabi/bin/../lib/gcc/arm-none-eabi/14.2.1/thumb/v6-m/nofp/crti.o
LOAD /Applications/ArmGNUToolchain/14.2.rel1/arm-none-eabi/bin/../lib/gcc/arm-none-eabi/14.2.1/thumb/v6-m/nofp/crtbegin.o
LOAD /Applications/ArmGNUToolchain/14.2.rel1/arm-none-eabi/bin/../lib/gcc/arm-none-eabi/14.2.1/../../../../arm-none-eabi/lib/thumb/v6-m/nofp/crt0.o
LOAD build/main.o
LOAD build/accelerometer_controller.o
LOAD build/button_controller.o
LOAD build/haptic_feedback_controller.o
LOAD build/led_controller.o
LOAD build/state_machine.o
LOAD build/stm32f0xx_it.o
LOAD build/stm32f0xx_hal_msp.o
LOAD build/stm32f0xx_hal_rcc.o
LOAD build/stm32f0xx_hal_rcc_ex.o
LOAD build/stm32f0xx_hal.o
LOAD build/stm32f0xx_hal_i2c.o
LOAD build/stm32f0xx_hal_i2c_ex.o
LOAD build/stm32f0xx_hal_gpio.o
LOAD build/stm32f0xx_hal_dma.o
LOAD build/stm32f0xx_hal_cortex.o
LOAD build/stm32f0xx_hal_pwr.o
LOAD build/stm32f0xx_hal_pwr_ex.o
LOAD build/stm32f0xx_hal_flash.o
LOAD build/stm32f0xx_hal_flash_ex.o
LOAD build/stm32f0xx_hal_exti.o
LOAD build/system_stm32f0xx.o
LOAD build/sysmem.o
LOAD build/syscalls.o
LOAD build/stm32f0xx_hal_tim.o
LOAD build/stm32f0xx_hal_tim_ex.o
LOAD build/stm32f0xx_hal_uart.o
LOAD build/stm32f0xx_hal_uart_ex.o
LOAD build/startup_stm32f030x8.o
LOAD /Applications/ArmGNUToolchain/14.2.rel1/arm-none-eabi/bin/../lib/gcc/arm-none-eabi/14.2.1/../../../../arm-none-eabi/lib/thumb/v6-m/nofp/libc_nano.a
LOAD /Applications/ArmGNUToolchain/14.2.rel1/arm-none-eabi/bin/../lib/gcc/arm-none-eabi/14.2.1/../../../../arm-none-eabi/lib/thumb/v6-m/nofp/libm.a
LOAD /Applications/ArmGNUToolchain/14.2.rel1/arm-none-eabi/bin/../lib/gcc/arm-none-eabi/14.2.1/../../../../arm-none-eabi/lib/thumb/v6-m/nofp/libnosys.a
START GROUP
LOAD /Applications/ArmGNUToolchain/14.2.rel1/arm-none-eabi/bin/../lib/gcc/arm-none-eabi/14.2.1/thumb/v6-m/nofp/libgcc.a
LOAD /Applications/ArmGNUToolchain/14.2.rel1/arm-none-eabi/bin/../lib/gcc/arm-none-eabi/14.2.1/../../../../arm-none-eabi/lib/thumb/v6-m/nofp/libc_nano.a
END GROUP
START GROUP
LOAD /Applications/ArmGNUToolchain/14.2.rel1/arm-none-eabi/bin/../lib/gcc/arm-none-eabi/14.2.1/thumb/v6-m/nofp/libgcc.a
LOAD /Applications/ArmGNUToolchain/14.2.rel1/arm-none-eabi/bin/../lib/gcc/arm-none-eabi/14.2.1/../../../../arm-none-eabi/lib/thumb/v6-m/nofp/libc_nano.a
END GROUP
LOAD /Applications/ArmGNUToolchain/14.2.rel1/arm-none-eabi/bin/../lib/gcc/arm-none-eabi/14.2.1/thumb/v6-m/nofp/crtend.o
LOAD /Applications/ArmGNUToolchain/14.2.rel1/arm-none-eabi/bin/../lib/gcc/arm-none-eabi/14.2.1/thumb/v6-m/nofp/crtn.o
                0x20002000                        _estack = (ORIGIN (RAM) + LENGTH (RAM))
                0x00000200                        _Min_Heap_Size = 0x200
                0x00000400                        _Min_Stack_Size = 0x400

.isr_vector     0x08000000       0xc0
                0x08000000                        . = ALIGN (0x4)
 *(.isr_vector)
 .isr_vector    0x08000000       0xc0 build/startup_stm32f030x8.o
                0x08000000                g_pfnVectors
                0x080000c0                        . = ALIGN (0x4)

.text           0x080000c0     0x5c30
                0x080000c0                        . = ALIGN (0x4)
 *(.text)
 .text          0x080000c0        0xe /Applications/ArmGNUToolchain/14.2.rel1/arm-none-eabi/bin/../lib/gcc/arm-none-eabi/14.2.1/../../../../arm-none-eabi/lib/thumb/v6-m/nofp/libc_nano.a(libc_a-strlen.o)
                0x080000c0                strlen
 *fill*         0x080000ce        0x2 
 .text          0x080000d0       0x14 /Applications/ArmGNUToolchain/14.2.rel1/arm-none-eabi/bin/../lib/gcc/arm-none-eabi/14.2.1/thumb/v6-m/nofp/libgcc.a(_thumb1_case_shi.o)
                0x080000d0                __gnu_thumb1_case_shi
 .text          0x080000e4      0x114 /Applications/ArmGNUToolchain/14.2.rel1/arm-none-eabi/bin/../lib/gcc/arm-none-eabi/14.2.1/thumb/v6-m/nofp/libgcc.a(_udivsi3.o)
                0x080000e4                __udivsi3
                0x080000e4                __aeabi_uidiv
                0x080001f0                __aeabi_uidivmod
 .text          0x080001f8      0x1d4 /Applications/ArmGNUToolchain/14.2.rel1/arm-none-eabi/bin/../lib/gcc/arm-none-eabi/14.2.1/thumb/v6-m/nofp/libgcc.a(_divsi3.o)
                0x080001f8                __aeabi_idiv
                0x080001f8                __divsi3
                0x080003c4                __aeabi_idivmod
 .text          0x080003cc        0x4 /Applications/ArmGNUToolchain/14.2.rel1/arm-none-eabi/bin/../lib/gcc/arm-none-eabi/14.2.1/thumb/v6-m/nofp/libgcc.a(_dvmd_tls.o)
                0x080003cc                __aeabi_ldiv0
                0x080003cc                __aeabi_idiv0
 .text          0x080003d0       0x7c /Applications/ArmGNUToolchain/14.2.rel1/arm-none-eabi/bin/../lib/gcc/arm-none-eabi/14.2.1/thumb/v6-m/nofp/libgcc.a(_arm_cmpdf2.o)
                0x080003d0                __aeabi_cdrcmple
                0x080003e0                __aeabi_cdcmple
                0x080003e0                __aeabi_cdcmpeq
                0x080003f0                __aeabi_dcmpeq
                0x080003fc                __aeabi_dcmplt
                0x08000410                __aeabi_dcmple
                0x08000424                __aeabi_dcmpgt
                0x08000438                __aeabi_dcmpge
 .text          0x0800044c       0x3c /Applications/ArmGNUToolchain/14.2.rel1/arm-none-eabi/bin/../lib/gcc/arm-none-eabi/14.2.1/thumb/v6-m/nofp/libgcc.a(_clzsi2.o)
                0x0800044c                __clzsi2
 *(.text*)
 .text.deregister_tm_clones
                0x08000488       0x20 /Applications/ArmGNUToolchain/14.2.rel1/arm-none-eabi/bin/../lib/gcc/arm-none-eabi/14.2.1/thumb/v6-m/nofp/crtbegin.o
 .text.register_tm_clones
                0x080004a8       0x28 /Applications/ArmGNUToolchain/14.2.rel1/arm-none-eabi/bin/../lib/gcc/arm-none-eabi/14.2.1/thumb/v6-m/nofp/crtbegin.o
 .text.__do_global_dtors_aux
                0x080004d0       0x2c /Applications/ArmGNUToolchain/14.2.rel1/arm-none-eabi/bin/../lib/gcc/arm-none-eabi/14.2.1/thumb/v6-m/nofp/crtbegin.o
 .text.frame_dummy
                0x080004fc       0x24 /Applications/ArmGNUToolchain/14.2.rel1/arm-none-eabi/bin/../lib/gcc/arm-none-eabi/14.2.1/thumb/v6-m/nofp/crtbegin.o
 .text.MX_GPIO_Init
                0x08000520       0xc4 build/main.o
 .text.HAL_GPIO_EXTI_Callback
                0x080005e4        0xe build/main.o
                0x080005e4                HAL_GPIO_EXTI_Callback
 .text.Error_Handler
                0x080005f2        0x4 build/main.o
                0x080005f2                Error_Handler
 *fill*         0x080005f6        0x2 
 .text.MX_I2C1_Init
                0x080005f8       0x58 build/main.o
 .text.MX_TIM16_Init
                0x08000650       0xa8 build/main.o
 .text.MX_USART1_UART_Init
                0x080006f8       0x38 build/main.o
 .text.SystemClock_Config
                0x08000730       0x76 build/main.o
                0x08000730                SystemClock_Config
 *fill*         0x080007a6        0x2 
 .text.main     0x080007a8      0x3f8 build/main.o
                0x080007a8                main
 .text.accelerometer_read_reg
                0x08000ba0       0x24 build/accelerometer_controller.o
 .text.accelerometer_read_regs
                0x08000bc4       0x24 build/accelerometer_controller.o
 .text.accelerometer_write_reg
                0x08000be8       0x2c build/accelerometer_controller.o
 .text.accel_goto_standby
                0x08000c14       0x26 build/accelerometer_controller.o
 .text.accel_goto_active
                0x08000c3a       0x2a build/accelerometer_controller.o
 .text.accelerometer_controller_initialize
                0x08000c64       0xb4 build/accelerometer_controller.o
                0x08000c64                accelerometer_controller_initialize
 .text.accelerometer_read_mps2
                0x08000d18      0x120 build/accelerometer_controller.o
                0x08000d18                accelerometer_read_mps2
 .text.get_sysmod
                0x08000e38       0x1e build/accelerometer_controller.o
                0x08000e38                get_sysmod
 .text.get_ff_mt_src
                0x08000e56       0x1e build/accelerometer_controller.o
                0x08000e56                get_ff_mt_src
 .text.get_int_source
                0x08000e74       0x1e build/accelerometer_controller.o
                0x08000e74                get_int_source
 .text.get_transient_src
                0x08000e92       0x1e build/accelerometer_controller.o
                0x08000e92                get_transient_src
 .text.read_raw_button_state
                0x08000eb0       0x18 build/button_controller.o
 .text.button_controller_initialize
                0x08000ec8       0x44 build/button_controller.o
                0x08000ec8                button_controller_initialize
 .text.button_handle_exti
                0x08000f0c       0x78 build/button_controller.o
                0x08000f0c                button_handle_exti
 .text.haptic_feedback_modify_register
                0x08000f84       0x74 build/haptic_feedback_controller.o
 .text.haptic_feedback_set_actuator_type
                0x08000ff8       0x16 build/haptic_feedback_controller.o
                0x08000ff8                haptic_feedback_set_actuator_type
 *fill*         0x0800100e        0x2 
 .text.haptic_feedback_set_od_clamp
                0x08001010       0x24 build/haptic_feedback_controller.o
                0x08001010                haptic_feedback_set_od_clamp
 .text.haptic_feedback_set_open_loop
                0x08001034        0xe build/haptic_feedback_controller.o
                0x08001034                haptic_feedback_set_open_loop
 *fill*         0x08001042        0x2 
 .text.haptic_feedback_set_ol_lra_period
                0x08001044       0x38 build/haptic_feedback_controller.o
                0x08001044                haptic_feedback_set_ol_lra_period
 .text.haptic_feedback_set_mode
                0x0800107c       0x24 build/haptic_feedback_controller.o
                0x0800107c                haptic_feedback_set_mode
 .text.haptic_feedback_init_for_wideband_LRA
                0x080010a0       0x44 build/haptic_feedback_controller.o
                0x080010a0                haptic_feedback_init_for_wideband_LRA
 .text.haptic_feedback_controller_initialize
                0x080010e4       0x1e build/haptic_feedback_controller.o
                0x080010e4                haptic_feedback_controller_initialize
 *fill*         0x08001102        0x2 
 .text.led_controller_initialize
                0x08001104       0x10 build/led_controller.o
                0x08001104                led_controller_initialize
 .text.led_on   0x08001114       0x24 build/led_controller.o
                0x08001114                led_on
 .text.led_off  0x08001138       0x10 build/led_controller.o
                0x08001138                led_off
 .text.led_execute_sequence
                0x08001148       0x8e build/led_controller.o
                0x08001148                led_execute_sequence
 *fill*         0x080011d6        0x2 
 .text.state_machine_initialize
                0x080011d8        0xc build/state_machine.o
                0x080011d8                state_machine_initialize
 .text.NMI_Handler
                0x080011e4        0x2 build/stm32f0xx_it.o
                0x080011e4                NMI_Handler
 .text.HardFault_Handler
                0x080011e6        0x2 build/stm32f0xx_it.o
                0x080011e6                HardFault_Handler
 .text.SVC_Handler
                0x080011e8        0x2 build/stm32f0xx_it.o
                0x080011e8                SVC_Handler
 .text.PendSV_Handler
                0x080011ea        0x2 build/stm32f0xx_it.o
                0x080011ea                PendSV_Handler
 .text.SysTick_Handler
                0x080011ec        0x8 build/stm32f0xx_it.o
                0x080011ec                SysTick_Handler
 .text.EXTI0_1_IRQHandler
                0x080011f4       0x10 build/stm32f0xx_it.o
                0x080011f4                EXTI0_1_IRQHandler
 .text.EXTI4_15_IRQHandler
                0x08001204        0xa build/stm32f0xx_it.o
                0x08001204                EXTI4_15_IRQHandler
 *fill*         0x0800120e        0x2 
 .text.HAL_MspInit
                0x08001210       0x30 build/stm32f0xx_hal_msp.o
                0x08001210                HAL_MspInit
 .text.HAL_I2C_MspInit
                0x08001240       0x68 build/stm32f0xx_hal_msp.o
                0x08001240                HAL_I2C_MspInit
 .text.HAL_TIM_Base_MspInit
                0x080012a8       0x2c build/stm32f0xx_hal_msp.o
                0x080012a8                HAL_TIM_Base_MspInit
 .text.HAL_TIM_MspPostInit
                0x080012d4       0x54 build/stm32f0xx_hal_msp.o
                0x080012d4                HAL_TIM_MspPostInit
 .text.HAL_UART_MspInit
                0x08001328       0x68 build/stm32f0xx_hal_msp.o
                0x08001328                HAL_UART_MspInit
 .text.HAL_RCC_OscConfig
                0x08001390      0x49c build/stm32f0xx_hal_rcc.o
                0x08001390                HAL_RCC_OscConfig
 .text.HAL_RCC_GetSysClockFreq
                0x0800182c       0x60 build/stm32f0xx_hal_rcc.o
                0x0800182c                HAL_RCC_GetSysClockFreq
 .text.HAL_RCC_ClockConfig
                0x0800188c      0x134 build/stm32f0xx_hal_rcc.o
                0x0800188c                HAL_RCC_ClockConfig
 .text.HAL_RCC_GetHCLKFreq
                0x080019c0        0xc build/stm32f0xx_hal_rcc.o
                0x080019c0                HAL_RCC_GetHCLKFreq
 .text.HAL_RCC_GetPCLK1Freq
                0x080019cc       0x20 build/stm32f0xx_hal_rcc.o
                0x080019cc                HAL_RCC_GetPCLK1Freq
 .text.HAL_RCCEx_PeriphCLKConfig
                0x080019ec      0x120 build/stm32f0xx_hal_rcc_ex.o
                0x080019ec                HAL_RCCEx_PeriphCLKConfig
 .text.HAL_InitTick
                0x08001b0c       0x50 build/stm32f0xx_hal.o
                0x08001b0c                HAL_InitTick
 .text.HAL_Init
                0x08001b5c       0x20 build/stm32f0xx_hal.o
                0x08001b5c                HAL_Init
 .text.HAL_IncTick
                0x08001b7c       0x18 build/stm32f0xx_hal.o
                0x08001b7c                HAL_IncTick
 .text.HAL_GetTick
                0x08001b94        0xc build/stm32f0xx_hal.o
                0x08001b94                HAL_GetTick
 .text.HAL_Delay
                0x08001ba0       0x24 build/stm32f0xx_hal.o
                0x08001ba0                HAL_Delay
 .text.I2C_Flush_TXDR
                0x08001bc4       0x1e build/stm32f0xx_hal_i2c.o
 *fill*         0x08001be2        0x2 
 .text.I2C_TransferConfig
                0x08001be4       0x34 build/stm32f0xx_hal_i2c.o
 .text.I2C_IsErrorOccurred
                0x08001c18      0x118 build/stm32f0xx_hal_i2c.o
 .text.I2C_WaitOnTXISFlagUntilTimeout
                0x08001d30       0x5a build/stm32f0xx_hal_i2c.o
 .text.I2C_WaitOnFlagUntilTimeout
                0x08001d8a       0x8a build/stm32f0xx_hal_i2c.o
 .text.I2C_RequestMemoryWrite
                0x08001e14       0x78 build/stm32f0xx_hal_i2c.o
 .text.I2C_RequestMemoryRead
                0x08001e8c       0x74 build/stm32f0xx_hal_i2c.o
 .text.I2C_WaitOnSTOPFlagUntilTimeout
                0x08001f00       0x5a build/stm32f0xx_hal_i2c.o
 *fill*         0x08001f5a        0x2 
 .text.I2C_WaitOnRXNEFlagUntilTimeout
                0x08001f5c       0xa0 build/stm32f0xx_hal_i2c.o
 .text.HAL_I2C_Init
                0x08001ffc       0xdc build/stm32f0xx_hal_i2c.o
                0x08001ffc                HAL_I2C_Init
 .text.HAL_I2C_Master_Transmit
                0x080020d8      0x190 build/stm32f0xx_hal_i2c.o
                0x080020d8                HAL_I2C_Master_Transmit
 .text.HAL_I2C_Master_Receive
                0x08002268      0x16c build/stm32f0xx_hal_i2c.o
                0x08002268                HAL_I2C_Master_Receive
 .text.HAL_I2C_Mem_Write
                0x080023d4      0x198 build/stm32f0xx_hal_i2c.o
                0x080023d4                HAL_I2C_Mem_Write
 .text.HAL_I2C_Mem_Read
                0x0800256c      0x1a0 build/stm32f0xx_hal_i2c.o
                0x0800256c                HAL_I2C_Mem_Read
 .text.HAL_I2CEx_ConfigAnalogFilter
                0x0800270c       0x58 build/stm32f0xx_hal_i2c_ex.o
                0x0800270c                HAL_I2CEx_ConfigAnalogFilter
 .text.HAL_I2CEx_ConfigDigitalFilter
                0x08002764       0x54 build/stm32f0xx_hal_i2c_ex.o
                0x08002764                HAL_I2CEx_ConfigDigitalFilter
 .text.HAL_GPIO_Init
                0x080027b8      0x188 build/stm32f0xx_hal_gpio.o
                0x080027b8                HAL_GPIO_Init
 .text.HAL_GPIO_ReadPin
                0x08002940        0xe build/stm32f0xx_hal_gpio.o
                0x08002940                HAL_GPIO_ReadPin
 .text.HAL_GPIO_WritePin
                0x0800294e        0xc build/stm32f0xx_hal_gpio.o
                0x0800294e                HAL_GPIO_WritePin
 *fill*         0x0800295a        0x2 
 .text.HAL_GPIO_EXTI_IRQHandler
                0x0800295c       0x1c build/stm32f0xx_hal_gpio.o
                0x0800295c                HAL_GPIO_EXTI_IRQHandler
 .text.__NVIC_SetPriority
                0x08002978       0x60 build/stm32f0xx_hal_cortex.o
 .text.SysTick_Config
                0x080029d8       0x38 build/stm32f0xx_hal_cortex.o
 .text.HAL_NVIC_SetPriority
                0x08002a10        0x8 build/stm32f0xx_hal_cortex.o
                0x08002a10                HAL_NVIC_SetPriority
 .text.HAL_NVIC_EnableIRQ
                0x08002a18       0x18 build/stm32f0xx_hal_cortex.o
                0x08002a18                HAL_NVIC_EnableIRQ
 .text.HAL_SYSTICK_Config
                0x08002a30        0x8 build/stm32f0xx_hal_cortex.o
                0x08002a30                HAL_SYSTICK_Config
 .text.SystemInit
                0x08002a38        0x2 build/system_stm32f0xx.o
                0x08002a38                SystemInit
 *fill*         0x08002a3a        0x2 
 .text._sbrk    0x08002a3c       0x48 build/sysmem.o
                0x08002a3c                _sbrk
 .text.TIM_OC1_SetConfig
                0x08002a84       0x8c build/stm32f0xx_hal_tim.o
 .text.TIM_OC3_SetConfig
                0x08002b10       0x8c build/stm32f0xx_hal_tim.o
 .text.TIM_OC4_SetConfig
                0x08002b9c       0x74 build/stm32f0xx_hal_tim.o
 .text.HAL_TIM_PWM_MspInit
                0x08002c10        0x2 build/stm32f0xx_hal_tim.o
                0x08002c10                HAL_TIM_PWM_MspInit
 *fill*         0x08002c12        0x2 
 .text.TIM_Base_SetConfig
                0x08002c14       0xa0 build/stm32f0xx_hal_tim.o
                0x08002c14                TIM_Base_SetConfig
 .text.HAL_TIM_Base_Init
                0x08002cb4       0x58 build/stm32f0xx_hal_tim.o
                0x08002cb4                HAL_TIM_Base_Init
 .text.HAL_TIM_PWM_Init
                0x08002d0c       0x58 build/stm32f0xx_hal_tim.o
                0x08002d0c                HAL_TIM_PWM_Init
 .text.TIM_OC2_SetConfig
                0x08002d64       0x84 build/stm32f0xx_hal_tim.o
                0x08002d64                TIM_OC2_SetConfig
 .text.HAL_TIM_PWM_ConfigChannel
                0x08002de8       0xf0 build/stm32f0xx_hal_tim.o
                0x08002de8                HAL_TIM_PWM_ConfigChannel
 .text.TIM_CCxChannelCmd
                0x08002ed8       0x1a build/stm32f0xx_hal_tim.o
                0x08002ed8                TIM_CCxChannelCmd
 *fill*         0x08002ef2        0x2 
 .text.HAL_TIM_PWM_Start
                0x08002ef4       0xf4 build/stm32f0xx_hal_tim.o
                0x08002ef4                HAL_TIM_PWM_Start
 .text.HAL_TIMEx_ConfigBreakDeadTime
                0x08002fe8       0x6c build/stm32f0xx_hal_tim_ex.o
                0x08002fe8                HAL_TIMEx_ConfigBreakDeadTime
 .text.UART_EndRxTransfer
                0x08003054       0x60 build/stm32f0xx_hal_uart.o
 .text.UART_SetConfig
                0x080030b4      0x170 build/stm32f0xx_hal_uart.o
                0x080030b4                UART_SetConfig
 .text.UART_AdvFeatureConfig
                0x08003224       0xe0 build/stm32f0xx_hal_uart.o
                0x08003224                UART_AdvFeatureConfig
 .text.UART_WaitOnFlagUntilTimeout
                0x08003304       0x9e build/stm32f0xx_hal_uart.o
                0x08003304                UART_WaitOnFlagUntilTimeout
 .text.HAL_UART_Transmit
                0x080033a2       0xf0 build/stm32f0xx_hal_uart.o
                0x080033a2                HAL_UART_Transmit
 *fill*         0x08003492        0x2 
 .text.UART_CheckIdleState
                0x08003494       0xd0 build/stm32f0xx_hal_uart.o
                0x08003494                UART_CheckIdleState
 .text.HAL_UART_Init
                0x08003564       0x6c build/stm32f0xx_hal_uart.o
                0x08003564                HAL_UART_Init
 .text.Reset_Handler
                0x080035d0       0x50 build/startup_stm32f030x8.o
                0x080035d0                Reset_Handler
 .text.Default_Handler
                0x08003620        0x2 build/startup_stm32f030x8.o
                0x08003620                TIM1_BRK_UP_TRG_COM_IRQHandler
                0x08003620                TIM6_IRQHandler
                0x08003620                I2C1_IRQHandler
                0x08003620                SPI1_IRQHandler
                0x08003620                EXTI2_3_IRQHandler
                0x08003620                ADC1_IRQHandler
                0x08003620                I2C2_IRQHandler
                0x08003620                TIM17_IRQHandler
                0x08003620                RTC_IRQHandler
                0x08003620                TIM16_IRQHandler
                0x08003620                TIM3_IRQHandler
                0x08003620                RCC_IRQHandler
                0x08003620                DMA1_Channel1_IRQHandler
                0x08003620                Default_Handler
                0x08003620                TIM14_IRQHandler
                0x08003620                DMA1_Channel4_5_IRQHandler
                0x08003620                TIM15_IRQHandler
                0x08003620                SPI2_IRQHandler
                0x08003620                WWDG_IRQHandler
                0x08003620                DMA1_Channel2_3_IRQHandler
                0x08003620                USART2_IRQHandler
                0x08003620                FLASH_IRQHandler
                0x08003620                USART1_IRQHandler
                0x08003620                TIM1_CC_IRQHandler
 *fill*         0x08003622        0x2 
 .text.snprintf
                0x08003624       0x68 /Applications/ArmGNUToolchain/14.2.rel1/arm-none-eabi/bin/../lib/gcc/arm-none-eabi/14.2.1/../../../../arm-none-eabi/lib/thumb/v6-m/nofp/libc_nano.a(libc_a-snprintf.o)
                0x08003624                snprintf
                0x08003624                sniprintf
 .text.memset   0x0800368c       0x10 /Applications/ArmGNUToolchain/14.2.rel1/arm-none-eabi/bin/../lib/gcc/arm-none-eabi/14.2.1/../../../../arm-none-eabi/lib/thumb/v6-m/nofp/libc_nano.a(libc_a-memset.o)
                0x0800368c                memset
 .text.__errno  0x0800369c        0xc /Applications/ArmGNUToolchain/14.2.rel1/arm-none-eabi/bin/../lib/gcc/arm-none-eabi/14.2.1/../../../../arm-none-eabi/lib/thumb/v6-m/nofp/libc_nano.a(libc_a-errno.o)
                0x0800369c                __errno
 .text.__libc_init_array
                0x080036a8       0x48 /Applications/ArmGNUToolchain/14.2.rel1/arm-none-eabi/bin/../lib/gcc/arm-none-eabi/14.2.1/../../../../arm-none-eabi/lib/thumb/v6-m/nofp/libc_nano.a(libc_a-init.o)
                0x080036a8                __libc_init_array
 .text.__retarget_lock_acquire_recursive
                0x080036f0        0x2 /Applications/ArmGNUToolchain/14.2.rel1/arm-none-eabi/bin/../lib/gcc/arm-none-eabi/14.2.1/../../../../arm-none-eabi/lib/thumb/v6-m/nofp/libc_nano.a(libc_a-lock.o)
                0x080036f0                __retarget_lock_acquire_recursive
 .text.__retarget_lock_release_recursive
                0x080036f2        0x2 /Applications/ArmGNUToolchain/14.2.rel1/arm-none-eabi/bin/../lib/gcc/arm-none-eabi/14.2.1/../../../../arm-none-eabi/lib/thumb/v6-m/nofp/libc_nano.a(libc_a-lock.o)
                0x080036f2                __retarget_lock_release_recursive
 .text.__ssputs_r
                0x080036f4       0xc8 /Applications/ArmGNUToolchain/14.2.rel1/arm-none-eabi/bin/../lib/gcc/arm-none-eabi/14.2.1/../../../../arm-none-eabi/lib/thumb/v6-m/nofp/libc_nano.a(libc_a-nano-svfprintf.o)
                0x080036f4                __ssputs_r
 .text._svfprintf_r
                0x080037bc      0x208 /Applications/ArmGNUToolchain/14.2.rel1/arm-none-eabi/bin/../lib/gcc/arm-none-eabi/14.2.1/../../../../arm-none-eabi/lib/thumb/v6-m/nofp/libc_nano.a(libc_a-nano-svfprintf.o)
                0x080037bc                _svfprintf_r
                0x080037bc                _svfiprintf_r
 .text.sbrk_aligned
                0x080039c4       0x44 /Applications/ArmGNUToolchain/14.2.rel1/arm-none-eabi/bin/../lib/gcc/arm-none-eabi/14.2.1/../../../../arm-none-eabi/lib/thumb/v6-m/nofp/libc_nano.a(libc_a-mallocr.o)
 .text._malloc_r
                0x08003a08      0x100 /Applications/ArmGNUToolchain/14.2.rel1/arm-none-eabi/bin/../lib/gcc/arm-none-eabi/14.2.1/../../../../arm-none-eabi/lib/thumb/v6-m/nofp/libc_nano.a(libc_a-mallocr.o)
                0x08003a08                _malloc_r
 .text._printf_common
                0x08003b08       0xde /Applications/ArmGNUToolchain/14.2.rel1/arm-none-eabi/bin/../lib/gcc/arm-none-eabi/14.2.1/../../../../arm-none-eabi/lib/thumb/v6-m/nofp/libc_nano.a(libc_a-nano-vfprintf_i.o)
                0x08003b08                _printf_common
 *fill*         0x08003be6        0x2 
 .text._printf_i
                0x08003be8      0x218 /Applications/ArmGNUToolchain/14.2.rel1/arm-none-eabi/bin/../lib/gcc/arm-none-eabi/14.2.1/../../../../arm-none-eabi/lib/thumb/v6-m/nofp/libc_nano.a(libc_a-nano-vfprintf_i.o)
                0x08003be8                _printf_i
 .text.__malloc_lock
                0x08003e00       0x10 /Applications/ArmGNUToolchain/14.2.rel1/arm-none-eabi/bin/../lib/gcc/arm-none-eabi/14.2.1/../../../../arm-none-eabi/lib/thumb/v6-m/nofp/libc_nano.a(libc_a-mlock.o)
                0x08003e00                __malloc_lock
 .text.__malloc_unlock
                0x08003e10       0x10 /Applications/ArmGNUToolchain/14.2.rel1/arm-none-eabi/bin/../lib/gcc/arm-none-eabi/14.2.1/../../../../arm-none-eabi/lib/thumb/v6-m/nofp/libc_nano.a(libc_a-mlock.o)
                0x08003e10                __malloc_unlock
 .text._realloc_r
                0x08003e20       0x60 /Applications/ArmGNUToolchain/14.2.rel1/arm-none-eabi/bin/../lib/gcc/arm-none-eabi/14.2.1/../../../../arm-none-eabi/lib/thumb/v6-m/nofp/libc_nano.a(libc_a-reallocr.o)
                0x08003e20                _realloc_r
 .text.memmove  0x08003e80       0x24 /Applications/ArmGNUToolchain/14.2.rel1/arm-none-eabi/bin/../lib/gcc/arm-none-eabi/14.2.1/../../../../arm-none-eabi/lib/thumb/v6-m/nofp/libc_nano.a(libc_a-memmove.o)
                0x08003e80                memmove
 .text._sbrk_r  0x08003ea4       0x24 /Applications/ArmGNUToolchain/14.2.rel1/arm-none-eabi/bin/../lib/gcc/arm-none-eabi/14.2.1/../../../../arm-none-eabi/lib/thumb/v6-m/nofp/libc_nano.a(libc_a-sbrkr.o)
                0x08003ea4                _sbrk_r
 .text.memchr   0x08003ec8       0x16 /Applications/ArmGNUToolchain/14.2.rel1/arm-none-eabi/bin/../lib/gcc/arm-none-eabi/14.2.1/../../../../arm-none-eabi/lib/thumb/v6-m/nofp/libc_nano.a(libc_a-memchr-stub.o)
                0x08003ec8                memchr
 .text.memcpy   0x08003ede       0x12 /Applications/ArmGNUToolchain/14.2.rel1/arm-none-eabi/bin/../lib/gcc/arm-none-eabi/14.2.1/../../../../arm-none-eabi/lib/thumb/v6-m/nofp/libc_nano.a(libc_a-memcpy-stub.o)
                0x08003ede                memcpy
 .text._free_r  0x08003ef0       0x94 /Applications/ArmGNUToolchain/14.2.rel1/arm-none-eabi/bin/../lib/gcc/arm-none-eabi/14.2.1/../../../../arm-none-eabi/lib/thumb/v6-m/nofp/libc_nano.a(libc_a-freer.o)
                0x08003ef0                _free_r
 .text._malloc_usable_size_r
                0x08003f84       0x10 /Applications/ArmGNUToolchain/14.2.rel1/arm-none-eabi/bin/../lib/gcc/arm-none-eabi/14.2.1/../../../../arm-none-eabi/lib/thumb/v6-m/nofp/libc_nano.a(libc_a-msizer.o)
                0x08003f84                _malloc_usable_size_r
 .text.__fixunsdfsi
                0x08003f94       0x3c /Applications/ArmGNUToolchain/14.2.rel1/arm-none-eabi/bin/../lib/gcc/arm-none-eabi/14.2.1/thumb/v6-m/nofp/libgcc.a(_fixunsdfsi.o)
                0x08003f94                __fixunsdfsi
                0x08003f94                __aeabi_d2uiz
 .text.__aeabi_fdiv
                0x08003fd0      0x22c /Applications/ArmGNUToolchain/14.2.rel1/arm-none-eabi/bin/../lib/gcc/arm-none-eabi/14.2.1/thumb/v6-m/nofp/libgcc.a(divsf3.o)
                0x08003fd0                __aeabi_fdiv
 .text.__aeabi_fmul
                0x080041fc      0x2a4 /Applications/ArmGNUToolchain/14.2.rel1/arm-none-eabi/bin/../lib/gcc/arm-none-eabi/14.2.1/thumb/v6-m/nofp/libgcc.a(mulsf3.o)
                0x080041fc                __aeabi_fmul
 .text.__aeabi_f2iz
                0x080044a0       0x40 /Applications/ArmGNUToolchain/14.2.rel1/arm-none-eabi/bin/../lib/gcc/arm-none-eabi/14.2.1/thumb/v6-m/nofp/libgcc.a(fixsfsi.o)
                0x080044a0                __aeabi_f2iz
 .text.__aeabi_i2f
                0x080044e0       0xa0 /Applications/ArmGNUToolchain/14.2.rel1/arm-none-eabi/bin/../lib/gcc/arm-none-eabi/14.2.1/thumb/v6-m/nofp/libgcc.a(floatsisf.o)
                0x080044e0                __aeabi_i2f
 .text.__aeabi_ddiv
                0x08004580      0x63c /Applications/ArmGNUToolchain/14.2.rel1/arm-none-eabi/bin/../lib/gcc/arm-none-eabi/14.2.1/thumb/v6-m/nofp/libgcc.a(divdf3.o)
                0x08004580                __aeabi_ddiv
 .text.__aeabi_dmul
                0x08004bbc      0x590 /Applications/ArmGNUToolchain/14.2.rel1/arm-none-eabi/bin/../lib/gcc/arm-none-eabi/14.2.1/thumb/v6-m/nofp/libgcc.a(muldf3.o)
                0x08004bbc                __aeabi_dmul
 .text.__aeabi_dsub
                0x0800514c      0x870 /Applications/ArmGNUToolchain/14.2.rel1/arm-none-eabi/bin/../lib/gcc/arm-none-eabi/14.2.1/thumb/v6-m/nofp/libgcc.a(subdf3.o)
                0x0800514c                __aeabi_dsub
 .text.__aeabi_d2iz
                0x080059bc       0x78 /Applications/ArmGNUToolchain/14.2.rel1/arm-none-eabi/bin/../lib/gcc/arm-none-eabi/14.2.1/thumb/v6-m/nofp/libgcc.a(fixdfsi.o)
                0x080059bc                __aeabi_d2iz
 .text.__aeabi_i2d
                0x08005a34       0x5c /Applications/ArmGNUToolchain/14.2.rel1/arm-none-eabi/bin/../lib/gcc/arm-none-eabi/14.2.1/thumb/v6-m/nofp/libgcc.a(floatsidf.o)
                0x08005a34                __aeabi_i2d
 .text.__eqdf2  0x08005a90       0x8c /Applications/ArmGNUToolchain/14.2.rel1/arm-none-eabi/bin/../lib/gcc/arm-none-eabi/14.2.1/thumb/v6-m/nofp/libgcc.a(eqdf2.o)
                0x08005a90                __eqdf2
                0x08005a90                __nedf2
 .text.__gedf2  0x08005b1c       0xe0 /Applications/ArmGNUToolchain/14.2.rel1/arm-none-eabi/bin/../lib/gcc/arm-none-eabi/14.2.1/thumb/v6-m/nofp/libgcc.a(gedf2.o)
                0x08005b1c                __gtdf2
                0x08005b1c                __gedf2
 .text.__ledf2  0x08005bfc       0xdc /Applications/ArmGNUToolchain/14.2.rel1/arm-none-eabi/bin/../lib/gcc/arm-none-eabi/14.2.1/thumb/v6-m/nofp/libgcc.a(ledf2.o)
                0x08005bfc                __ltdf2
                0x08005bfc                __ledf2
 *(.glue_7)
 .glue_7        0x08005cd8        0x0 linker stubs
 *(.glue_7t)
 .glue_7t       0x08005cd8        0x0 linker stubs
 *(.eh_frame)
 .eh_frame      0x08005cd8        0x0 /Applications/ArmGNUToolchain/14.2.rel1/arm-none-eabi/bin/../lib/gcc/arm-none-eabi/14.2.1/thumb/v6-m/nofp/crtbegin.o
 *(.init)
 .init          0x08005cd8        0x4 /Applications/ArmGNUToolchain/14.2.rel1/arm-none-eabi/bin/../lib/gcc/arm-none-eabi/14.2.1/thumb/v6-m/nofp/crti.o
                0x08005cd8                _init
 .init          0x08005cdc        0x8 /Applications/ArmGNUToolchain/14.2.rel1/arm-none-eabi/bin/../lib/gcc/arm-none-eabi/14.2.1/thumb/v6-m/nofp/crtn.o
 *(.fini)
 .fini          0x08005ce4        0x4 /Applications/ArmGNUToolchain/14.2.rel1/arm-none-eabi/bin/../lib/gcc/arm-none-eabi/14.2.1/thumb/v6-m/nofp/crti.o
                0x08005ce4                _fini
 .fini          0x08005ce8        0x8 /Applications/ArmGNUToolchain/14.2.rel1/arm-none-eabi/bin/../lib/gcc/arm-none-eabi/14.2.1/thumb/v6-m/nofp/crtn.o
                0x08005cf0                        . = ALIGN (0x4)
                0x08005cf0                        _etext = .

.vfp11_veneer   0x08005cf0        0x0
 .vfp11_veneer  0x08005cf0        0x0 linker stubs

.v4_bx          0x08005cf0        0x0
 .v4_bx         0x08005cf0        0x0 linker stubs

.iplt           0x08005cf0        0x0
 .iplt          0x08005cf0        0x0 /Applications/ArmGNUToolchain/14.2.rel1/arm-none-eabi/bin/../lib/gcc/arm-none-eabi/14.2.1/thumb/v6-m/nofp/crtbegin.o

.rodata         0x08005cf0      0x33c
                0x08005cf0                        . = ALIGN (0x4)
 *(.rodata)
 *(.rodata*)
 .rodata.main.str1.4
                0x08005cf0      0x212 build/main.o
 *fill*         0x08005f02        0x2 
 .rodata.aPredivFactorTable.0
                0x08005f04       0x10 build/stm32f0xx_hal_rcc.o
 .rodata.aPLLMULFactorTable.1
                0x08005f14       0x10 build/stm32f0xx_hal_rcc.o
 .rodata.APBPrescTable
                0x08005f24        0x8 build/system_stm32f0xx.o
                0x08005f24                APBPrescTable
 .rodata.AHBPrescTable
                0x08005f2c       0x10 build/system_stm32f0xx.o
                0x08005f2c                AHBPrescTable
 .rodata._svfprintf_r.str1.1
                0x08005f3c       0x33 /Applications/ArmGNUToolchain/14.2.rel1/arm-none-eabi/bin/../lib/gcc/arm-none-eabi/14.2.1/../../../../arm-none-eabi/lib/thumb/v6-m/nofp/libc_nano.a(libc_a-nano-svfprintf.o)
                                 0x11 (size before relaxing)
 .rodata._printf_i.str1.1
                0x08005f6f       0x22 /Applications/ArmGNUToolchain/14.2.rel1/arm-none-eabi/bin/../lib/gcc/arm-none-eabi/14.2.1/../../../../arm-none-eabi/lib/thumb/v6-m/nofp/libc_nano.a(libc_a-nano-vfprintf_i.o)
 *fill*         0x08005f6f        0x1 
 .rodata.__aeabi_fdiv
                0x08005f70       0x7c /Applications/ArmGNUToolchain/14.2.rel1/arm-none-eabi/bin/../lib/gcc/arm-none-eabi/14.2.1/thumb/v6-m/nofp/libgcc.a(divsf3.o)
 .rodata.__aeabi_ddiv
                0x08005fec       0x40 /Applications/ArmGNUToolchain/14.2.rel1/arm-none-eabi/bin/../lib/gcc/arm-none-eabi/14.2.1/thumb/v6-m/nofp/libgcc.a(divdf3.o)
                0x0800602c                        . = ALIGN (0x4)

.rel.dyn        0x0800602c        0x0
 .rel.iplt      0x0800602c        0x0 /Applications/ArmGNUToolchain/14.2.rel1/arm-none-eabi/bin/../lib/gcc/arm-none-eabi/14.2.1/thumb/v6-m/nofp/crtbegin.o

.ARM.extab
 *(.ARM.extab* .gnu.linkonce.armextab.*)

.ARM            0x0800602c        0x0
                0x0800602c                        __exidx_start = .
 *(.ARM.exidx*)
                0x0800602c                        __exidx_end = .

.preinit_array  0x0800602c        0x0
                0x0800602c                        PROVIDE (__preinit_array_start = .)
 *(.preinit_array*)
                0x0800602c                        PROVIDE (__preinit_array_end = .)

.init_array     0x0800602c        0x4
                0x0800602c                        PROVIDE (__init_array_start = .)
 *(SORT_BY_NAME(.init_array.*))
 *(.init_array*)
 .init_array    0x0800602c        0x4 /Applications/ArmGNUToolchain/14.2.rel1/arm-none-eabi/bin/../lib/gcc/arm-none-eabi/14.2.1/thumb/v6-m/nofp/crtbegin.o
                0x08006030                        PROVIDE (__init_array_end = .)

.fini_array     0x08006030        0x4
                [!provide]                        PROVIDE (__fini_array_start = .)
 *(SORT_BY_NAME(.fini_array.*))
 *(.fini_array*)
 .fini_array    0x08006030        0x4 /Applications/ArmGNUToolchain/14.2.rel1/arm-none-eabi/bin/../lib/gcc/arm-none-eabi/14.2.1/thumb/v6-m/nofp/crtbegin.o
                [!provide]                        PROVIDE (__fini_array_end = .)
                0x08006034                        _sidata = LOADADDR (.data)

.data           0x20000000       0x5c load address 0x08006034
                0x20000000                        . = ALIGN (0x4)
                0x20000000                        _sdata = .
 *(.data)
 *(.data*)
 .data.uwTickFreq
                0x20000000        0x1 build/stm32f0xx_hal.o
                0x20000000                uwTickFreq
 *fill*         0x20000001        0x3 
 .data.uwTickPrio
                0x20000004        0x4 build/stm32f0xx_hal.o
                0x20000004                uwTickPrio
 .data.SystemCoreClock
                0x20000008        0x4 build/system_stm32f0xx.o
                0x20000008                SystemCoreClock
 .data._impure_ptr
                0x2000000c        0x4 /Applications/ArmGNUToolchain/14.2.rel1/arm-none-eabi/bin/../lib/gcc/arm-none-eabi/14.2.1/../../../../arm-none-eabi/lib/thumb/v6-m/nofp/libc_nano.a(libc_a-impure.o)
                0x2000000c                _impure_ptr
 .data._impure_data
                0x20000010       0x4c /Applications/ArmGNUToolchain/14.2.rel1/arm-none-eabi/bin/../lib/gcc/arm-none-eabi/14.2.1/../../../../arm-none-eabi/lib/thumb/v6-m/nofp/libc_nano.a(libc_a-impure.o)
                0x20000010                _impure_data
                0x2000005c                        . = ALIGN (0x4)
                0x2000005c                        _edata = .

.tm_clone_table
                0x2000005c        0x0 load address 0x08006090
 .tm_clone_table
                0x2000005c        0x0 /Applications/ArmGNUToolchain/14.2.rel1/arm-none-eabi/bin/../lib/gcc/arm-none-eabi/14.2.1/thumb/v6-m/nofp/crtbegin.o
 .tm_clone_table
                0x2000005c        0x0 /Applications/ArmGNUToolchain/14.2.rel1/arm-none-eabi/bin/../lib/gcc/arm-none-eabi/14.2.1/thumb/v6-m/nofp/crtend.o

.igot.plt       0x2000005c        0x0 load address 0x08006090
 .igot.plt      0x2000005c        0x0 /Applications/ArmGNUToolchain/14.2.rel1/arm-none-eabi/bin/../lib/gcc/arm-none-eabi/14.2.1/thumb/v6-m/nofp/crtbegin.o
                0x2000005c                        . = ALIGN (0x4)

.bss            0x2000005c      0x2a4 load address 0x08006090
                0x2000005c                        _sbss = .
                0x2000005c                        __bss_start__ = _sbss
 *(.bss)
 *(.bss*)
 .bss.completed.1
                0x2000005c        0x1 /Applications/ArmGNUToolchain/14.2.rel1/arm-none-eabi/bin/../lib/gcc/arm-none-eabi/14.2.1/thumb/v6-m/nofp/crtbegin.o
 *fill*         0x2000005d        0x3 
 .bss.object.0  0x20000060       0x18 /Applications/ArmGNUToolchain/14.2.rel1/arm-none-eabi/bin/../lib/gcc/arm-none-eabi/14.2.1/thumb/v6-m/nofp/crtbegin.o
 .bss.huart1    0x20000078       0x88 build/main.o
                0x20000078                huart1
 .bss.htim16    0x20000100       0x48 build/main.o
                0x20000100                htim16
 .bss.hi2c1     0x20000148       0x54 build/main.o
                0x20000148                hi2c1
 .bss.last_interrupt_time.0
                0x2000019c        0x4 build/button_controller.o
 .bss.latest_event
                0x200001a0        0x1 build/button_controller.o
 .bss.long_press_reported
                0x200001a1        0x1 build/button_controller.o
 .bss.press_count
                0x200001a2        0x1 build/button_controller.o
 *fill*         0x200001a3        0x1 
 .bss.last_release_time
                0x200001a4        0x4 build/button_controller.o
 .bss.press_start_time
                0x200001a8        0x4 build/button_controller.o
 .bss.button_changed
                0x200001ac        0x1 build/button_controller.o
 .bss.button_pressed
                0x200001ad        0x1 build/button_controller.o
 .bss.current_state
                0x200001ae        0x1 build/state_machine.o
                0x200001ae                current_state
 *fill*         0x200001af        0x1 
 .bss.uwTick    0x200001b0        0x4 build/stm32f0xx_hal.o
                0x200001b0                uwTick
 .bss.__sbrk_heap_end
                0x200001b4        0x4 build/sysmem.o
 .bss.__sf      0x200001b8      0x138 /Applications/ArmGNUToolchain/14.2.rel1/arm-none-eabi/bin/../lib/gcc/arm-none-eabi/14.2.1/../../../../arm-none-eabi/lib/thumb/v6-m/nofp/libc_nano.a(libc_a-findfp.o)
                0x200001b8                __sf
 .bss.__lock___malloc_recursive_mutex
                0x200002f0        0x1 /Applications/ArmGNUToolchain/14.2.rel1/arm-none-eabi/bin/../lib/gcc/arm-none-eabi/14.2.1/../../../../arm-none-eabi/lib/thumb/v6-m/nofp/libc_nano.a(libc_a-lock.o)
                0x200002f0                __lock___malloc_recursive_mutex
 *fill*         0x200002f1        0x3 
 .bss.__malloc_sbrk_start
                0x200002f4        0x4 /Applications/ArmGNUToolchain/14.2.rel1/arm-none-eabi/bin/../lib/gcc/arm-none-eabi/14.2.1/../../../../arm-none-eabi/lib/thumb/v6-m/nofp/libc_nano.a(libc_a-mallocr.o)
                0x200002f4                __malloc_sbrk_start
 .bss.__malloc_free_list
                0x200002f8        0x4 /Applications/ArmGNUToolchain/14.2.rel1/arm-none-eabi/bin/../lib/gcc/arm-none-eabi/14.2.1/../../../../arm-none-eabi/lib/thumb/v6-m/nofp/libc_nano.a(libc_a-mallocr.o)
                0x200002f8                __malloc_free_list
 .bss.errno     0x200002fc        0x4 /Applications/ArmGNUToolchain/14.2.rel1/arm-none-eabi/bin/../lib/gcc/arm-none-eabi/14.2.1/../../../../arm-none-eabi/lib/thumb/v6-m/nofp/libc_nano.a(libc_a-reent.o)
                0x200002fc                errno
 *(COMMON)
                0x20000300                        . = ALIGN (0x4)
                0x20000300                        _ebss = .
                0x20000300                        __bss_end__ = _ebss

._user_heap_stack
                0x20000300      0x600 load address 0x08006090
                0x20000300                        . = ALIGN (0x8)
                [!provide]                        PROVIDE (end = .)
                0x20000300                        PROVIDE (_end = .)
                0x20000500                        . = (. + _Min_Heap_Size)
 *fill*         0x20000300      0x200 
                0x20000900                        . = (. + _Min_Stack_Size)
 *fill*         0x20000500      0x400 
                0x20000900                        . = ALIGN (0x8)

/DISCARD/
 libc.a(*)
 libm.a(*)
 libgcc.a(*)
OUTPUT(build/vsarm_firmware.elf elf32-littlearm)
LOAD linker stubs
LOAD /Applications/ArmGNUToolchain/14.2.rel1/arm-none-eabi/bin/../lib/gcc/arm-none-eabi/14.2.1/../../../../arm-none-eabi/lib/thumb/v6-m/nofp/libc.a
LOAD /Applications/ArmGNUToolchain/14.2.rel1/arm-none-eabi/bin/../lib/gcc/arm-none-eabi/14.2.1/../../../../arm-none-eabi/lib/thumb/v6-m/nofp/libm.a
LOAD /Applications/ArmGNUToolchain/14.2.rel1/arm-none-eabi/bin/../lib/gcc/arm-none-eabi/14.2.1/thumb/v6-m/nofp/libgcc.a

.ARM.attributes
                0x00000000       0x28
 .ARM.attributes
                0x00000000       0x1e /Applications/ArmGNUToolchain/14.2.rel1/arm-none-eabi/bin/../lib/gcc/arm-none-eabi/14.2.1/thumb/v6-m/nofp/crti.o
 .ARM.attributes
                0x0000001e       0x2c /Applications/ArmGNUToolchain/14.2.rel1/arm-none-eabi/bin/../lib/gcc/arm-none-eabi/14.2.1/thumb/v6-m/nofp/crtbegin.o
 .ARM.attributes
                0x0000004a       0x2c build/main.o
 .ARM.attributes
                0x00000076       0x2c build/accelerometer_controller.o
 .ARM.attributes
                0x000000a2       0x2c build/button_controller.o
 .ARM.attributes
                0x000000ce       0x2c build/haptic_feedback_controller.o
 .ARM.attributes
                0x000000fa       0x2c build/led_controller.o
 .ARM.attributes
                0x00000126       0x2c build/state_machine.o
 .ARM.attributes
                0x00000152       0x2c build/stm32f0xx_it.o
 .ARM.attributes
                0x0000017e       0x2c build/stm32f0xx_hal_msp.o
 .ARM.attributes
                0x000001aa       0x2c build/stm32f0xx_hal_rcc.o
 .ARM.attributes
                0x000001d6       0x2c build/stm32f0xx_hal_rcc_ex.o
 .ARM.attributes
                0x00000202       0x2c build/stm32f0xx_hal.o
 .ARM.attributes
                0x0000022e       0x2c build/stm32f0xx_hal_i2c.o
 .ARM.attributes
                0x0000025a       0x2c build/stm32f0xx_hal_i2c_ex.o
 .ARM.attributes
                0x00000286       0x2c build/stm32f0xx_hal_gpio.o
 .ARM.attributes
                0x000002b2       0x2c build/stm32f0xx_hal_cortex.o
 .ARM.attributes
                0x000002de       0x2c build/system_stm32f0xx.o
 .ARM.attributes
                0x0000030a       0x2c build/sysmem.o
 .ARM.attributes
                0x00000336       0x2c build/stm32f0xx_hal_tim.o
 .ARM.attributes
                0x00000362       0x2c build/stm32f0xx_hal_tim_ex.o
 .ARM.attributes
                0x0000038e       0x2c build/stm32f0xx_hal_uart.o
 .ARM.attributes
                0x000003ba       0x21 build/startup_stm32f030x8.o
 .ARM.attributes
                0x000003db       0x2c /Applications/ArmGNUToolchain/14.2.rel1/arm-none-eabi/bin/../lib/gcc/arm-none-eabi/14.2.1/../../../../arm-none-eabi/lib/thumb/v6-m/nofp/libc_nano.a(libc_a-snprintf.o)
 .ARM.attributes
                0x00000407       0x2c /Applications/ArmGNUToolchain/14.2.rel1/arm-none-eabi/bin/../lib/gcc/arm-none-eabi/14.2.1/../../../../arm-none-eabi/lib/thumb/v6-m/nofp/libc_nano.a(libc_a-findfp.o)
 .ARM.attributes
                0x00000433       0x2c /Applications/ArmGNUToolchain/14.2.rel1/arm-none-eabi/bin/../lib/gcc/arm-none-eabi/14.2.1/../../../../arm-none-eabi/lib/thumb/v6-m/nofp/libc_nano.a(libc_a-memset.o)
 .ARM.attributes
                0x0000045f       0x2c /Applications/ArmGNUToolchain/14.2.rel1/arm-none-eabi/bin/../lib/gcc/arm-none-eabi/14.2.1/../../../../arm-none-eabi/lib/thumb/v6-m/nofp/libc_nano.a(libc_a-errno.o)
 .ARM.attributes
                0x0000048b       0x2c /Applications/ArmGNUToolchain/14.2.rel1/arm-none-eabi/bin/../lib/gcc/arm-none-eabi/14.2.1/../../../../arm-none-eabi/lib/thumb/v6-m/nofp/libc_nano.a(libc_a-init.o)
 .ARM.attributes
                0x000004b7       0x2c /Applications/ArmGNUToolchain/14.2.rel1/arm-none-eabi/bin/../lib/gcc/arm-none-eabi/14.2.1/../../../../arm-none-eabi/lib/thumb/v6-m/nofp/libc_nano.a(libc_a-lock.o)
 .ARM.attributes
                0x000004e3       0x2c /Applications/ArmGNUToolchain/14.2.rel1/arm-none-eabi/bin/../lib/gcc/arm-none-eabi/14.2.1/../../../../arm-none-eabi/lib/thumb/v6-m/nofp/libc_nano.a(libc_a-impure.o)
 .ARM.attributes
                0x0000050f       0x1c /Applications/ArmGNUToolchain/14.2.rel1/arm-none-eabi/bin/../lib/gcc/arm-none-eabi/14.2.1/../../../../arm-none-eabi/lib/thumb/v6-m/nofp/libc_nano.a(libc_a-strlen.o)
 .ARM.attributes
                0x0000052b       0x2c /Applications/ArmGNUToolchain/14.2.rel1/arm-none-eabi/bin/../lib/gcc/arm-none-eabi/14.2.1/../../../../arm-none-eabi/lib/thumb/v6-m/nofp/libc_nano.a(libc_a-nano-svfprintf.o)
 .ARM.attributes
                0x00000557       0x2c /Applications/ArmGNUToolchain/14.2.rel1/arm-none-eabi/bin/../lib/gcc/arm-none-eabi/14.2.1/../../../../arm-none-eabi/lib/thumb/v6-m/nofp/libc_nano.a(libc_a-mallocr.o)
 .ARM.attributes
                0x00000583       0x2c /Applications/ArmGNUToolchain/14.2.rel1/arm-none-eabi/bin/../lib/gcc/arm-none-eabi/14.2.1/../../../../arm-none-eabi/lib/thumb/v6-m/nofp/libc_nano.a(libc_a-nano-vfprintf_i.o)
 .ARM.attributes
                0x000005af       0x2c /Applications/ArmGNUToolchain/14.2.rel1/arm-none-eabi/bin/../lib/gcc/arm-none-eabi/14.2.1/../../../../arm-none-eabi/lib/thumb/v6-m/nofp/libc_nano.a(libc_a-mlock.o)
 .ARM.attributes
                0x000005db       0x2c /Applications/ArmGNUToolchain/14.2.rel1/arm-none-eabi/bin/../lib/gcc/arm-none-eabi/14.2.1/../../../../arm-none-eabi/lib/thumb/v6-m/nofp/libc_nano.a(libc_a-reallocr.o)
 .ARM.attributes
                0x00000607       0x2c /Applications/ArmGNUToolchain/14.2.rel1/arm-none-eabi/bin/../lib/gcc/arm-none-eabi/14.2.1/../../../../arm-none-eabi/lib/thumb/v6-m/nofp/libc_nano.a(libc_a-memmove.o)
 .ARM.attributes
                0x00000633       0x2c /Applications/ArmGNUToolchain/14.2.rel1/arm-none-eabi/bin/../lib/gcc/arm-none-eabi/14.2.1/../../../../arm-none-eabi/lib/thumb/v6-m/nofp/libc_nano.a(libc_a-sbrkr.o)
 .ARM.attributes
                0x0000065f       0x2c /Applications/ArmGNUToolchain/14.2.rel1/arm-none-eabi/bin/../lib/gcc/arm-none-eabi/14.2.1/../../../../arm-none-eabi/lib/thumb/v6-m/nofp/libc_nano.a(libc_a-reent.o)
 .ARM.attributes
                0x0000068b       0x2c /Applications/ArmGNUToolchain/14.2.rel1/arm-none-eabi/bin/../lib/gcc/arm-none-eabi/14.2.1/../../../../arm-none-eabi/lib/thumb/v6-m/nofp/libc_nano.a(libc_a-memchr-stub.o)
 .ARM.attributes
                0x000006b7       0x2c /Applications/ArmGNUToolchain/14.2.rel1/arm-none-eabi/bin/../lib/gcc/arm-none-eabi/14.2.1/../../../../arm-none-eabi/lib/thumb/v6-m/nofp/libc_nano.a(libc_a-memcpy-stub.o)
 .ARM.attributes
                0x000006e3       0x2c /Applications/ArmGNUToolchain/14.2.rel1/arm-none-eabi/bin/../lib/gcc/arm-none-eabi/14.2.1/../../../../arm-none-eabi/lib/thumb/v6-m/nofp/libc_nano.a(libc_a-freer.o)
 .ARM.attributes
                0x0000070f       0x2c /Applications/ArmGNUToolchain/14.2.rel1/arm-none-eabi/bin/../lib/gcc/arm-none-eabi/14.2.1/../../../../arm-none-eabi/lib/thumb/v6-m/nofp/libc_nano.a(libc_a-msizer.o)
 .ARM.attributes
                0x0000073b       0x1e /Applications/ArmGNUToolchain/14.2.rel1/arm-none-eabi/bin/../lib/gcc/arm-none-eabi/14.2.1/thumb/v6-m/nofp/libgcc.a(_thumb1_case_shi.o)
 .ARM.attributes
                0x00000759       0x1e /Applications/ArmGNUToolchain/14.2.rel1/arm-none-eabi/bin/../lib/gcc/arm-none-eabi/14.2.1/thumb/v6-m/nofp/libgcc.a(_udivsi3.o)
 .ARM.attributes
                0x00000777       0x1e /Applications/ArmGNUToolchain/14.2.rel1/arm-none-eabi/bin/../lib/gcc/arm-none-eabi/14.2.1/thumb/v6-m/nofp/libgcc.a(_divsi3.o)
 .ARM.attributes
                0x00000795       0x1e /Applications/ArmGNUToolchain/14.2.rel1/arm-none-eabi/bin/../lib/gcc/arm-none-eabi/14.2.1/thumb/v6-m/nofp/libgcc.a(_dvmd_tls.o)
 .ARM.attributes
                0x000007b3       0x2c /Applications/ArmGNUToolchain/14.2.rel1/arm-none-eabi/bin/../lib/gcc/arm-none-eabi/14.2.1/thumb/v6-m/nofp/libgcc.a(_fixunsdfsi.o)
 .ARM.attributes
                0x000007df       0x2c /Applications/ArmGNUToolchain/14.2.rel1/arm-none-eabi/bin/../lib/gcc/arm-none-eabi/14.2.1/thumb/v6-m/nofp/libgcc.a(divsf3.o)
 .ARM.attributes
                0x0000080b       0x2c /Applications/ArmGNUToolchain/14.2.rel1/arm-none-eabi/bin/../lib/gcc/arm-none-eabi/14.2.1/thumb/v6-m/nofp/libgcc.a(mulsf3.o)
 .ARM.attributes
                0x00000837       0x2c /Applications/ArmGNUToolchain/14.2.rel1/arm-none-eabi/bin/../lib/gcc/arm-none-eabi/14.2.1/thumb/v6-m/nofp/libgcc.a(fixsfsi.o)
 .ARM.attributes
                0x00000863       0x2c /Applications/ArmGNUToolchain/14.2.rel1/arm-none-eabi/bin/../lib/gcc/arm-none-eabi/14.2.1/thumb/v6-m/nofp/libgcc.a(floatsisf.o)
 .ARM.attributes
                0x0000088f       0x2c /Applications/ArmGNUToolchain/14.2.rel1/arm-none-eabi/bin/../lib/gcc/arm-none-eabi/14.2.1/thumb/v6-m/nofp/libgcc.a(divdf3.o)
 .ARM.attributes
                0x000008bb       0x2c /Applications/ArmGNUToolchain/14.2.rel1/arm-none-eabi/bin/../lib/gcc/arm-none-eabi/14.2.1/thumb/v6-m/nofp/libgcc.a(muldf3.o)
 .ARM.attributes
                0x000008e7       0x2c /Applications/ArmGNUToolchain/14.2.rel1/arm-none-eabi/bin/../lib/gcc/arm-none-eabi/14.2.1/thumb/v6-m/nofp/libgcc.a(subdf3.o)
 .ARM.attributes
                0x00000913       0x2c /Applications/ArmGNUToolchain/14.2.rel1/arm-none-eabi/bin/../lib/gcc/arm-none-eabi/14.2.1/thumb/v6-m/nofp/libgcc.a(fixdfsi.o)
 .ARM.attributes
                0x0000093f       0x2c /Applications/ArmGNUToolchain/14.2.rel1/arm-none-eabi/bin/../lib/gcc/arm-none-eabi/14.2.1/thumb/v6-m/nofp/libgcc.a(floatsidf.o)
 .ARM.attributes
                0x0000096b       0x1e /Applications/ArmGNUToolchain/14.2.rel1/arm-none-eabi/bin/../lib/gcc/arm-none-eabi/14.2.1/thumb/v6-m/nofp/libgcc.a(_arm_cmpdf2.o)
 .ARM.attributes
                0x00000989       0x1e /Applications/ArmGNUToolchain/14.2.rel1/arm-none-eabi/bin/../lib/gcc/arm-none-eabi/14.2.1/thumb/v6-m/nofp/libgcc.a(_clzsi2.o)
 .ARM.attributes
                0x000009a7       0x2c /Applications/ArmGNUToolchain/14.2.rel1/arm-none-eabi/bin/../lib/gcc/arm-none-eabi/14.2.1/thumb/v6-m/nofp/libgcc.a(eqdf2.o)
 .ARM.attributes
                0x000009d3       0x2c /Applications/ArmGNUToolchain/14.2.rel1/arm-none-eabi/bin/../lib/gcc/arm-none-eabi/14.2.1/thumb/v6-m/nofp/libgcc.a(gedf2.o)
 .ARM.attributes
                0x000009ff       0x2c /Applications/ArmGNUToolchain/14.2.rel1/arm-none-eabi/bin/../lib/gcc/arm-none-eabi/14.2.1/thumb/v6-m/nofp/libgcc.a(ledf2.o)
 .ARM.attributes
                0x00000a2b       0x2c /Applications/ArmGNUToolchain/14.2.rel1/arm-none-eabi/bin/../lib/gcc/arm-none-eabi/14.2.1/thumb/v6-m/nofp/crtend.o
 .ARM.attributes
                0x00000a57       0x1e /Applications/ArmGNUToolchain/14.2.rel1/arm-none-eabi/bin/../lib/gcc/arm-none-eabi/14.2.1/thumb/v6-m/nofp/crtn.o

.comment        0x00000000       0x45
 .comment       0x00000000       0x45 build/main.o
                                 0x46 (size before relaxing)
 .comment       0x00000045       0x46 build/accelerometer_controller.o
 .comment       0x00000045       0x46 build/button_controller.o
 .comment       0x00000045       0x46 build/haptic_feedback_controller.o
 .comment       0x00000045       0x46 build/led_controller.o
 .comment       0x00000045       0x46 build/state_machine.o
 .comment       0x00000045       0x46 build/stm32f0xx_it.o
 .comment       0x00000045       0x46 build/stm32f0xx_hal_msp.o
 .comment       0x00000045       0x46 build/stm32f0xx_hal_rcc.o
 .comment       0x00000045       0x46 build/stm32f0xx_hal_rcc_ex.o
 .comment       0x00000045       0x46 build/stm32f0xx_hal.o
 .comment       0x00000045       0x46 build/stm32f0xx_hal_i2c.o
 .comment       0x00000045       0x46 build/stm32f0xx_hal_i2c_ex.o
 .comment       0x00000045       0x46 build/stm32f0xx_hal_gpio.o
 .comment       0x00000045       0x46 build/stm32f0xx_hal_cortex.o
 .comment       0x00000045       0x46 build/system_stm32f0xx.o
 .comment       0x00000045       0x46 build/sysmem.o
 .comment       0x00000045       0x46 build/stm32f0xx_hal_tim.o
 .comment       0x00000045       0x46 build/stm32f0xx_hal_tim_ex.o
 .comment       0x00000045       0x46 build/stm32f0xx_hal_uart.o

.debug_info     0x00000000    0x19b7e
 .debug_info    0x00000000     0x22f6 build/main.o
 .debug_info    0x000022f6      0xea0 build/accelerometer_controller.o
 .debug_info    0x00003196      0x455 build/button_controller.o
 .debug_info    0x000035eb     0x16c9 build/haptic_feedback_controller.o
 .debug_info    0x00004cb4      0x98c build/led_controller.o
 .debug_info    0x00005640      0x46b build/state_machine.o
 .debug_info    0x00005aab      0x1ad build/stm32f0xx_it.o
 .debug_info    0x00005c58     0x13c4 build/stm32f0xx_hal_msp.o
 .debug_info    0x0000701c      0xb4c build/stm32f0xx_hal_rcc.o
 .debug_info    0x00007b68      0x41b build/stm32f0xx_hal_rcc_ex.o
 .debug_info    0x00007f83      0x810 build/stm32f0xx_hal.o
 .debug_info    0x00008793     0x4686 build/stm32f0xx_hal_i2c.o
 .debug_info    0x0000ce19      0x91c build/stm32f0xx_hal_i2c_ex.o
 .debug_info    0x0000d735      0x6c3 build/stm32f0xx_hal_gpio.o
 .debug_info    0x0000ddf8      0x8d5 build/stm32f0xx_hal_cortex.o
 .debug_info    0x0000e6cd      0x2bc build/system_stm32f0xx.o
 .debug_info    0x0000e989      0x194 build/sysmem.o
 .debug_info    0x0000eb1d     0x40e6 build/stm32f0xx_hal_tim.o
 .debug_info    0x00012c03     0x1caf build/stm32f0xx_hal_tim_ex.o
 .debug_info    0x000148b2     0x529c build/stm32f0xx_hal_uart.o
 .debug_info    0x00019b4e       0x30 build/startup_stm32f030x8.o

.debug_abbrev   0x00000000     0x2cda
 .debug_abbrev  0x00000000      0x371 build/main.o
 .debug_abbrev  0x00000371      0x230 build/accelerometer_controller.o
 .debug_abbrev  0x000005a1      0x1d0 build/button_controller.o
 .debug_abbrev  0x00000771      0x353 build/haptic_feedback_controller.o
 .debug_abbrev  0x00000ac4      0x227 build/led_controller.o
 .debug_abbrev  0x00000ceb      0x165 build/state_machine.o
 .debug_abbrev  0x00000e50       0xcf build/stm32f0xx_it.o
 .debug_abbrev  0x00000f1f      0x234 build/stm32f0xx_hal_msp.o
 .debug_abbrev  0x00001153      0x2b4 build/stm32f0xx_hal_rcc.o
 .debug_abbrev  0x00001407      0x1aa build/stm32f0xx_hal_rcc_ex.o
 .debug_abbrev  0x000015b1      0x268 build/stm32f0xx_hal.o
 .debug_abbrev  0x00001819      0x2f5 build/stm32f0xx_hal_i2c.o
 .debug_abbrev  0x00001b0e      0x1c6 build/stm32f0xx_hal_i2c_ex.o
 .debug_abbrev  0x00001cd4      0x222 build/stm32f0xx_hal_gpio.o
 .debug_abbrev  0x00001ef6      0x2f4 build/stm32f0xx_hal_cortex.o
 .debug_abbrev  0x000021ea      0x134 build/system_stm32f0xx.o
 .debug_abbrev  0x0000231e       0xeb build/sysmem.o
 .debug_abbrev  0x00002409      0x2ce build/stm32f0xx_hal_tim.o
 .debug_abbrev  0x000026d7      0x2ae build/stm32f0xx_hal_tim_ex.o
 .debug_abbrev  0x00002985      0x338 build/stm32f0xx_hal_uart.o
 .debug_abbrev  0x00002cbd       0x1d build/startup_stm32f030x8.o

.debug_loc      0x00000000    0x17150
 .debug_loc     0x00000000      0x413 build/main.o
 .debug_loc     0x00000413      0x75f build/accelerometer_controller.o
 .debug_loc     0x00000b72      0x19e build/button_controller.o
 .debug_loc     0x00000d10      0xc16 build/haptic_feedback_controller.o
 .debug_loc     0x00001926      0x199 build/led_controller.o
 .debug_loc     0x00001abf       0x70 build/state_machine.o
 .debug_loc     0x00001b2f       0x60 build/stm32f0xx_it.o
 .debug_loc     0x00001b8f      0x285 build/stm32f0xx_hal_msp.o
 .debug_loc     0x00001e14      0x793 build/stm32f0xx_hal_rcc.o
 .debug_loc     0x000025a7      0x443 build/stm32f0xx_hal_rcc_ex.o
 .debug_loc     0x000029ea      0x1f9 build/stm32f0xx_hal.o
 .debug_loc     0x00002be3     0x6507 build/stm32f0xx_hal_i2c.o
 .debug_loc     0x000090ea      0x202 build/stm32f0xx_hal_i2c_ex.o
 .debug_loc     0x000092ec      0x47a build/stm32f0xx_hal_gpio.o
 .debug_loc     0x00009766      0x3d4 build/stm32f0xx_hal_cortex.o
 .debug_loc     0x00009b3a      0x19e build/system_stm32f0xx.o
 .debug_loc     0x00009cd8       0xbf build/sysmem.o
 .debug_loc     0x00009d97     0x68e3 build/stm32f0xx_hal_tim.o
 .debug_loc     0x0001067a     0x292c build/stm32f0xx_hal_tim_ex.o
 .debug_loc     0x00012fa6     0x41aa build/stm32f0xx_hal_uart.o

.debug_aranges  0x00000000     0x1028
 .debug_aranges
                0x00000000       0x58 build/main.o
 .debug_aranges
                0x00000058       0x70 build/accelerometer_controller.o
 .debug_aranges
                0x000000c8       0x48 build/button_controller.o
 .debug_aranges
                0x00000110      0x100 build/haptic_feedback_controller.o
 .debug_aranges
                0x00000210       0x38 build/led_controller.o
 .debug_aranges
                0x00000248       0x30 build/state_machine.o
 .debug_aranges
                0x00000278       0x50 build/stm32f0xx_it.o
 .debug_aranges
                0x000002c8       0x58 build/stm32f0xx_hal_msp.o
 .debug_aranges
                0x00000320       0x80 build/stm32f0xx_hal_rcc.o
 .debug_aranges
                0x000003a0       0x30 build/stm32f0xx_hal_rcc_ex.o
 .debug_aranges
                0x000003d0       0xd0 build/stm32f0xx_hal.o
 .debug_aranges
                0x000004a0      0x2a0 build/stm32f0xx_hal_i2c.o
 .debug_aranges
                0x00000740       0x38 build/stm32f0xx_hal_i2c_ex.o
 .debug_aranges
                0x00000778       0x58 build/stm32f0xx_hal_gpio.o
 .debug_aranges
                0x000007d0       0x98 build/stm32f0xx_hal_cortex.o
 .debug_aranges
                0x00000868       0x28 build/system_stm32f0xx.o
 .debug_aranges
                0x00000890       0x20 build/sysmem.o
 .debug_aranges
                0x000008b0      0x3d0 build/stm32f0xx_hal_tim.o
 .debug_aranges
                0x00000c80      0x168 build/stm32f0xx_hal_tim_ex.o
 .debug_aranges
                0x00000de8      0x218 build/stm32f0xx_hal_uart.o
 .debug_aranges
                0x00001000       0x28 build/startup_stm32f030x8.o

.debug_ranges   0x00000000     0x1000
 .debug_ranges  0x00000000       0x60 build/main.o
 .debug_ranges  0x00000060       0x60 build/accelerometer_controller.o
 .debug_ranges  0x000000c0       0x50 build/button_controller.o
 .debug_ranges  0x00000110      0x108 build/haptic_feedback_controller.o
 .debug_ranges  0x00000218       0x40 build/led_controller.o
 .debug_ranges  0x00000258       0x38 build/state_machine.o
 .debug_ranges  0x00000290       0x40 build/stm32f0xx_it.o
 .debug_ranges  0x000002d0       0x48 build/stm32f0xx_hal_msp.o
 .debug_ranges  0x00000318       0x88 build/stm32f0xx_hal_rcc.o
 .debug_ranges  0x000003a0       0x38 build/stm32f0xx_hal_rcc_ex.o
 .debug_ranges  0x000003d8       0xc0 build/stm32f0xx_hal.o
 .debug_ranges  0x00000498      0x290 build/stm32f0xx_hal_i2c.o
 .debug_ranges  0x00000728       0x28 build/stm32f0xx_hal_i2c_ex.o
 .debug_ranges  0x00000750       0x48 build/stm32f0xx_hal_gpio.o
 .debug_ranges  0x00000798       0xa0 build/stm32f0xx_hal_cortex.o
 .debug_ranges  0x00000838       0x18 build/system_stm32f0xx.o
 .debug_ranges  0x00000850       0x10 build/sysmem.o
 .debug_ranges  0x00000860      0x3c0 build/stm32f0xx_hal_tim.o
 .debug_ranges  0x00000c20      0x158 build/stm32f0xx_hal_tim_ex.o
 .debug_ranges  0x00000d78      0x268 build/stm32f0xx_hal_uart.o
 .debug_ranges  0x00000fe0       0x20 build/startup_stm32f030x8.o

.debug_line     0x00000000    0x14155
 .debug_line    0x00000000      0xaf0 build/main.o
 .debug_line    0x00000af0      0x600 build/accelerometer_controller.o
 .debug_line    0x000010f0      0x3d8 build/button_controller.o
 .debug_line    0x000014c8      0x80a build/haptic_feedback_controller.o
 .debug_line    0x00001cd2      0x2e0 build/led_controller.o
 .debug_line    0x00001fb2      0x25f build/state_machine.o
 .debug_line    0x00002211      0x1ef build/stm32f0xx_it.o
 .debug_line    0x00002400      0x409 build/stm32f0xx_hal_msp.o
 .debug_line    0x00002809      0xc35 build/stm32f0xx_hal_rcc.o
 .debug_line    0x0000343e      0x48f build/stm32f0xx_hal_rcc_ex.o
 .debug_line    0x000038cd      0x513 build/stm32f0xx_hal.o
 .debug_line    0x00003de0     0x4f69 build/stm32f0xx_hal_i2c.o
 .debug_line    0x00008d49      0x303 build/stm32f0xx_hal_i2c_ex.o
 .debug_line    0x0000904c      0x69a build/stm32f0xx_hal_gpio.o
 .debug_line    0x000096e6      0x524 build/stm32f0xx_hal_cortex.o
 .debug_line    0x00009c0a      0x216 build/system_stm32f0xx.o
 .debug_line    0x00009e20      0x1da build/sysmem.o
 .debug_line    0x00009ffa     0x4913 build/stm32f0xx_hal_tim.o
 .debug_line    0x0000e90d     0x1a46 build/stm32f0xx_hal_tim_ex.o
 .debug_line    0x00010353     0x3d8e build/stm32f0xx_hal_uart.o
 .debug_line    0x000140e1       0x74 build/startup_stm32f030x8.o

.debug_str      0x00000000     0x4a35
 .debug_str     0x00000000     0x4a35 build/main.o
                               0x14dd (size before relaxing)
 .debug_str     0x00004a35      0x801 build/accelerometer_controller.o
 .debug_str     0x00004a35      0x3cc build/button_controller.o
 .debug_str     0x00004a35      0xbd9 build/haptic_feedback_controller.o
 .debug_str     0x00004a35      0x772 build/led_controller.o
 .debug_str     0x00004a35      0x442 build/state_machine.o
 .debug_str     0x00004a35      0x20e build/stm32f0xx_it.o
 .debug_str     0x00004a35      0xcea build/stm32f0xx_hal_msp.o
 .debug_str     0x00004a35      0x62e build/stm32f0xx_hal_rcc.o
 .debug_str     0x00004a35      0x385 build/stm32f0xx_hal_rcc_ex.o
 .debug_str     0x00004a35      0x680 build/stm32f0xx_hal.o
 .debug_str     0x00004a35      0xf99 build/stm32f0xx_hal_i2c.o
 .debug_str     0x00004a35      0x76b build/stm32f0xx_hal_i2c_ex.o
 .debug_str     0x00004a35      0x3cd build/stm32f0xx_hal_gpio.o
 .debug_str     0x00004a35      0x5c1 build/stm32f0xx_hal_cortex.o
 .debug_str     0x00004a35      0x24a build/system_stm32f0xx.o
 .debug_str     0x00004a35      0x1e5 build/sysmem.o
 .debug_str     0x00004a35     0x1652 build/stm32f0xx_hal_tim.o
 .debug_str     0x00004a35      0xe5e build/stm32f0xx_hal_tim_ex.o
 .debug_str     0x00004a35      0xe6b build/stm32f0xx_hal_uart.o
 .debug_str     0x00004a35       0x57 build/startup_stm32f030x8.o

.debug_frame    0x00000000     0x3394
 .debug_frame   0x00000000       0xe4 build/main.o
 .debug_frame   0x000000e4      0x134 build/accelerometer_controller.o
 .debug_frame   0x00000218       0x90 build/button_controller.o
 .debug_frame   0x000002a8      0x2d8 build/haptic_feedback_controller.o
 .debug_frame   0x00000580       0x6c build/led_controller.o
 .debug_frame   0x000005ec       0x54 build/state_machine.o
 .debug_frame   0x00000640       0x98 build/stm32f0xx_it.o
 .debug_frame   0x000006d8       0xcc build/stm32f0xx_hal_msp.o
 .debug_frame   0x000007a4      0x134 build/stm32f0xx_hal_rcc.o
 .debug_frame   0x000008d8       0x58 build/stm32f0xx_hal_rcc_ex.o
 .debug_frame   0x00000930      0x1ac build/stm32f0xx_hal.o
 .debug_frame   0x00000adc      0x8b8 build/stm32f0xx_hal_i2c.o
 .debug_frame   0x00001394       0x78 build/stm32f0xx_hal_i2c_ex.o
 .debug_frame   0x0000140c       0xc0 build/stm32f0xx_hal_gpio.o
 .debug_frame   0x000014cc      0x144 build/stm32f0xx_hal_cortex.o
 .debug_frame   0x00001610       0x38 build/system_stm32f0xx.o
 .debug_frame   0x00001648       0x28 build/sysmem.o
 .debug_frame   0x00001670      0xae0 build/stm32f0xx_hal_tim.o
 .debug_frame   0x00002150      0x420 build/stm32f0xx_hal_tim_ex.o
 .debug_frame   0x00002570      0x5f8 build/stm32f0xx_hal_uart.o
 .debug_frame   0x00002b68       0x50 /Applications/ArmGNUToolchain/14.2.rel1/arm-none-eabi/bin/../lib/gcc/arm-none-eabi/14.2.1/../../../../arm-none-eabi/lib/thumb/v6-m/nofp/libc_nano.a(libc_a-snprintf.o)
 .debug_frame   0x00002bb8      0x138 /Applications/ArmGNUToolchain/14.2.rel1/arm-none-eabi/bin/../lib/gcc/arm-none-eabi/14.2.1/../../../../arm-none-eabi/lib/thumb/v6-m/nofp/libc_nano.a(libc_a-findfp.o)
 .debug_frame   0x00002cf0       0x20 /Applications/ArmGNUToolchain/14.2.rel1/arm-none-eabi/bin/../lib/gcc/arm-none-eabi/14.2.1/../../../../arm-none-eabi/lib/thumb/v6-m/nofp/libc_nano.a(libc_a-memset.o)
 .debug_frame   0x00002d10       0x20 /Applications/ArmGNUToolchain/14.2.rel1/arm-none-eabi/bin/../lib/gcc/arm-none-eabi/14.2.1/../../../../arm-none-eabi/lib/thumb/v6-m/nofp/libc_nano.a(libc_a-errno.o)
 .debug_frame   0x00002d30       0x2c /Applications/ArmGNUToolchain/14.2.rel1/arm-none-eabi/bin/../lib/gcc/arm-none-eabi/14.2.1/../../../../arm-none-eabi/lib/thumb/v6-m/nofp/libc_nano.a(libc_a-init.o)
 .debug_frame   0x00002d5c       0xb0 /Applications/ArmGNUToolchain/14.2.rel1/arm-none-eabi/bin/../lib/gcc/arm-none-eabi/14.2.1/../../../../arm-none-eabi/lib/thumb/v6-m/nofp/libc_nano.a(libc_a-lock.o)
 .debug_frame   0x00002e0c       0x74 /Applications/ArmGNUToolchain/14.2.rel1/arm-none-eabi/bin/../lib/gcc/arm-none-eabi/14.2.1/../../../../arm-none-eabi/lib/thumb/v6-m/nofp/libc_nano.a(libc_a-nano-svfprintf.o)
 .debug_frame   0x00002e80       0x50 /Applications/ArmGNUToolchain/14.2.rel1/arm-none-eabi/bin/../lib/gcc/arm-none-eabi/14.2.1/../../../../arm-none-eabi/lib/thumb/v6-m/nofp/libc_nano.a(libc_a-mallocr.o)
 .debug_frame   0x00002ed0       0x54 /Applications/ArmGNUToolchain/14.2.rel1/arm-none-eabi/bin/../lib/gcc/arm-none-eabi/14.2.1/../../../../arm-none-eabi/lib/thumb/v6-m/nofp/libc_nano.a(libc_a-nano-vfprintf_i.o)
 .debug_frame   0x00002f24       0x40 /Applications/ArmGNUToolchain/14.2.rel1/arm-none-eabi/bin/../lib/gcc/arm-none-eabi/14.2.1/../../../../arm-none-eabi/lib/thumb/v6-m/nofp/libc_nano.a(libc_a-mlock.o)
 .debug_frame   0x00002f64       0x34 /Applications/ArmGNUToolchain/14.2.rel1/arm-none-eabi/bin/../lib/gcc/arm-none-eabi/14.2.1/../../../../arm-none-eabi/lib/thumb/v6-m/nofp/libc_nano.a(libc_a-reallocr.o)
 .debug_frame   0x00002f98       0x28 /Applications/ArmGNUToolchain/14.2.rel1/arm-none-eabi/bin/../lib/gcc/arm-none-eabi/14.2.1/../../../../arm-none-eabi/lib/thumb/v6-m/nofp/libc_nano.a(libc_a-memmove.o)
 .debug_frame   0x00002fc0       0x2c /Applications/ArmGNUToolchain/14.2.rel1/arm-none-eabi/bin/../lib/gcc/arm-none-eabi/14.2.1/../../../../arm-none-eabi/lib/thumb/v6-m/nofp/libc_nano.a(libc_a-sbrkr.o)
 .debug_frame   0x00002fec       0x2c /Applications/ArmGNUToolchain/14.2.rel1/arm-none-eabi/bin/../lib/gcc/arm-none-eabi/14.2.1/../../../../arm-none-eabi/lib/thumb/v6-m/nofp/libc_nano.a(libc_a-reent.o)
 .debug_frame   0x00003018       0x20 /Applications/ArmGNUToolchain/14.2.rel1/arm-none-eabi/bin/../lib/gcc/arm-none-eabi/14.2.1/../../../../arm-none-eabi/lib/thumb/v6-m/nofp/libc_nano.a(libc_a-memchr-stub.o)
 .debug_frame   0x00003038       0x28 /Applications/ArmGNUToolchain/14.2.rel1/arm-none-eabi/bin/../lib/gcc/arm-none-eabi/14.2.1/../../../../arm-none-eabi/lib/thumb/v6-m/nofp/libc_nano.a(libc_a-memcpy-stub.o)
 .debug_frame   0x00003060       0x2c /Applications/ArmGNUToolchain/14.2.rel1/arm-none-eabi/bin/../lib/gcc/arm-none-eabi/14.2.1/../../../../arm-none-eabi/lib/thumb/v6-m/nofp/libc_nano.a(libc_a-freer.o)
 .debug_frame   0x0000308c       0x20 /Applications/ArmGNUToolchain/14.2.rel1/arm-none-eabi/bin/../lib/gcc/arm-none-eabi/14.2.1/../../../../arm-none-eabi/lib/thumb/v6-m/nofp/libc_nano.a(libc_a-msizer.o)
 .debug_frame   0x000030ac       0x20 /Applications/ArmGNUToolchain/14.2.rel1/arm-none-eabi/bin/../lib/gcc/arm-none-eabi/14.2.1/thumb/v6-m/nofp/libgcc.a(_udivsi3.o)
 .debug_frame   0x000030cc       0x20 /Applications/ArmGNUToolchain/14.2.rel1/arm-none-eabi/bin/../lib/gcc/arm-none-eabi/14.2.1/thumb/v6-m/nofp/libgcc.a(_divsi3.o)
 .debug_frame   0x000030ec       0x2c /Applications/ArmGNUToolchain/14.2.rel1/arm-none-eabi/bin/../lib/gcc/arm-none-eabi/14.2.1/thumb/v6-m/nofp/libgcc.a(_fixunsdfsi.o)
 .debug_frame   0x00003118       0x38 /Applications/ArmGNUToolchain/14.2.rel1/arm-none-eabi/bin/../lib/gcc/arm-none-eabi/14.2.1/thumb/v6-m/nofp/libgcc.a(divsf3.o)
 .debug_frame   0x00003150       0x38 /Applications/ArmGNUToolchain/14.2.rel1/arm-none-eabi/bin/../lib/gcc/arm-none-eabi/14.2.1/thumb/v6-m/nofp/libgcc.a(mulsf3.o)
 .debug_frame   0x00003188       0x20 /Applications/ArmGNUToolchain/14.2.rel1/arm-none-eabi/bin/../lib/gcc/arm-none-eabi/14.2.1/thumb/v6-m/nofp/libgcc.a(fixsfsi.o)
 .debug_frame   0x000031a8       0x2c /Applications/ArmGNUToolchain/14.2.rel1/arm-none-eabi/bin/../lib/gcc/arm-none-eabi/14.2.1/thumb/v6-m/nofp/libgcc.a(floatsisf.o)
 .debug_frame   0x000031d4       0x3c /Applications/ArmGNUToolchain/14.2.rel1/arm-none-eabi/bin/../lib/gcc/arm-none-eabi/14.2.1/thumb/v6-m/nofp/libgcc.a(divdf3.o)
 .debug_frame   0x00003210       0x3c /Applications/ArmGNUToolchain/14.2.rel1/arm-none-eabi/bin/../lib/gcc/arm-none-eabi/14.2.1/thumb/v6-m/nofp/libgcc.a(muldf3.o)
 .debug_frame   0x0000324c       0x3c /Applications/ArmGNUToolchain/14.2.rel1/arm-none-eabi/bin/../lib/gcc/arm-none-eabi/14.2.1/thumb/v6-m/nofp/libgcc.a(subdf3.o)
 .debug_frame   0x00003288       0x30 /Applications/ArmGNUToolchain/14.2.rel1/arm-none-eabi/bin/../lib/gcc/arm-none-eabi/14.2.1/thumb/v6-m/nofp/libgcc.a(fixdfsi.o)
 .debug_frame   0x000032b8       0x2c /Applications/ArmGNUToolchain/14.2.rel1/arm-none-eabi/bin/../lib/gcc/arm-none-eabi/14.2.1/thumb/v6-m/nofp/libgcc.a(floatsidf.o)
 .debug_frame   0x000032e4       0x38 /Applications/ArmGNUToolchain/14.2.rel1/arm-none-eabi/bin/../lib/gcc/arm-none-eabi/14.2.1/thumb/v6-m/nofp/libgcc.a(eqdf2.o)
 .debug_frame   0x0000331c       0x3c /Applications/ArmGNUToolchain/14.2.rel1/arm-none-eabi/bin/../lib/gcc/arm-none-eabi/14.2.1/thumb/v6-m/nofp/libgcc.a(gedf2.o)
 .debug_frame   0x00003358       0x3c /Applications/ArmGNUToolchain/14.2.rel1/arm-none-eabi/bin/../lib/gcc/arm-none-eabi/14.2.1/thumb/v6-m/nofp/libgcc.a(ledf2.o)

.debug_line_str
                0x00000000      0x1ce
 .debug_line_str
                0x00000000      0x1ce /Applications/ArmGNUToolchain/14.2.rel1/arm-none-eabi/bin/../lib/gcc/arm-none-eabi/14.2.1/../../../../arm-none-eabi/lib/thumb/v6-m/nofp/libc_nano.a(libc_a-strlen.o)
                                 0xf0 (size before relaxing)
 .debug_line_str
                0x000001ce       0xd2 /Applications/ArmGNUToolchain/14.2.rel1/arm-none-eabi/bin/../lib/gcc/arm-none-eabi/14.2.1/thumb/v6-m/nofp/libgcc.a(_thumb1_case_shi.o)
 .debug_line_str
                0x000001ce       0xd2 /Applications/ArmGNUToolchain/14.2.rel1/arm-none-eabi/bin/../lib/gcc/arm-none-eabi/14.2.1/thumb/v6-m/nofp/libgcc.a(_udivsi3.o)
 .debug_line_str
                0x000001ce       0xd2 /Applications/ArmGNUToolchain/14.2.rel1/arm-none-eabi/bin/../lib/gcc/arm-none-eabi/14.2.1/thumb/v6-m/nofp/libgcc.a(_divsi3.o)
 .debug_line_str
                0x000001ce       0xd2 /Applications/ArmGNUToolchain/14.2.rel1/arm-none-eabi/bin/../lib/gcc/arm-none-eabi/14.2.1/thumb/v6-m/nofp/libgcc.a(_dvmd_tls.o)
 .debug_line_str
                0x000001ce       0xd2 /Applications/ArmGNUToolchain/14.2.rel1/arm-none-eabi/bin/../lib/gcc/arm-none-eabi/14.2.1/thumb/v6-m/nofp/libgcc.a(_arm_cmpdf2.o)
 .debug_line_str
                0x000001ce       0xd2 /Applications/ArmGNUToolchain/14.2.rel1/arm-none-eabi/bin/../lib/gcc/arm-none-eabi/14.2.1/thumb/v6-m/nofp/libgcc.a(_clzsi2.o)

Cross Reference Table

Symbol                                            File
ADC1_IRQHandler                                   build/startup_stm32f030x8.o
AHBPrescTable                                     build/system_stm32f0xx.o
                                                  build/stm32f0xx_hal_rcc.o
APBPrescTable                                     build/system_stm32f0xx.o
                                                  build/stm32f0xx_hal_rcc.o
DMA1_Channel1_IRQHandler                          build/startup_stm32f030x8.o
DMA1_Channel2_3_IRQHandler                        build/startup_stm32f030x8.o
DMA1_Channel4_5_IRQHandler                        build/startup_stm32f030x8.o
Default_Handler                                   build/startup_stm32f030x8.o
EXTI0_1_IRQHandler                                build/stm32f0xx_it.o
EXTI2_3_IRQHandler                                build/startup_stm32f030x8.o
EXTI4_15_IRQHandler                               build/stm32f0xx_it.o
Error_Handler                                     build/main.o
FLASH_IRQHandler                                  build/startup_stm32f030x8.o
FLASH_PageErase                                   build/stm32f0xx_hal_flash_ex.o
                                                  build/stm32f0xx_hal_flash.o
FLASH_WaitForLastOperation                        build/stm32f0xx_hal_flash.o
                                                  build/stm32f0xx_hal_flash_ex.o
HAL_DBGMCU_DisableDBGStandbyMode                  build/stm32f0xx_hal.o
HAL_DBGMCU_DisableDBGStopMode                     build/stm32f0xx_hal.o
HAL_DBGMCU_EnableDBGStandbyMode                   build/stm32f0xx_hal.o
HAL_DBGMCU_EnableDBGStopMode                      build/stm32f0xx_hal.o
HAL_DMA_Abort                                     build/stm32f0xx_hal_dma.o
                                                  build/stm32f0xx_hal_uart.o
HAL_DMA_Abort_IT                                  build/stm32f0xx_hal_dma.o
                                                  build/stm32f0xx_hal_uart.o
                                                  build/stm32f0xx_hal_tim_ex.o
                                                  build/stm32f0xx_hal_tim.o
                                                  build/stm32f0xx_hal_i2c.o
HAL_DMA_DeInit                                    build/stm32f0xx_hal_dma.o
HAL_DMA_GetError                                  build/stm32f0xx_hal_dma.o
                                                  build/stm32f0xx_hal_uart.o
HAL_DMA_GetState                                  build/stm32f0xx_hal_dma.o
                                                  build/stm32f0xx_hal_i2c.o
HAL_DMA_IRQHandler                                build/stm32f0xx_hal_dma.o
HAL_DMA_Init                                      build/stm32f0xx_hal_dma.o
HAL_DMA_PollForTransfer                           build/stm32f0xx_hal_dma.o
HAL_DMA_RegisterCallback                          build/stm32f0xx_hal_dma.o
HAL_DMA_Start                                     build/stm32f0xx_hal_dma.o
HAL_DMA_Start_IT                                  build/stm32f0xx_hal_dma.o
                                                  build/stm32f0xx_hal_uart.o
                                                  build/stm32f0xx_hal_tim_ex.o
                                                  build/stm32f0xx_hal_tim.o
                                                  build/stm32f0xx_hal_i2c.o
HAL_DMA_UnRegisterCallback                        build/stm32f0xx_hal_dma.o
HAL_DeInit                                        build/stm32f0xx_hal.o
HAL_Delay                                         build/stm32f0xx_hal.o
                                                  build/state_machine.o
                                                  build/led_controller.o
                                                  build/haptic_feedback_controller.o
                                                  build/main.o
HAL_EXTI_ClearConfigLine                          build/stm32f0xx_hal_exti.o
HAL_EXTI_ClearPending                             build/stm32f0xx_hal_exti.o
HAL_EXTI_GenerateSWI                              build/stm32f0xx_hal_exti.o
HAL_EXTI_GetConfigLine                            build/stm32f0xx_hal_exti.o
HAL_EXTI_GetHandle                                build/stm32f0xx_hal_exti.o
HAL_EXTI_GetPending                               build/stm32f0xx_hal_exti.o
HAL_EXTI_IRQHandler                               build/stm32f0xx_hal_exti.o
HAL_EXTI_RegisterCallback                         build/stm32f0xx_hal_exti.o
HAL_EXTI_SetConfigLine                            build/stm32f0xx_hal_exti.o
HAL_FLASHEx_Erase                                 build/stm32f0xx_hal_flash_ex.o
HAL_FLASHEx_Erase_IT                              build/stm32f0xx_hal_flash_ex.o
HAL_FLASHEx_OBErase                               build/stm32f0xx_hal_flash_ex.o
HAL_FLASHEx_OBGetConfig                           build/stm32f0xx_hal_flash_ex.o
HAL_FLASHEx_OBGetUserData                         build/stm32f0xx_hal_flash_ex.o
HAL_FLASHEx_OBProgram                             build/stm32f0xx_hal_flash_ex.o
HAL_FLASH_EndOfOperationCallback                  build/stm32f0xx_hal_flash.o
HAL_FLASH_GetError                                build/stm32f0xx_hal_flash.o
HAL_FLASH_IRQHandler                              build/stm32f0xx_hal_flash.o
HAL_FLASH_Lock                                    build/stm32f0xx_hal_flash.o
HAL_FLASH_OB_Launch                               build/stm32f0xx_hal_flash.o
HAL_FLASH_OB_Lock                                 build/stm32f0xx_hal_flash.o
HAL_FLASH_OB_Unlock                               build/stm32f0xx_hal_flash.o
HAL_FLASH_OperationErrorCallback                  build/stm32f0xx_hal_flash.o
HAL_FLASH_Program                                 build/stm32f0xx_hal_flash.o
HAL_FLASH_Program_IT                              build/stm32f0xx_hal_flash.o
HAL_FLASH_Unlock                                  build/stm32f0xx_hal_flash.o
HAL_GPIO_DeInit                                   build/stm32f0xx_hal_gpio.o
                                                  build/stm32f0xx_hal_msp.o
HAL_GPIO_EXTI_Callback                            build/main.o
HAL_GPIO_EXTI_IRQHandler                          build/stm32f0xx_hal_gpio.o
                                                  build/stm32f0xx_it.o
HAL_GPIO_Init                                     build/stm32f0xx_hal_gpio.o
                                                  build/stm32f0xx_hal_rcc.o
                                                  build/stm32f0xx_hal_msp.o
                                                  build/main.o
HAL_GPIO_LockPin                                  build/stm32f0xx_hal_gpio.o
HAL_GPIO_ReadPin                                  build/stm32f0xx_hal_gpio.o
                                                  build/button_controller.o
HAL_GPIO_TogglePin                                build/stm32f0xx_hal_gpio.o
HAL_GPIO_WritePin                                 build/stm32f0xx_hal_gpio.o
                                                  build/haptic_feedback_controller.o
                                                  build/main.o
HAL_GetDEVID                                      build/stm32f0xx_hal.o
HAL_GetHalVersion                                 build/stm32f0xx_hal.o
HAL_GetREVID                                      build/stm32f0xx_hal.o
HAL_GetTick                                       build/stm32f0xx_hal.o
                                                  build/stm32f0xx_hal_uart_ex.o
                                                  build/stm32f0xx_hal_uart.o
                                                  build/stm32f0xx_hal_flash.o
                                                  build/stm32f0xx_hal_dma.o
                                                  build/stm32f0xx_hal_i2c.o
                                                  build/stm32f0xx_hal_rcc_ex.o
                                                  build/stm32f0xx_hal_rcc.o
                                                  build/button_controller.o
HAL_GetTickFreq                                   build/stm32f0xx_hal.o
HAL_GetTickPrio                                   build/stm32f0xx_hal.o
HAL_GetUIDw0                                      build/stm32f0xx_hal.o
HAL_GetUIDw1                                      build/stm32f0xx_hal.o
HAL_GetUIDw2                                      build/stm32f0xx_hal.o
HAL_HalfDuplex_EnableReceiver                     build/stm32f0xx_hal_uart.o
HAL_HalfDuplex_EnableTransmitter                  build/stm32f0xx_hal_uart.o
HAL_HalfDuplex_Init                               build/stm32f0xx_hal_uart.o
HAL_I2CEx_ConfigAnalogFilter                      build/stm32f0xx_hal_i2c_ex.o
                                                  build/main.o
HAL_I2CEx_ConfigDigitalFilter                     build/stm32f0xx_hal_i2c_ex.o
                                                  build/main.o
HAL_I2CEx_DisableFastModePlus                     build/stm32f0xx_hal_i2c_ex.o
HAL_I2CEx_EnableFastModePlus                      build/stm32f0xx_hal_i2c_ex.o
HAL_I2C_AbortCpltCallback                         build/stm32f0xx_hal_i2c.o
HAL_I2C_AddrCallback                              build/stm32f0xx_hal_i2c.o
HAL_I2C_DeInit                                    build/stm32f0xx_hal_i2c.o
HAL_I2C_DisableListen_IT                          build/stm32f0xx_hal_i2c.o
HAL_I2C_ER_IRQHandler                             build/stm32f0xx_hal_i2c.o
HAL_I2C_EV_IRQHandler                             build/stm32f0xx_hal_i2c.o
HAL_I2C_EnableListen_IT                           build/stm32f0xx_hal_i2c.o
HAL_I2C_ErrorCallback                             build/stm32f0xx_hal_i2c.o
HAL_I2C_GetError                                  build/stm32f0xx_hal_i2c.o
HAL_I2C_GetMode                                   build/stm32f0xx_hal_i2c.o
HAL_I2C_GetState                                  build/stm32f0xx_hal_i2c.o
HAL_I2C_Init                                      build/stm32f0xx_hal_i2c.o
                                                  build/main.o
HAL_I2C_IsDeviceReady                             build/stm32f0xx_hal_i2c.o
HAL_I2C_ListenCpltCallback                        build/stm32f0xx_hal_i2c.o
HAL_I2C_MasterRxCpltCallback                      build/stm32f0xx_hal_i2c.o
HAL_I2C_MasterTxCpltCallback                      build/stm32f0xx_hal_i2c.o
HAL_I2C_Master_Abort_IT                           build/stm32f0xx_hal_i2c.o
HAL_I2C_Master_Receive                            build/stm32f0xx_hal_i2c.o
                                                  build/haptic_feedback_controller.o
HAL_I2C_Master_Receive_DMA                        build/stm32f0xx_hal_i2c.o
HAL_I2C_Master_Receive_IT                         build/stm32f0xx_hal_i2c.o
HAL_I2C_Master_Seq_Receive_DMA                    build/stm32f0xx_hal_i2c.o
HAL_I2C_Master_Seq_Receive_IT                     build/stm32f0xx_hal_i2c.o
HAL_I2C_Master_Seq_Transmit_DMA                   build/stm32f0xx_hal_i2c.o
HAL_I2C_Master_Seq_Transmit_IT                    build/stm32f0xx_hal_i2c.o
HAL_I2C_Master_Transmit                           build/stm32f0xx_hal_i2c.o
                                                  build/haptic_feedback_controller.o
HAL_I2C_Master_Transmit_DMA                       build/stm32f0xx_hal_i2c.o
HAL_I2C_Master_Transmit_IT                        build/stm32f0xx_hal_i2c.o
HAL_I2C_MemRxCpltCallback                         build/stm32f0xx_hal_i2c.o
HAL_I2C_MemTxCpltCallback                         build/stm32f0xx_hal_i2c.o
HAL_I2C_Mem_Read                                  build/stm32f0xx_hal_i2c.o
                                                  build/accelerometer_controller.o
HAL_I2C_Mem_Read_DMA                              build/stm32f0xx_hal_i2c.o
HAL_I2C_Mem_Read_IT                               build/stm32f0xx_hal_i2c.o
HAL_I2C_Mem_Write                                 build/stm32f0xx_hal_i2c.o
                                                  build/accelerometer_controller.o
HAL_I2C_Mem_Write_DMA                             build/stm32f0xx_hal_i2c.o
HAL_I2C_Mem_Write_IT                              build/stm32f0xx_hal_i2c.o
HAL_I2C_MspDeInit                                 build/stm32f0xx_hal_msp.o
HAL_I2C_MspInit                                   build/stm32f0xx_hal_msp.o
HAL_I2C_SlaveRxCpltCallback                       build/stm32f0xx_hal_i2c.o
HAL_I2C_SlaveTxCpltCallback                       build/stm32f0xx_hal_i2c.o
HAL_I2C_Slave_Receive                             build/stm32f0xx_hal_i2c.o
HAL_I2C_Slave_Receive_DMA                         build/stm32f0xx_hal_i2c.o
HAL_I2C_Slave_Receive_IT                          build/stm32f0xx_hal_i2c.o
HAL_I2C_Slave_Seq_Receive_DMA                     build/stm32f0xx_hal_i2c.o
HAL_I2C_Slave_Seq_Receive_IT                      build/stm32f0xx_hal_i2c.o
HAL_I2C_Slave_Seq_Transmit_DMA                    build/stm32f0xx_hal_i2c.o
HAL_I2C_Slave_Seq_Transmit_IT                     build/stm32f0xx_hal_i2c.o
HAL_I2C_Slave_Transmit                            build/stm32f0xx_hal_i2c.o
HAL_I2C_Slave_Transmit_DMA                        build/stm32f0xx_hal_i2c.o
HAL_I2C_Slave_Transmit_IT                         build/stm32f0xx_hal_i2c.o
HAL_IncTick                                       build/stm32f0xx_hal.o
                                                  build/stm32f0xx_it.o
HAL_Init                                          build/stm32f0xx_hal.o
                                                  build/main.o
HAL_InitTick                                      build/stm32f0xx_hal.o
                                                  build/stm32f0xx_hal_rcc.o
HAL_MspDeInit                                     build/stm32f0xx_hal.o
HAL_MspInit                                       build/stm32f0xx_hal_msp.o
HAL_MultiProcessorEx_AddressLength_Set            build/stm32f0xx_hal_uart_ex.o
HAL_MultiProcessor_DisableMuteMode                build/stm32f0xx_hal_uart.o
HAL_MultiProcessor_EnableMuteMode                 build/stm32f0xx_hal_uart.o
HAL_MultiProcessor_EnterMuteMode                  build/stm32f0xx_hal_uart.o
HAL_MultiProcessor_Init                           build/stm32f0xx_hal_uart.o
HAL_NVIC_ClearPendingIRQ                          build/stm32f0xx_hal_cortex.o
HAL_NVIC_DisableIRQ                               build/stm32f0xx_hal_cortex.o
HAL_NVIC_EnableIRQ                                build/stm32f0xx_hal_cortex.o
                                                  build/main.o
HAL_NVIC_GetPendingIRQ                            build/stm32f0xx_hal_cortex.o
HAL_NVIC_GetPriority                              build/stm32f0xx_hal_cortex.o
HAL_NVIC_SetPendingIRQ                            build/stm32f0xx_hal_cortex.o
HAL_NVIC_SetPriority                              build/stm32f0xx_hal_cortex.o
                                                  build/stm32f0xx_hal.o
                                                  build/main.o
HAL_NVIC_SystemReset                              build/stm32f0xx_hal_cortex.o
HAL_PWR_DeInit                                    build/stm32f0xx_hal_pwr.o
HAL_PWR_DisableBkUpAccess                         build/stm32f0xx_hal_pwr.o
HAL_PWR_DisableSEVOnPend                          build/stm32f0xx_hal_pwr.o
HAL_PWR_DisableSleepOnExit                        build/stm32f0xx_hal_pwr.o
HAL_PWR_DisableWakeUpPin                          build/stm32f0xx_hal_pwr.o
HAL_PWR_EnableBkUpAccess                          build/stm32f0xx_hal_pwr.o
HAL_PWR_EnableSEVOnPend                           build/stm32f0xx_hal_pwr.o
HAL_PWR_EnableSleepOnExit                         build/stm32f0xx_hal_pwr.o
HAL_PWR_EnableWakeUpPin                           build/stm32f0xx_hal_pwr.o
HAL_PWR_EnterSLEEPMode                            build/stm32f0xx_hal_pwr.o
HAL_PWR_EnterSTANDBYMode                          build/stm32f0xx_hal_pwr.o
HAL_PWR_EnterSTOPMode                             build/stm32f0xx_hal_pwr.o
HAL_RCCEx_GetPeriphCLKConfig                      build/stm32f0xx_hal_rcc_ex.o
HAL_RCCEx_GetPeriphCLKFreq                        build/stm32f0xx_hal_rcc_ex.o
HAL_RCCEx_PeriphCLKConfig                         build/stm32f0xx_hal_rcc_ex.o
                                                  build/main.o
HAL_RCC_CSSCallback                               build/stm32f0xx_hal_rcc.o
HAL_RCC_ClockConfig                               build/stm32f0xx_hal_rcc.o
                                                  build/main.o
HAL_RCC_DeInit                                    build/stm32f0xx_hal_rcc.o
HAL_RCC_DisableCSS                                build/stm32f0xx_hal_rcc.o
HAL_RCC_EnableCSS                                 build/stm32f0xx_hal_rcc.o
HAL_RCC_GetClockConfig                            build/stm32f0xx_hal_rcc.o
HAL_RCC_GetHCLKFreq                               build/stm32f0xx_hal_rcc.o
HAL_RCC_GetOscConfig                              build/stm32f0xx_hal_rcc.o
HAL_RCC_GetPCLK1Freq                              build/stm32f0xx_hal_rcc.o
                                                  build/stm32f0xx_hal_uart.o
                                                  build/stm32f0xx_hal_rcc_ex.o
HAL_RCC_GetSysClockFreq                           build/stm32f0xx_hal_rcc.o
                                                  build/stm32f0xx_hal_uart.o
                                                  build/stm32f0xx_hal_rcc_ex.o
HAL_RCC_MCOConfig                                 build/stm32f0xx_hal_rcc.o
HAL_RCC_NMI_IRQHandler                            build/stm32f0xx_hal_rcc.o
HAL_RCC_OscConfig                                 build/stm32f0xx_hal_rcc.o
                                                  build/main.o
HAL_RS485Ex_Init                                  build/stm32f0xx_hal_uart_ex.o
HAL_ResumeTick                                    build/stm32f0xx_hal.o
HAL_SYSTICK_CLKSourceConfig                       build/stm32f0xx_hal_cortex.o
HAL_SYSTICK_Callback                              build/stm32f0xx_hal_cortex.o
HAL_SYSTICK_Config                                build/stm32f0xx_hal_cortex.o
                                                  build/stm32f0xx_hal.o
HAL_SYSTICK_IRQHandler                            build/stm32f0xx_hal_cortex.o
HAL_SetTickFreq                                   build/stm32f0xx_hal.o
HAL_SuspendTick                                   build/stm32f0xx_hal.o
HAL_TIMEx_BreakCallback                           build/stm32f0xx_hal_tim_ex.o
                                                  build/stm32f0xx_hal_tim.o
HAL_TIMEx_CommutCallback                          build/stm32f0xx_hal_tim_ex.o
                                                  build/stm32f0xx_hal_tim.o
HAL_TIMEx_CommutHalfCpltCallback                  build/stm32f0xx_hal_tim_ex.o
HAL_TIMEx_ConfigBreakDeadTime                     build/stm32f0xx_hal_tim_ex.o
                                                  build/main.o
HAL_TIMEx_ConfigCommutEvent                       build/stm32f0xx_hal_tim_ex.o
HAL_TIMEx_ConfigCommutEvent_DMA                   build/stm32f0xx_hal_tim_ex.o
HAL_TIMEx_ConfigCommutEvent_IT                    build/stm32f0xx_hal_tim_ex.o
HAL_TIMEx_GetChannelNState                        build/stm32f0xx_hal_tim_ex.o
HAL_TIMEx_HallSensor_DeInit                       build/stm32f0xx_hal_tim_ex.o
HAL_TIMEx_HallSensor_GetState                     build/stm32f0xx_hal_tim_ex.o
HAL_TIMEx_HallSensor_Init                         build/stm32f0xx_hal_tim_ex.o
HAL_TIMEx_HallSensor_MspDeInit                    build/stm32f0xx_hal_tim_ex.o
HAL_TIMEx_HallSensor_MspInit                      build/stm32f0xx_hal_tim_ex.o
HAL_TIMEx_HallSensor_Start                        build/stm32f0xx_hal_tim_ex.o
HAL_TIMEx_HallSensor_Start_DMA                    build/stm32f0xx_hal_tim_ex.o
HAL_TIMEx_HallSensor_Start_IT                     build/stm32f0xx_hal_tim_ex.o
HAL_TIMEx_HallSensor_Stop                         build/stm32f0xx_hal_tim_ex.o
HAL_TIMEx_HallSensor_Stop_DMA                     build/stm32f0xx_hal_tim_ex.o
HAL_TIMEx_HallSensor_Stop_IT                      build/stm32f0xx_hal_tim_ex.o
HAL_TIMEx_MasterConfigSynchronization             build/stm32f0xx_hal_tim_ex.o
HAL_TIMEx_OCN_Start                               build/stm32f0xx_hal_tim_ex.o
HAL_TIMEx_OCN_Start_DMA                           build/stm32f0xx_hal_tim_ex.o
HAL_TIMEx_OCN_Start_IT                            build/stm32f0xx_hal_tim_ex.o
HAL_TIMEx_OCN_Stop                                build/stm32f0xx_hal_tim_ex.o
HAL_TIMEx_OCN_Stop_DMA                            build/stm32f0xx_hal_tim_ex.o
HAL_TIMEx_OCN_Stop_IT                             build/stm32f0xx_hal_tim_ex.o
HAL_TIMEx_OnePulseN_Start                         build/stm32f0xx_hal_tim_ex.o
HAL_TIMEx_OnePulseN_Start_IT                      build/stm32f0xx_hal_tim_ex.o